
> blancherenaudin-monorepo@0.0.0 build C:\Users\thoma\OneDrive\SONEAR_2025\blancherenaudin-monorepo
> turbo run build "--filter=storefront"

turbo 2.5.8

ÔÇó Packages in scope: storefront
ÔÇó Running build in 1 packages
ÔÇó Remote caching disabled
@repo/database:build: cache hit, replaying logs b3b263ea92e5cec7
@repo/database:build: 
@repo/database:build: > @repo/database@0.0.0 build C:\Users\thoma\OneDrive\SONEAR_2025\blancherenaudin-monorepo\packages\database
@repo/database:build: > tsc --build
@repo/database:build: 
storefront:build: cache miss, executing b09c3ab3f8e678f7
storefront:build: 
storefront:build: > storefront@0.0.0 build C:\Users\thoma\OneDrive\SONEAR_2025\blancherenaudin-monorepo\apps\storefront
storefront:build: > next build
storefront:build: 
storefront:build:    Ôû▓ Next.js 15.5.6
storefront:build:    - Environments: .env.local
storefront:build:    - Experiments (use with caution):
storefront:build:      ┬À serverActions
storefront:build: 
storefront:build:    Creating an optimized production build ...
storefront:build: Failed to compile.
storefront:build: 
storefront:build: ./app/collections/[slug]/product-grid-client.tsx
storefront:build: Module not found: Package path ./button is not exported from package C:\Users\thoma\OneDrive\SONEAR_2025\blancherenaudin-monorepo\apps\storefront\node_modules\@repo\ui (see exports field in C:\Users\thoma\OneDrive\SONEAR_2025\blancherenaudin-monorepo\apps\storefront\node_modules\@repo\ui\package.json)
storefront:build: 
storefront:build: https://nextjs.org/docs/messages/module-not-found
storefront:build: 
storefront:build: ./app/collections/page.tsx
storefront:build: Module not found: Can't resolve '@/components/layout/UnifiedHeader'
storefront:build: 
storefront:build: https://nextjs.org/docs/messages/module-not-found
storefront:build: 
storefront:build: ./app/product/[id]/ProductDetailClient.tsx
storefront:build: Module not found: Package path ./button is not exported from package C:\Users\thoma\OneDrive\SONEAR_2025\blancherenaudin-monorepo\apps\storefront\node_modules\@repo\ui (see exports field in C:\Users\thoma\OneDrive\SONEAR_2025\blancherenaudin-monorepo\apps\storefront\node_modules\@repo\ui\package.json)
storefront:build: 
storefront:build: https://nextjs.org/docs/messages/module-not-found
storefront:build: 
storefront:build: ./app/product/[id]/ProductDetailClient.tsx
storefront:build: Module not found: Can't resolve '@/lib/image-helpers'
storefront:build: 
storefront:build: https://nextjs.org/docs/messages/module-not-found
storefront:build: 
storefront:build: ./app/studio/[[...index]]/page.tsx
storefront:build: Module not found: C:\Users\thoma\OneDrive\SONEAR_2025\blancherenaudin-monorepo\package.json (directory description file): SyntaxC:\Users\thoma\OneDrive\SONEAR_2025\blancherenaudin-monorepo\package.json (directory description file): SyntaxError: C:\Users\thoma\OneDrive\SONEAR_2025\blancherenaudin-monorepo\package.json (directory description file): SyntaxError: C:\Users\thoma\OneDrive\SONEAR_2025\blancherenaudin-monorepo\package.json (directory description file): SyntaxError: C:\Users\thoma\OneDrive\SONEAR_2025\blancherenaudin-monorepo\package.json (directory description file): SyntaxError: C:\Users\thoma\OneDrive\SONEAR_2025\blancherenaudin-monorepo\package.json (directory description file): SyntaxError: C:\Users\thoma\OneDrive\SONEAR_2025\blancherenaudin-monorepo\package.json (directory description file): SyntaxError: C:\Users\thoma\OneDrive\SONEAR_2025\blancherenaudin-monorepo\package.json (directory description file): SyntaxError: C:\Users\thoma\OneDrive\SONEAR_2025\blancherenaudin-monorepo\package.json (directory description file): SyntaxError: C:\Users\thoma\OneDrive\SONEAR_2025\blancherenaudin-monorepo\package.json (directory description file): SyntaxError: C:\Users\thoma\OneDrive\SONEAR_2025\blancherenaudin-monorepo\package.json (directory description file): SyntaxError: C:\Users\thoma\OneDrive\SONEAR_2025\blancherenaudin-monorepo\package.json (directory description file): SyntaxError: C:\Users\thoma\OneDrive\SONEAR_2025\blancherenaudin-monorepo\package.json (directory description file): SyntaxError: C:\Users\thoma\OneDrive\SONEAR_2025\blancherenaudin-monorepo\package.json (directory description file): SyntaxError: C:\Users\thoma\OneDrive\SONEAR_2025\blancherenaudin-monorepo\package.json (directory description file): SyntaxError: C:\Users\thoma\OneDrive\SONEAR_2025\blancherenaudin-monorepo\package.json (directory description file): SyntaxError: C:\Users\thoma\OneDrive\SONEAR_2025\blancherenaudin-monorepo\package.json (directory description file): SyntaxError: C:\Users\thoma\OneDrive\SONEAR_2025\blancherenaudin-monorepo\package.json (directory description file): SyntaxError: C:\Users\thoma\OneDrive\SONEAR_2025\blancherenaudin-monorepo\package.json (directory description file): SyntaxError: C:\Users\thoma\OneDrive\SONEAR_2025\blancherenaudin-monorepo\package.json (directory description file): SyntaxError: C:\Users\thoma\OneDrive\SONEAR_2025\blancherenaudin-monorepo\package.json (directory description file): SyntaxError: C:\Users\thoma\OneDrive\SONEAR_2025\blancherenaudin-monorepo\package.json (directory description file): SyntaxError: C:\Users\thoma\OneDrive\SONEAR_2025\blancherenaudin-monorepo\package.json (directory description file): SyntaxError: C:\Users\thoma\OneDrive\SONEAR_2025\blancherenaudin-monorepo\package.json (directory description file): SyntaxError: C:\Users\thoma\OneDrive\SONEAR_2025\blancherenaudin-monorepo\package.json (directory description file): SyntaxError: C:\Users\thoma\OneDrive\SONEAR_2025\blancherenaudin-monorepo\package.json (directory description file): SyntaxError: C:\Users\thoma\OneDrive\SONEAR_2025\blancherenaudin-monorepo\package.json (directory description file): SyntaxError: C:\Users\thoma\OneDrive\SONEAR_2025\blancherenaudin-monorepo\package.json (directory description file): SyntaxError: C:\Users\thoma\OneDrive\SONEAR_2025\blancherenaudin-monorepo\package.json (directory description file): SyntaxError: C:\Users\thoma\OneDrive\SONEAR_2025\blancherenaudin-monorepo\package.json (directory description file): SyntaxError: C:\Users\thoma\OneDrive\SONEAR_2025\blancherenaudin-monorepo\package.json (directory description file): SyntaxError: C:\Users\thoma\OneDrive\SONEAR_2025\blancherenaudin-monorepo\package.json (directory description file): SyntaxError: C:\Users\thoma\OneDrive\SONEAR_2025\blancherenaudin-monorepo\package.json (directory description file): SyntaxError: C:\Users\thoma\OneDrive\SONEAR_2025\blancherenaudin-monorepo\package.json (directory description file): SyntaxError: C:\Users\thoma\OneDrive\SONEAR_2025\blancherenaudin-monorepo\package.json (directory description file): SyntaxError: C:\Users\thoma\OneDrive\SONEAR_2025\blancherenaudin-monorepo\package.json (directory description file): SyntaxError: C:\Users\thoma\OneDrive\SONEAR_2025\blancherenaudin-monorepo\package.json (directory description file): SyntaxError: C:\Users\thoma\OneDrive\SONEAR_2025\blancherenaudin-monorepo\package.json (directory description file): SyntaxError: C:\Users\thoma\OneDrive\SONEAR_2025\blancherenaudin-monorepo\package.json (directory description file): SyntaxError: C:\Users\thoma\OneDrive\SONEAR_2025\blancherenaudin-monorepo\package.json (directory description file): SyntaxError: C:\Users\thoma\OneDrive\SONEAR_2025\blancherenaudin-monorepo\package.json (directory description file): SyntaxError: C:\Users\thoma\OneDrive\SONEAR_2025\blancherenaudin-monorepo\package.json (directory description file): SyntaxError: C:\Users\thoma\OneDrive\SONEAR_2025\blancherenaudin-monorepo\package.json (directory description file): SyntaxError: C:\Users\thoma\OneDrive\SONEAR_2025\blancherenaudin-monorepo\package.json (directory description file): SyntaxError: C:\Users\thoma\OneDrive\SONEAR_2025\blancherenaudin-monorepo\package.json (directory description file): SyntaxError: C:\Users\thoma\OneDrive\SONEAR_2025\blancherenaudin-monorepo\package.json (directory description file): SyntaxError: C:\Users\thoma\OneDrive\SONEAR_2025\blancherenaudin-monorepo\package.json (directory description file): SyntaxError: C:\Users\thoma\OneDrive\SONEAR_2025\blancherenaudin-monorepo\package.json (directory description file): SyntaxError: C:\Users\thoma\OneDrive\SONEAR_2025\blancherenaudin-monorepo\package.json (directory description file): SyntaxError: C:\Users\thoma\OneDrive\SONEAR_2025\blancherenaudin-monorepo\package.json (directory description file): SyntaxError: C:\Users\thoma\OneDrive\SONEAR_2025\blancherenaudin-monorepo\package.json (directory description file): SyntaxError: C:\Users\thoma\OneDrive\SONEAR_2025\blancherenaudin-monorepo\package.json (directory description file): SyntaxError: C:\Users\thoma\OneDrive\SONEAR_2025\blancherenaudin-monorepo\package.json (directory description file): SyntaxError: C:\Users\thoma\OneDrive\SONEAR_2025\blancherenaudin-monorepo\package.json (directory description file): SyntaxError: C:\Users\thoma\OneDrive\SONEAR_2025\blancherenaudin-monorepo\package.json (directory description file): SyntaxError: C:\Users\thoma\OneDrive\SONEAR_2025\blancherenaudin-monorepo\package.json (directory description file): SyntaxError: C:\Users\thoma\OneDrive\SONEAR_2025\blancherenaudin-monorepo\package.json (directory description file): SyntaxError: C:\Users\thoma\OneDrive\SONEAR_2025\blancherenaudin-monorepo\package.json (directory description file): SyntaxError: C:\Users\thoma\OneDrive\SONEAR_2025\blancherenaudin-monorepo\package.json (directory description file): SyntaxError: C:\Users\thoma\OneDrive\SONEAR_2025\blancherenaudin-monorepo\package.json (directory description file): SyntaxError: C:\Users\thoma\OneDrive\SONEAR_2025\blancherenaudin-monorepo\package.json (directory description file): SyntaxError: C:\Users\thoma\OneDrive\SONEAR_2025\blancherenaudin-monorepo\package.json (directory description file): SyntaxError: C:\Users\thoma\OneDrive\SONEAR_2025\blancherenaudin-monorepo\package.json (directory description file): SyntaxError: C:\Users\thoma\OneDrive\SONEAR_2025\blancherenaudin-monorepo\package.json (directory description file): SyntaxError: C:\Users\thoma\OneDrive\SONEAR_2025\blancherenaudin-monorepo\package.json (directory description file): SyntaxError: C:\Users\thoma\OneDrive\SONEAR_2025\blancherenaudin-monorepo\package.json (directory description file): SyntaxError: C:\Users\thoma\OneDrive\SONEAR_2025\blancherenaudin-monorepo\package.json (directory description file): SyntaxError: C:\Users\thoma\OneDrive\SONEAR_2025\blancherenaudin-monorepo\package.json (directory description file): SyntaxError: C:\Users\thoma\OneDrive\SONEAR_2025\blancherenaudin-monorepo\package.json (directory description file): SyntaxError: C:\Users\thoma\OneDrive\SONEAR_2025\blancherenaudin-monorepo\package.json (directory description file): SyntaxError: C:\Users\thoma\OneDrive\SONEAR_2025\blancherenaudin-monorepo\package.json (directory description file): SyntaxError: C:\Users\thoma\OneDrive\SONEAR_2025\blancherenaudin-monorepo\package.json (directory description file): SyntaxError: C:\Users\thoma\OneDrive\SONEAR_2025\blancherenaudin-monorepo\package.json (directory description file): SyntaxError: C:\Users\thoma\OneDrive\SONEAR_2025\blancherenaudin-monorepo\package.json (directory description file): SyntaxError: C:\Users\thoma\OneDrive\SONEAR_2025\blancherenaudin-monorepo\package.json (directory description file): SyntaxError: C:\Users\thoma\OneDrive\SONEAR_2025\blancherenaudin-monorepo\package.json (directory description file): SyntaxError: C:\Users\thoma\OneDrive\SONEAR_2025\blancherenaudin-monorepo\package.json (directory description file): SyntaxError: C:\Users\thoma\OneDrive\SONEAR_2025\blancherenaudin-monorepo\package.json (directory description file): SyntaxError: C:\Users\thoma\OneDrive\SONEAR_2025\blancherenaudin-monorepo\package.json (directory description file): SyntaxError: C:\Users\thoma\OneDrive\SONEAR_2025\blancherenaudin-monorepo\package.json (directory description file): SyntaxError: C:\Users\thoma\OneDrive\SONEAR_2025\blancherenaudin-monorepo\package.json (directory description file): SyntaxError: C:\Users\thoma\OneDrive\SONEAR_2025\blancherenaudin-monorepo\package.json (directory description file): SyntaxError: C:\Users\thoma\OneDrive\SONEAR_2025\blancherenaudin-monorepo\package.json (directory description file): SyntaxError: C:\Users\thoma\OneDrive\SONEAR_2025\blancherenaudin-monorepo\package.json (directory description file): SyntaxError: C:\Users\thoma\OneDrive\SONEAR_2025\blancherenaudin-monorepo\package.json (directory description file): SyntaxError: C:\Users\thoma\OneDrive\SONEAR_2025\blancherenaudin-monorepo\package.json (directory description file): SyntaxError: C:\Users\thoma\OneDrive\SONEAR_2025\blancherenaudin-monorepo\package.json (directory description file): SyntaxError: C:\Users\thoma\OneDrive\SONEAR_2025\blancherenaudin-monorepo\package.json (directory description file): SyntaxError: C:\Users\thoma\OneDrive\SONEAR_2025\blancherenaudin-monorepo\package.json (directory description file): SyntaxError: C:\Users\thoma\OneDrive\SONEAR_2025\blancherenaudin-monorepo\package.json (directory description file): SyntaxError: C:\Users\thoma\OneDrive\SONEAR_2025\blancherenaudin-monorepo\package.json (directory description file): SyntaxError: C:\Users\thoma\OneDrive\SONEAR_2025\blancherenaudin-monorepo\package.json (directory description file): SyntaxError: C:\Users\thoma\OneDrive\SONEAR_2025\blancherenaudin-monorepo\package.json (directory description file): SyntaxError: C:\Users\thoma\OneDrive\SONEAR_2025\blancherenaudin-monorepo\package.json (directory description file): SyntaxError: C:\Users\thoma\OneDrive\SONEAR_2025\blancherenaudin-monorepo\package.json (directory description file): SyntaxError: C:\Users\thoma\OneDrive\SONEAR_2025\blancherenaudin-monorepo\package.json (directory description file): SyntaxError: C:\Users\thoma\OneDrive\SONEAR_2025\blancherenaudin-monorepo\package.json (directory description file): SyntaxError: C:\Users\thoma\OneDrive\SONEAR_2025\blancherenaudin-monorepo\package.json (directory description file): SyntaxError: C:\Users\thoma\OneDrive\SONEAR_2025\blancherenaudin-monorepo\package.json (directory description file): SyntaxError: C:\Users\thoma\OneDrive\SONEAR_2025\blancherenaudin-monorepo\package.json (directory description file): SyntaxError: C:\Users\thoma\OneDrive\SONEAR_2025\blancherenaudin-monorepo\package.json (directory description file): SyntaxError: C:\Users\thoma\OneDrive\SONEAR_2025\blancherenaudin-monorepo\package.json (directory description file): SyntaxError: C:\Users\thoma\OneDrive\SONEAR_2025\blancherenaudin-monorepo\package.json (directory description file): SyntaxError: C:\Users\thoma\OneDrive\SONEAR_2025\blancherenaudin-monorepo\package.json (directory description file): SyntaxError: C:\Users\thoma\OneDrive\SONEAR_2025\blancherenaudin-monorepo\package.json (directory description file): SyntaxError: C:\Users\thoma\OneDrive\SONEAR_2025\blancherenaudin-monorepo\package.json (directory description file): SyntaxError: C:\Users\thoma\OneDrive\SONEAR_2025\blancherenaudin-monorepo\package.json (directory description file): SyntaxError: C:\Users\thoma\OneDrive\SONEAR_2025\blancherenaudin-monorepo\package.json (directory description file): SyntaxError: C:\Users\thoma\OneDrive\SONEAR_2025\blancherenaudin-monorepo\package.json (directory description file): SyntaxError: C:\Users\thoma\OneDrive\SONEAR_2025\blancherenaudin-monorepo\package.json (directory description file): SyntaxError: C:\Users\thoma\OneDrive\SONEAR_2025\blancherenaudin-monorepo\package.json (directory description file): SyntaxError: C:\Users\thoma\OneDrive\SONEAR_2025\blancherenaudin-monorepo\package.json (directory description file): SyntaxError: C:\Users\thoma\OneDrive\SONEAR_2025\blancherenaudin-monorepo\package.json (directory description file): SyntaxError: C:\Users\thoma\OneDrive\SONEAR_2025\blancherenaudin-monorepo\package.json (directory description file): SyntaxError: C:\Users\thoma\OneDrive\SONEAR_2025\blancherenaudin-monorepo\package.json (directory description file): SyntaxError: C:\Users\thoma\OneDrive\SONEAR_2025\blancherenaudin-monorepo\package.json (directory description file): SyntaxError: C:\Users\thoma\OneDrive\SONEAR_2025\blancherenaudin-monorepo\package.json (directory description file): SyntaxError: C:\Users\thoma\OneDrive\SONEAR_2025\blancherenaudin-monorepo\package.json (directory description file): SyntaxError: C:\Users\thoma\OneDrive\SONEAR_2025\blancherenaudin-monorepo\package.json (directory description file): SyntaxError: C:\Users\thoma\OneDrive\SONEAR_2025\blancherenaudin-monorepo\package.json (directory description file): SyntaxError: C:\Users\thoma\OneDrive\SONEAR_2025\blancherenaudin-monorepo\package.json (directory description file): SyntaxError: C:\Users\thoma\OneDrive\SONEAR_2025\blancherenaudin-monorepo\package.json (directory description file): SyntaxError: C:\Users\thoma\OneDrive\SONEAR_2025\blancherenaudin-monorepo\package.json (directory description file): SyntaxError: C:\Users\thoma\OneDrive\SONEAR_2025\blancherenaudin-monorepo\package.json (directory description file): SyntaxError: C:\Users\thoma\OneDrive\SONEAR_2025\blancherenaudin-monorepo\package.json (directory description file): SyntaxError: C:\Users\thoma\OneDrive\SONEAR_2025\blancherenaudin-monorepo\package.json (directory description file): SyntaxError: C:\Users\thoma\OneDrive\SONEAR_2025\blancherenaudin-monorepo\package.json (directory description file): SyntaxError: C:\Users\thoma\OneDrive\SONEAR_2025\blancherenaudin-monorepo\package.json (directory description file): SyntaxError: C:\Users\thoma\OneDrive\SONEAR_2025\blancherenaudin-monorepo\package.json (directory description file): SyntaxError: C:\Users\thoma\OneDrive\SONEAR_2025\blancherenaudin-monorepo\package.json (directory description file): SyntaxError: C:\Users\thoma\OneDrive\SONEAR_2025\blancherenaudin-monorepo\package.json (directory description file): SyntaxError: C:\Users\thoma\OneDrive\SONEAR_2025\blancherenaudin-monorepo\package.json (directory description file): SyntaxError: C:\Users\thoma\OneDrive\SONEAR_2025\blancherenaudin-monorepo\package.json (directory description file): SyntaxError: C:\Users\thoma\OneDrive\SONEAR_2025\blancherenaudin-monorepo\package.json (directory description file): SyntaxError: C:\Users\thoma\OneDrive\SONEAR_2025\blancherenaudin-monorepo\package.json (directory description file): SyntaxError: C:\Users\thoma\OneDrive\SONEAR_2025\blancherenaudin-monorepo\package.json (directory description file): SyntaxError: C:\Users\thoma\OneDrive\SONEAR_2025\blancherenaudin-monorepo\package.json (directory description file): SyntaxError: C:\Users\thoma\OneDrive\SONEAR_2025\blancherenaudin-monorepo\package.json (directory description file): SyntaxError: C:\Users\thoma\OneDrive\SONEAR_2025\blancherenaudin-monorepo\package.json (directory description file): SyntaxError: C:\Users\thoma\OneDrive\SONEAR_2025\blancherenaudin-monorepo\package.json (directory description file): SyntaxError: C:\Users\thoma\OneDrive\SONEAR_2025\blancherenaudin-monorepo\package.json (directory description file): SyntaxError: C:\Users\thoma\OneDrive\SONEAR_2025\blancherenaudin-monorepo\package.json (directory description file): SyntaxError: C:\Users\thoma\OneDrive\SONEAR_2025\blancherenaudin-monorepo\package.json (directory description file): SyntaxError: C:\Users\thoma\OneDrive\SONEAR_2025\blancherenaudin-monorepo\package.json (directory description file): SyntaxError: C:\Users\thoma\OneDrive\SONEAR_2025\blancherenaudin-monorepo\package.json (directory description file): SyntaxError: C:\Users\thoma\OneDrive\SONEAR_2025\blancherenaudin-monorepo\package.json (directory description file): SyntaxError: C:\Users\thoma\OneDrive\SONEAR_2025\blancherenaudin-monorepo\package.json (directory description file): SyntaxError: C:\Users\thoma\OneDrive\SONEAR_2025\blancherenaudin-monorepo\package.json (directory description file): SyntaxError: C:\Users\thoma\OneDrive\SONEAR_2025\blancherenaudin-monorepo\package.json (directory description file): SyntaxError: C:\Users\thoma\OneDrive\SONEAR_2025\blancherenaudin-monorepo\package.json (directory description file): SyntaxError: C:\Users\thoma\OneDrive\SONEAR_2025\blancherenaudin-monorepo\package.json (directory description file): SyntaxError: C:\Users\thoma\OneDrive\SONEAR_2025\blancherenaudin-monorepo\package.json (directory description file): SyntaxError: C:\Users\thoma\OneDrive\SONEAR_2025\blancherenaudin-monorepo\package.json (directory description file): SyntaxError: C:\Users\thoma\OneDrive\SONEAR_2025\blancherenaudin-monorepo\package.json (directory description file): SyntaxError: C:\Users\thoma\OneDrive\SONEAR_2025\blancherenaudin-monorepo\package.json (directory description file): SyntaxError: C:\Users\thoma\OneDrive\SONEAR_2025\blancherenaudin-monorepo\package.json (directory description file): SyntaxError: C:\Users\thoma\OneDrive\SONEAR_2025\blancherenaudin-monorepo\package.json (directory description file): SyntaxError: C:\Users\thoma\OneDrive\SONEAR_2025\blancherenaudin-monorepo\package.json (directory description file): SyntaxError: C:\Users\thoma\OneDrive\SONEAR_2025\blancherenaudin-monorepo\package.json (directory description file): SyntaxError: C:\Users\thoma\OneDrive\SONEAR_2025\blancherenaudin-monorepo\package.json (directory description file): SyntaxError: C:\Users\thoma\OneDrive\SONEAR_2025\blancherenaudin-monorepo\package.json (directory description file): SyntaxError: C:\Users\thoma\OneDrive\SONEAR_2025\blancherenaudin-monorepo\package.json (directory description file): SyntaxError: C:\Users\thoma\OneDrive\SONEAR_2025\blancherenaudin-monorepo\package.json (directory description file): SyntaxError: C:\Users\thoma\OneDrive\SONEAR_2025\blancherenaudin-monorepo\package.json (directory description file): SyntaxError: C:\Users\thoma\OneDrive\SONEAR_2025\blancherenaudin-monorepo\package.json (directory description file): SyntaxError: C:\Users\thoma\OneDrive\SONEAR_2025\blancherenaudin-monorepo\package.json (directory description file): SyntaxError: C:\Users\thoma\OneDrive\SONEAR_2025\blancherenaudin-monorepo\package.json (directory description file): SyntaxError: C:\Users\thoma\OneDrive\SONEAR_2025\blancherenaudin-monorepo\package.json (directory description file): SyntaxError: C:\Users\thoma\OneDrive\SONEAR_2025\blancherenaudin-monorepo\package.json (directory description file): SyntaxError: C:\Users\thoma\OneDrive\SONEAR_2025\blancherenaudin-monorepo\package.json (directory description file): SyntaxError: C:\Users\thoma\OneDrive\SONEAR_2025\blancherenaudin-monorepo\package.json (directory description file): SyntaxError: C:\Users\thoma\OneDrive\SONEAR_2025\blancherenaudin-monorepo\package.json (directory description file): SyntaxError: C:\Users\thoma\OneDrive\SONEAR_2025\blancherenaudin-monorepo\package.json (directory description file): SyntaxError: C:\Users\thoma\OneDrive\SONEAR_2025\blancherenaudin-monorepo\package.json (directory description file): SyntaxError: C:\Users\thoma\OneDrive\SONEAR_2025\blancherenaudin-monorepo\package.json (directory description file): SyntaxError: C:\Users\thoma\OneDrive\SONEAR_2025\blancherenaudin-monorepo\package.json (directory description file): SyntaxError: C:\Users\thoma\OneDrive\SONEAR_2025\blancherenaudin-monorepo\package.json (directory description file): SyntaxError: C:\Users\thoma\OneDrive\SONEAR_2025\blancherenaudin-monorepo\package.json (directory description file): SyntaxError: C:\Users\thoma\OneDrive\SONEAR_2025\blancherenaudin-monorepo\package.json (directory description file): SyntaxError: C:\Users\thoma\OneDrive\SONEAR_2025\blancherenaudin-monorepo\package.json (directory description file): SyntaxError: C:\Users\thoma\OneDrive\SONEAR_2025\blancherenaudin-monorepo\package.json (directory description file): SyntaxError: C:\Users\thoma\OneDrive\SONEAR_2025\blancherenaudin-monorepo\package.json (directory description file): SyntaxError: C:\Users\thoma\OneDrive\SONEAR_2025\blancherenaudin-monorepo\package.json (directory description file): SyntaxError: C:\Users\thoma\OneDrive\SONEAR_2025\blancherenaudin-monorepo\package.json (directory description file): SyntaxError: C:\Users\thoma\OneDrive\SONEAR_2025\blancherenaudin-monorepo\package.json (directory description file): SyntaxError: C:\Users\thoma\OneDrive\SONEAR_2025\blancherenaudin-monorepo\package.json (directory description file): SyntaxError: C:\Users\thoma\OneDrive\SONEAR_2025\blancherenaudin-monorepo\package.json (directory description file): SyntaxError: C:\Users\thoma\OneDrive\SONEAR_2025\blancherenaudin-monorepo\package.json (directory description file): SyntaxError: C:\Users\thoma\OneDrive\SONEAR_2025\blancherenaudin-monorepo\package.json (directory description file): SyntaxError: C:\Users\thoma\OneDrive\SONEAR_2025\blancherenaudin-monorepo\package.json (directory description file): SyntaxError: C:\Users\thoma\OneDrive\SONEAR_2025\blancherenaudin-monorepo\package.json (directory description file): SyntaxError: C:\Users\thoma\OneDrive\SONEAR_2025\blancherenaudin-monorepo\package.json (directory description file): SyntaxError: C:\Users\thoma\OneDrive\SONEAR_2025\blancherenaudin-monorepo\package.json (directory description file): SyntaxError: C:\Users\thoma\OneDrive\SONEAR_2025\blancherenaudin-monorepo\package.json (directory description file): SyntaxError: C:\Users\thoma\OneDrive\SONEAR_2025\blancherenaudin-monorepo\package.json (directory description file): SyntaxError: C:\Users\thoma\OneDrive\SONEAR_2025\blancherenaudin-monorepo\package.json (directory description file): SyntaxError: C:\Users\thoma\OneDrive\SONEAR_2025\blancherenaudin-monorepo\package.json (directory description file): SyntaxError: C:\Users\thoma\OneDrive\SONEAR_2025\blancherenaudin-monorepo\package.json (directory description file): SyntaxError: C:\Users\thoma\OneDrive\SONEAR_2025\blancherenaudin-monorepo\package.json (directory description file): SyntaxError: C:\Users\thoma\OneDrive\SONEAR_2025\blancherenaudin-monorepo\package.json (directory description file): SyntaxError: C:\Users\thoma\OneDrive\SONEAR_2025\blancherenaudin-monorepo\package.json (directory description file): SyntaxError: C:\Users\thoma\OneDrive\SONEAR_2025\blancherenaudin-monorepo\package.json (directory description file): SyntaxError: C:\Users\thoma\OneDrive\SONEAR_2025\blancherenaudin-monorepo\package.json (directory description file): SyntaxError: C:\Users\thoma\OneDrive\SONEAR_2025\blancherenaudin-monorepo\package.json (directory description file): SyntaxError: C:\Users\thoma\OneDrive\SONEAR_2025\blancherenaudin-monorepo\package.json (directory description file): SyntaxError: C:\Users\thoma\OneDrive\SONEAR_2025\blancherenaudin-monorepo\package.json (directory description file): SyntaxError: C:\Users\thoma\OneDrive\SONEAR_2025\blancherenaudin-monorepo\package.json (directory description file): SyntaxError: C:\Users\thoma\OneDrive\SONEAR_2025\blancherenaudin-monorepo\package.json (directory description file): SyntaxError: C:\Users\thoma\OneDrive\SONEAR_2025\blancherenaudin-monorepo\package.json (directory description file): SyntaxError: C:\Users\thoma\OneDrive\SONEAR_2025\blancherenaudin-monorepo\package.json (directory description file): SyntaxError: C:\Users\thoma\OneDrive\SONEAR_2025\blancherenaudin-monorepo\package.json (directory description file): SyntaxError: C:\Users\thoma\OneDrive\SONEAR_2025\blancherenaudin-monorepo\package.json (directory description file): SyntaxError: C:\Users\thoma\OneDrive\SONEAR_2025\blancherenaudin-monorepo\package.json (directory description file): SyntaxError: C:\Users\thoma\OneDrive\SONEAR_2025\blancherenaudin-monorepo\package.json (directory description file): SyntaxError: C:\Users\thoma\OneDrive\SONEAR_2025\blancherenaudin-monorepo\package.json (directory description file): SyntaxError: C:\Users\thoma\OneDrive\SONEAR_2025\blancherenaudin-monorepo\package.json (directory description file): SyntaxError: C:\Users\thoma\OneDrive\SONEAR_2025\blancherenaudin-monorepo\package.json (directory description file): SyntaxError: C:\Users\thoma\OneDrive\SONEAR_2025\blancherenaudin-monorepo\package.json (directory description file): SyntaxError: C:\Users\thoma\OneDrive\SONEAR_2025\blancherenaudin-monorepo\package.json (directory description file): SyntaxError: C:\Users\thoma\OneDrive\SONEAR_2025\blancherenaudin-monorepo\package.json (directory description file): SyntaxError: C:\Users\thoma\OneDrive\SONEAR_2025\blancherenaudin-monorepo\package.json (directory description file): SyntaxError: C:\Users\thoma\OneDrive\SONEAR_2025\blancherenaudin-monorepo\package.json (directory description file): SyntaxError: C:\Users\thoma\OneDrive\SONEAR_2025\blancherenaudin-monorepo\package.json (directory description file): SyntaxError: C:\Users\thoma\OneDrive\SONEAR_2025\blancherenaudin-monorepo\package.json (directory description file): SyntaxError: C:\Users\thoma\OneDrive\SONEAR_2025\blancherenaudin-monorepo\package.json (directory description file): SyntaxError: C:\Users\thoma\OneDrive\SONEAR_2025\blancherenaudin-monorepo\package.json (directory description file): SyntaxError: C:\Users\thoma\OneDrive\SONEAR_2025\blancherenaudin-monorepo\package.json (directory description file): SyntaxError: C:\Users\thoma\OneDrive\SONEAR_2025\blancherenaudin-monorepo\package.json (directory description file): SyntaxError: C:\Users\thoma\OneDrive\SONEAR_2025\blancherenaudin-monorepo\package.json (directory description file): SyntaxError: C:\Users\thoma\OneDrive\SONEAR_2025\blancherenaudin-monorepo\package.json (directory description file): SyntaxError: C:\Users\thoma\OneDrive\SONEAR_2025\blancherenaudin-monorepo\package.json (directory description file): SyntaxError: C:\Users\thoma\OneDrive\SONEAR_2025\blancherenaudin-monorepo\package.json (directory description file): SyntaxError: C:\Users\thoma\OneDrive\SONEAR_2025\blancherenaudin-monorepo\package.json (directory description file): SyntaxError: C:\Users\thoma\OneDrive\SONEAR_2025\blancherenaudin-monorepo\package.json (directory description file): SyntaxError: C:\Users\thoma\OneDrive\SONEAR_2025\blancherenaudin-monorepo\package.json (directory description file): SyntaxError: C:\Users\thoma\OneDrive\SONEAR_2025\blancherenaudin-monorepo\package.json (directory description file): SyntaxError: C:\Users\thoma\OneDrive\SONEAR_2025\blancherenaudin-monorepo\package.json (directory description file): SyntaxError: C:\Users\thoma\OneDrive\SONEAR_2025\blancherenaudin-monorepo\package.json (directory description file): SyntaxError: C:\Users\thoma\OneDrive\SONEAR_2025\blancherenaudin-monorepo\package.json (directory description file): SyntaxError: C:\Users\thoma\OneDrive\SONEAR_2025\blancherenaudin-monorepo\package.json (directory description file): SyntaxError: C:\Users\thoma\OneDrive\SONEAR_2025\blancherenaudin-monorepo\package.json (directory description file): SyntaxError: C:\Users\thoma\OneDrive\SONEAR_2025\blancherenaudin-monorepo\package.json (directory description file): SyntaxError: C:\Users\thoma\OneDrive\SONEAR_2025\blancherenaudin-monorepo\package.json (directory description file): SyntaxError: C:\Users\thoma\OneDrive\SONEAR_2025\blancherenaudin-monorepo\package.json (directory description file): SyntaxError: C:\Users\thoma\OneDrive\SONEAR_2025\blancherenaudin-monorepo\package.json (directory description file): SyntaxError: C:\Users\thoma\OneDrive\SONEAR_2025\blancherenaudin-monorepo\package.json (directory description file): SyntaxError: C:\Users\thoma\OneDrive\SONEAR_2025\blancherenaudin-monorepo\package.json (directory description file): SyntaxError: C:\Users\thoma\OneDrive\SONEAR_2025\blancherenaudin-monorepo\package.json (directory description file): SyntaxError: C:\Users\thoma\OneDrive\SONEAR_2025\blancherenaudin-monorepo\package.json (directory description file): SyntaxError: C:\Users\thoma\OneDrive\SONEAR_2025\blancherenaudin-monorepo\package.json (directory description file): SyntaxError: C:\Users\thoma\OneDrive\SONEAR_2025\blancherenaudin-monorepo\package.json (directory description file): SyntaxError: C:\Users\thoma\OneDrive\SONEAR_2025\blancherenaudin-monorepo\package.json (directory description file): SyntaxError: C:\Users\thoma\OneDrive\SONEAR_2025\blancherenaudin-monorepo\package.json (directory description file): SyntaxError: C:\Users\thoma\OneDrive\SONEAR_2025\blancherenaudin-monorepo\package.json (directory description file): SyntaxError: C:\Users\thoma\OneDrive\SONEAR_2025\blancherenaudin-monorepo\package.json (directory description file): SyntaxError: C:\Users\thoma\OneDrive\SONEAR_2025\blancherenaudin-monorepo\package.json (directory description file): SyntaxError: C:\Users\thoma\OneDrive\SONEAR_2025\blancherenaudin-monorepo\package.json (directory description file): SyntaxError: C:\Users\thoma\OneDrive\SONEAR_2025\blancherenaudin-monorepo\package.json (directory description file): SyntaxError: C:\Users\thoma\OneDrive\SONEAR_2025\blancherenaudin-monorepo\package.json (directory description file): SyntaxError: C:\Users\thoma\OneDrive\SONEAR_2025\blancherenaudin-monorepo\package.json (directory description file): SyntaxError: C:\Users\thoma\OneDrive\SONEAR_2025\blancherenaudin-monorepo\package.json (directory description file): SyntaxError: C:\Users\thoma\OneDrive\SONEAR_2025\blancherenaudin-monorepo\package.json (directory description file): SyntaxError: C:\Users\thoma\OneDrive\SONEAR_2025\blancherenaudin-monorepo\package.json (directory description file): SyntaxError: C:\Users\thoma\OneDrive\SONEAR_2025\blancherenaudin-monorepo\package.json (directory description file): SyntaxError: C:\Users\thoma\OneDrive\SONEAR_2025\blancherenaudin-monorepo\package.json (directory description file): SyntaxError: C:\Users\thoma\OneDrive\SONEAR_2025\blancherenaudin-monorepo\package.json (directory description file): SyntaxError: C:\Users\thoma\OneDrive\SONEAR_2025\blancherenaudin-monorepo\package.json (directory description file): SyntaxError: C:\Users\thoma\OneDrive\SONEAR_2025\blancherenaudin-monorepo\package.json (directory description file): SyntaxError: C:\Users\thoma\OneDrive\SONEAR_2025\blancherenaudin-monorepo\package.json (directory description file): SyntaxError: C:\Users\thoma\OneDrive\SONEAR_2025\blancherenaudin-monorepo\package.json (directory description file): SyntaxError: C:\Users\thoma\OneDrive\SONEAR_2025\blancherenaudin-monorepo\package.json (directory description file): SyntaxError: C:\Users\thoma\OneDrive\SONEAR_2025\blancherenaudin-monorepo\package.json (directory description file): SyntaxError: C:\Users\thoma\OneDrive\SONEAR_2025\blancherenaudin-monorepo\package.json (directory description file): SyntaxError: C:\Users\thoma\OneDrive\SONEAR_2025\blancherenaudin-monorepo\package.json (directory description file): SyntaxError: C:\Users\thoma\OneDrive\SONEAR_2025\blancherenaudin-monorepo\package.json (directory description file): SyntaxError: C:\Users\thoma\OneDrive\SONEAR_2025\blancherenaudin-monorepo\package.json (directory description file): SyntaxError: C:\Users\thoma\OneDrive\SONEAR_2025\blancherenaudin-monorepo\package.json (directory description file): SyntaxError: C:\Users\thoma\OneDrive\SONEAR_2025\blancherenaudin-monorepo\package.json (directory description file): SyntaxError: C:\Users\thoma\OneDrive\SONEAR_2025\blancherenaudin-monorepo\package.json (directory description file): SyntaxError: C:\Users\thoma\OneDrive\SONEAR_2025\blancherenaudin-monorepo\package.json (directory description file): SyntaxError: C:\Users\thoma\OneDrive\SONEAR_2025\blancherenaudin-monorepo\package.json (directory description file): SyntaxError: C:\Users\thoma\OneDrive\SONEAR_2025\blancherenaudin-monorepo\package.json (directory description file): SyntaxError: C:\Users\thoma\OneDrive\SONEAR_2025\blancherenaudin-monorepo\package.json (directory description file): SyntaxError: C:\Users\thoma\OneDrive\SONEAR_2025\blancherenaudin-monorepo\package.json (directory description file): SyntaxError: C:\Users\thoma\OneDrive\SONEAR_2025\blancherenaudin-monorepo\package.json (directory description file): SyntaxError: C:\Users\thoma\OneDrive\SONEAR_2025\blancherenaudin-monorepo\package.json (directory description file): SyntaxError: C:\Users\thoma\OneDrive\SONEAR_2025\blancherenaudin-monorepo\package.json (directory description file): SyntaxError: C:\Users\thoma\OneDrive\SONEAR_2025\blancherenaudin-monorepo\package.json (directory description file): SyntaxError: C:\Users\thoma\OneDrive\SONEAR_2025\blancherenaudin-monorepo\package.json (directory description file): SyntaxError: C:\Users\thoma\OneDrive\SONEAR_2025\blancherenaudin-monorepo\package.json (directory description file): SyntaxError: C:\Users\thoma\OneDrive\SONEAR_2025\blancherenaudin-monorepo\package.json (directory description file): SyntaxError: C:\Users\thoma\OneDrive\SONEAR_2025\blancherenaudin-monorepo\package.json (directory description file): SyntaxError: C:\Users\thoma\OneDrive\SONEAR_2025\blancherenaudin-monorepo\package.json (directory description file): SyntaxError: C:\Users\thoma\OneDrive\SONEAR_2025\blancherenaudin-monorepo\package.json (directory description file): SyntaxError: C:\Users\thoma\OneDrive\SONEAR_2025\blancherenaudin-monorepo\package.json (directory description file): SyntaxError: C:\Users\thoma\OneDrive\SONEAR_2025\blancherenaudin-monorepo\package.json (directory description file): SyntaxError: C:\Users\thoma\OneDrive\SONEAR_2025\blancherenaudin-monorepo\package.json (directory description file): SyntaxError: C:\Users\thoma\OneDrive\SONEAR_2025\blancherenaudin-monorepo\package.json (directory description file): SyntaxError: C:\Users\thoma\OneDrive\SONEAR_2025\blancherenaudin-monorepo\package.json (directory description file): SyntaxError: C:\Users\thoma\OneDrive\SONEAR_2025\blancherenaudin-monorepo\package.json (directory description file): SyntaxError: C:\Users\thoma\OneDrive\SONEAR_2025\blancherenaudin-monorepo\package.json (directory description file): SyntaxError: C:\Users\thoma\OneDrive\SONEAR_2025\blancherenaudin-monorepo\package.json (directory description file): SyntaxError: C:\Users\thoma\OneDrive\SONEAR_2025\blancherenaudin-monorepo\package.json (directory description file): SyntaxError: C:\Users\thoma\OneDrive\SONEAR_2025\blancherenaudin-monorepo\package.json (directory description file): SyntaxError: C:\Users\thoma\OneDrive\SONEAR_2025\blancherenaudin-monorepo\package.json (directory description file): SyntaxError: C:\Users\thoma\OneDrive\SONEAR_2025\blancherenaudin-monorepo\package.json (directory description file): SyntaxError: C:\Users\thoma\OneDrive\SONEAR_2025\blancherenaudin-monorepo\package.json (directory description file): SyntaxError: C:\Users\thoma\OneDrive\SONEAR_2025\blancherenaudin-monorepo\package.json (directory description file): SyntaxError: C:\Users\thoma\OneDrive\SONEAR_2025\blancherenaudin-monorepo\package.json (directory description file): SyntaxError: C:\Users\thoma\OneDrive\SONEAR_2025\blancherenaudin-monorepo\package.json (directory description file): SyntaxError: C:\Users\thoma\OneDrive\SONEAR_2025\blancherenaudin-monorepo\package.json (directory description file): SyntaxError: C:\Users\thoma\OneDrive\SONEAR_2025\blancherenaudin-monorepo\package.json (directory description file): SyntaxError: C:\Users\thoma\OneDrive\SONEAR_2025\blancherenaudin-monorepo\package.json (directory description file): SyntaxError: C:\Users\thoma\OneDrive\SONEAR_2025\blancherenaudin-monorepo\package.json (directory description file): SyntaxError: C:\Users\thoma\OneDrive\SONEAR_2025\blancherenaudin-monorepo\package.json (directory description file): SyntaxError: C:\Users\thoma\OneDrive\SONEAR_2025\blancherenaudin-monorepo\package.json (directory description file): SyntaxError: C:\Users\thoma\OneDrive\SONEAR_2025\blancherenaudin-monorepo\package.json (directory description file): SyntaxError: C:\Users\thoma\OneDrive\SONEAR_2025\blancherenaudin-monorepo\package.json (directory description file): SyntaxError: C:\Users\thoma\OneDrive\SONEAR_2025\blancherenaudin-monorepo\package.json (directory description file): SyntaxError: C:\Users\thoma\OneDrive\SONEAR_2025\blancherenaudin-monorepo\package.json (directory description file): SyntaxError: C:\Users\thoma\OneDrive\SONEAR_2025\blancherenaudin-monorepo\package.json (directory description file): SyntaxError: C:\Users\thoma\OneDrive\SONEAR_2025\blancherenaudin-monorepo\package.json (directory description file): SyntaxError: C:\Users\thoma\OneDrive\SONEAR_2025\blancherenaudin-monorepo\package.json (directory description file): SyntaxError: C:\Users\thoma\OneDrive\SONEAR_2025\blancherenaudin-monorepo\package.json (directory description file): SyntaxError: C:\Users\thoma\OneDrive\SONEAR_2025\blancherenaudin-monorepo\package.json (directory description file): SyntaxError: C:\Users\thoma\OneDrive\SONEAR_2025\blancherenaudin-monorepo\package.json (directory description file): SyntaxError: C:\Users\thoma\OneDrive\SONEAR_2025\blancherenaudin-monorepo\package.json (directory description file): SyntaxError: C:\Users\thoma\OneDrive\SONEAR_2025\blancherenaudin-monorepo\package.json (directory description file): SyntaxError: C:\Users\thoma\OneDrive\SONEAR_2025\blancherenaudin-monorepo\package.json (directory description file): SyntaxError: C:\Users\thoma\OneDrive\SONEAR_2025\blancherenaudin-monorepo\package.json (directory description file): SyntaxError: C:\Users\thoma\OneDrive\SONEAR_2025\blancherenaudin-monorepo\package.json (directory description file): SyntaxError: C:\Users\thoma\OneDrive\SONEAR_2025\blancherenaudin-monorepo\package.json (directory description file): SyntaxError: C:\Users\thoma\OneDrive\SONEAR_2025\blancherenaudin-monorepo\package.json (directory description file): SyntaxError: C:\Users\thoma\OneDrive\SONEAR_2025\blancherenaudin-monorepo\package.json (directory description file): SyntaxError: C:\Users\thoma\OneDrive\SONEAR_2025\blancherenaudin-monorepo\package.json (directory description file): SyntaxError: C:\Users\thoma\OneDrive\SONEAR_2025\blancherenaudin-monorepo\package.json (directory description file): SyntaxError: C:\Users\thoma\OneDrive\SONEAR_2025\blancherenaudin-monorepo\package.json (directory description file): SyntaxError: C:\Users\thoma\OneDrive\SONEAR_2025\blancherenaudin-monorepo\package.json (directory description file): SyntaxError: C:\Users\thoma\OneDrive\SONEAR_2025\blancherenaudin-monorepo\package.json (directory description file): SyntaxError: C:\Users\thoma\OneDrive\SONEAR_2025\blancherenaudin-monorepo\package.json (directory description file): SyntaxError: C:\Users\thoma\OneDrive\SONEAR_2025\blancherenaudin-monorepo\package.json (directory description file): SyntaxError: C:\Users\thoma\OneDrive\SONEAR_2025\blancherenaudin-monorepo\package.json (directory description file): SyntaxError: C:\Users\thoma\OneDrive\SONEAR_2025\blancherenaudin-monorepo\package.json (directory description file): SyntaxError: C:\Users\thoma\OneDrive\SONEAR_2025\blancherenaudin-monorepo\package.json (directory description file): SyntaxError: C:\Users\thoma\OneDrive\SONEAR_2025\blancherenaudin-monorepo\package.json (directory description file): SyntaxError: C:\Users\thoma\OneDrive\SONEAR_2025\blancherenaudin-monorepo\package.json (directory description file): SyntaxError: C:\Users\thoma\OneDrive\SONEAR_2025\blancherenaudin-monorepo\package.json (directory description file): SyntaxError: C:\Users\thoma\OneDrive\SONEAR_2025\blancherenaudin-monorepo\package.json (directory description file): SyntaxError: C:\Users\thoma\OneDrive\SONEAR_2025\blancherenaudin-monorepo\package.json (directory description file): SyntaxError: C:\Users\thoma\OneDrive\SONEAR_2025\blancherenaudin-monorepo\package.json (directory description file): SyntaxError: C:\Users\thoma\OneDrive\SONEAR_2025\blancherenaudin-monorepo\package.json (directory description file): SyntaxError: C:\Users\thoma\OneDrive\SONEAR_2025\blancherenaudin-monorepo\package.json (directory description file): SyntaxError: C:\Users\thoma\OneDrive\SONEAR_2025\blancherenaudin-monorepo\package.json (directory description file): SyntaxError: C:\Users\thoma\OneDrive\SONEAR_2025\blancherenaudin-monorepo\package.json (directory description file): SyntaxError: C:\Users\thoma\OneDrive\SONEAR_2025\blancherenaudin-monorepo\package.json (directory description file): SyntaxError: C:\Users\thoma\OneDrive\SONEAR_2025\blancherenaudin-monorepo\package.json (directory description file): SyntaxError: C:\Users\thoma\OneDrive\SONEAR_2025\blancherenaudin-monorepo\package.json (directory description file): SyntaxError: C:\Users\thoma\OneDrive\SONEAR_2025\blancherenaudin-monorepo\package.json (directory description file): SyntaxError: C:\Users\thoma\OneDrive\SONEAR_2025\blancherenaudin-monorepo\package.json (directory description file): SyntaxError: C:\Users\thoma\OneDrive\SONEAR_2025\blancherenaudin-monorepo\package.json (directory description file): SyntaxError: C:\Users\thoma\OneDrive\SONEAR_2025\blancherenaudin-monorepo\package.json (directory description file): SyntaxError: C:\Users\thoma\OneDrive\SONEAR_2025\blancherenaudin-monorepo\package.json (directory description file): SyntaxError: C:\Users\thoma\OneDrive\SONEAR_2025\blancherenaudin-monorepo\package.json (directory description file): SyntaxError: C:\Users\thoma\OneDrive\SONEAR_2025\blancherenaudin-monorepo\package.json (directory description file): SyntaxError: C:\Users\thoma\OneDrive\SONEAR_2025\blancherenaudin-monorepo\package.json (directory description file): SyntaxError: C:\Users\thoma\OneDrive\SONEAR_2025\blancherenaudin-monorepo\package.json (directory description file): SyntaxError: C:\Users\thoma\OneDrive\SONEAR_2025\blancherenaudin-monorepo\package.json (directory description file): SyntaxError: C:\Users\thoma\OneDrive\SONEAR_2025\blancherenaudin-monorepo\package.json (directory description file): SyntaxError: C:\Users\thoma\OneDrive\SONEAR_2025\blancherenaudin-monorepo\package.json (directory description file): SyntaxError: C:\Users\thoma\OneDrive\SONEAR_2025\blancherenaudin-monorepo\package.json (directory description file): SyntaxError: C:\Users\thoma\OneDrive\SONEAR_2025\blancherenaudin-monorepo\package.json (directory description file): SyntaxError: C:\Users\thoma\OneDrive\SONEAR_2025\blancherenaudin-monorepo\package.json (directory description file): SyntaxError: C:\Users\thoma\OneDrive\SONEAR_2025\blancherenaudin-monorepo\package.json (directory description file): SyntaxError: C:\Users\thoma\OneDrive\SONEAR_2025\blancherenaudin-monorepo\package.json (directory description file): SyntaxError: C:\Users\thoma\OneDrive\SONEAR_2025\blancherenaudin-monorepo\package.json (directory description file): SyntaxError: C:\Users\thoma\OneDrive\SONEAR_2025\blancherenaudin-monorepo\package.json (directory description file): SyntaxError: C:\Users\thoma\OneDrive\SONEAR_2025\blancherenaudin-monorepo\package.json (directory description file): SyntaxError: C:\Users\thoma\OneDrive\SONEAR_2025\blancherenaudin-monorepo\package.json (directory description file): SyntaxError: C:\Users\thoma\OneDrive\SONEAR_2025\blancherenaudin-monorepo\package.json (directory description file): SyntaxError: C:\Users\thoma\OneDrive\SONEAR_2025\blancherenaudin-monorepo\package.json (directory description file): SyntaxError: C:\Users\thoma\OneDrive\SONEAR_2025\blancherenaudin-monorepo\package.json (directory description file): SyntaxError: C:\Users\thoma\OneDrive\SONEAR_2025\blancherenaudin-monorepo\package.json (directory description file): SyntaxError: C:\Users\thoma\OneDrive\SONEAR_2025\blancherenaudin-monorepo\package.json (directory description file): SyntaxError: C:\Users\thoma\OneDrive\SONEAR_2025\blancherenaudin-monorepo\package.json (directory description file): SyntaxError: C:\Users\thoma\OneDrive\SONEAR_2025\blancherenaudin-monorepo\package.json (directory description file): SyntaxError: C:\Users\thoma\OneDrive\SONEAR_2025\blancherenaudin-monorepo\package.json (directory description file): SyntaxError: C:\Users\thoma\OneDrive\SONEAR_2025\blancherenaudin-monorepo\package.json (directory description file): SyntaxError: C:\Users\thoma\OneDrive\SONEAR_2025\blancherenaudin-monorepo\package.json (directory description file): SyntaxError: C:\Users\thoma\OneDrive\SONEAR_2025\blancherenaudin-monorepo\package.json (directory description file): SyntaxError: C:\Users\thoma\OneDrive\SONEAR_2025\blancherenaudin-monorepo\package.json (directory description file): SyntaxError: C:\Users\thoma\OneDrive\SONEAR_2025\blancherenaudin-monorepo\package.json (directory description file): SyntaxError: C:\Users\thoma\OneDrive\SONEAR_2025\blancherenaudin-monorepo\package.json (directory description file): SyntaxError: C:\Users\thoma\OneDrive\SONEAR_2025\blancherenaudin-monorepo\package.json (directory description file): SyntaxError: C:\Users\thoma\OneDrive\SONEAR_2025\blancherenaudin-monorepo\package.json (directory description file): SyntaxError: C:\Users\thoma\OneDrive\SONEAR_2025\blancherenaudin-monorepo\package.json (directory description file): SyntaxError: C:\Users\thoma\OneDrive\SONEAR_2025\blancherenaudin-monorepo\package.json (directory description file): SyntaxError: C:\Users\thoma\OneDrive\SONEAR_2025\blancherenaudin-monorepo\package.json (directory description file): SyntaxError: C:\Users\thoma\OneDrive\SONEAR_2025\blancherenaudin-monorepo\package.json (directory description file): SyntaxError: C:\Users\thoma\OneDrive\SONEAR_2025\blancherenaudin-monorepo\package.json (directory description file): SyntaxError: C:\Users\thoma\OneDrive\SONEAR_2025\blancherenaudin-monorepo\package.json (directory description file): SyntaxError: C:\Users\thoma\OneDrive\SONEAR_2025\blancherenaudin-monorepo\package.json (directory description file): SyntaxError: C:\Users\thoma\OneDrive\SONEAR_2025\blancherenaudin-monorepo\package.json (directory description file): SyntaxError: C:\Users\thoma\OneDrive\SONEAR_2025\blancherenaudin-monorepo\package.json (directory description file): SyntaxError: C:\Users\thoma\OneDrive\SONEAR_2025\blancherenaudin-monorepo\package.json (directory description file): SyntaxError: C:\Users\thoma\OneDrive\SONEAR_2025\blancherenaudin-monorepo\package.json (directory description file): SyntaxError: C:\Users\thoma\OneDrive\SONEAR_2025\blancherenaudin-monorepo\package.json (directory description file): SyntaxError: C:\Users\thoma\OneDrive\SONEAR_2025\blancherenaudin-monorepo\package.json (directory description file): SyntaxError: C:\Users\thoma\OneDrive\SONEAR_2025\blancherenaudin-monorepo\package.json (directory description file): SyntaxError: C:\Users\thoma\OneDrive\SONEAR_2025\blancherenaudin-monorepo\package.json (directory description file): SyntaxError: C:\Users\thoma\OneDrive\SONEAR_2025\blancherenaudin-monorepo\package.json (directory description file): SyntaxError: C:\Users\thoma\OneDrive\SONEAR_2025\blancherenaudin-monorepo\package.json (directory description file): SyntaxError: C:\Users\thoma\OneDrive\SONEAR_2025\blancherenaudin-monorepo\package.json (directory description file): SyntaxError: C:\Users\thoma\OneDrive\SONEAR_2025\blancherenaudin-monorepo\package.json (directory description file): SyntaxError: C:\Users\thoma\OneDrive\SONEAR_2025\blancherenaudin-monorepo\package.json (directory description file): SyntaxError: C:\Users\thoma\OneDrive\SONEAR_2025\blancherenaudin-monorepo\package.json (directory description file): SyntaxError: C:\Users\thoma\OneDrive\SONEAR_2025\blancherenaudin-monorepo\package.json (directory description file): SyntaxError: C:\Users\thoma\OneDrive\SONEAR_2025\blancherenaudin-monorepo\package.json (directory description file): SyntaxError: C:\Users\thoma\OneDrive\SONEAR_2025\blancherenaudin-monorepo\package.json (directory description file): SyntaxError: C:\Users\thoma\OneDrive\SONEAR_2025\blancherenaudin-monorepo\package.json (directory description file): SyntaxError: C:\Users\thoma\OneDrive\SONEAR_2025\blancherenaudin-monorepo\package.json (directory description file): SyntaxError: C:\Users\thoma\OneDrive\SONEAR_2025\blancherenaudin-monorepo\package.json (directory description file): SyntaxError: C:\Users\thoma\OneDrive\SONEAR_2025\blancherenaudin-monorepo\package.json (directory description file): SyntaxError: C:\Users\thoma\OneDrive\SONEAR_2025\blancherenaudin-monorepo\package.json (directory description file): SyntaxError: C:\Users\thoma\OneDrive\SONEAR_2025\blancherenaudin-monorepo\package.json (directory description file): SyntaxError: C:\Users\thoma\OneDrive\SONEAR_2025\blancherenaudin-monorepo\package.json (directory description file): SyntaxError: C:\Users\thoma\OneDrive\SONEAR_2025\blancherenaudin-monorepo\package.json (directory description file): SyntaxError: C:\Users\thoma\OneDrive\SONEAR_2025\blancherenaudin-monorepo\package.json (directory description file): SyntaxError: C:\Users\thoma\OneDrive\SONEAR_2025\blancherenaudin-monorepo\package.json (directory description file): SyntaxError: C:\Users\thoma\OneDrive\SONEAR_2025\blancherenaudin-monorepo\package.json (directory description file): SyntaxError: C:\Users\thoma\OneDrive\SONEAR_2025\blancherenaudin-monorepo\package.json (directory description file): SyntaxError: C:\Users\thoma\OneDrive\SONEAR_2025\blancherenaudin-monorepo\package.json (directory description file): SyntaxError: C:\Users\thoma\OneDrive\SONEAR_2025\blancherenaudin-monorepo\package.json (directory description file): SyntaxError: C:\Users\thoma\OneDrive\SONEAR_2025\blancherenaudin-monorepo\package.json (directory description file): SyntaxError: C:\Users\thoma\OneDrive\SONEAR_2025\blancherenaudin-monorepo\package.json (directory description file): SyntaxError: C:\Users\thoma\OneDrive\SONEAR_2025\blancherenaudin-monorepo\package.json (directory description file): SyntaxError: C:\Users\thoma\OneDrive\SONEAR_2025\blancherenaudin-monorepo\package.json (directory description file): SyntaxError: C:\Users\thoma\OneDrive\SONEAR_2025\blancherenaudin-monorepo\package.json (directory description file): SyntaxError: C:\Users\thoma\OneDrive\SONEAR_2025\blancherenaudin-monorepo\package.json (directory description file): SyntaxError: C:\Users\thoma\OneDrive\SONEAR_2025\blancherenaudin-monorepo\package.json (directory description file): SyntaxError: C:\Users\thoma\OneDrive\SONEAR_2025\blancherenaudin-monorepo\package.json (directory description file): SyntaxError: C:\Users\thoma\OneDrive\SONEAR_2025\blancherenaudin-monorepo\package.json (directory description file): SyntaxError: C:\Users\thoma\OneDrive\SONEAR_2025\blancherenaudin-monorepo\package.json (directory description file): SyntaxError: C:\Users\thoma\OneDrive\SONEAR_2025\blancherenaudin-monorepo\package.json (directory description file): SyntaxError: C:\Users\thoma\OneDrive\SONEAR_2025\blancherenaudin-monorepo\package.json (directory description file): SyntaxError: C:\Users\thoma\OneDrive\SONEAR_2025\blancherenaudin-monorepo\package.json (directory description file): SyntaxError: C:\Users\thoma\OneDrive\SONEAR_2025\blancherenaudin-monorepo\package.json (directory description file): SyntaxError: C:\Users\thoma\OneDrive\SONEAR_2025\blancherenaudin-monorepo\package.json (directory description file): SyntaxError: C:\Users\thoma\OneDrive\SONEAR_2025\blancherenaudin-monorepo\package.json (directory description file): SyntaxError: C:\Users\thoma\OneDrive\SONEAR_2025\blancherenaudin-monorepo\package.json (directory description file): SyntaxError: C:\Users\thoma\OneDrive\SONEAR_2025\blancherenaudin-monorepo\package.json (directory description file): SyntaxError: C:\Users\thoma\OneDrive\SONEAR_2025\blancherenaudin-monorepo\package.json (directory description file): SyntaxError: C:\Users\thoma\OneDrive\SONEAR_2025\blancherenaudin-monorepo\package.json (directory description file): SyntaxError: C:\Users\thoma\OneDrive\SONEAR_2025\blancherenaudin-monorepo\package.json (directory description file): SyntaxError: C:\Users\thoma\OneDrive\SONEAR_2025\blancherenaudin-monorepo\package.json (directory description file): SyntaxError: C:\Users\thoma\OneDrive\SONEAR_2025\blancherenaudin-monorepo\package.json (directory description file): SyntaxError: C:\Users\thoma\OneDrive\SONEAR_2025\blancherenaudin-monorepo\package.json (directory description file): SyntaxError: C:\Users\thoma\OneDrive\SONEAR_2025\blancherenaudin-monorepo\package.json (directory description file): SyntaxError: C:\Users\thoma\OneDrive\SONEAR_2025\blancherenaudin-monorepo\package.json (directory description file): SyntaxError: C:\Users\thoma\OneDrive\SONEAR_2025\blancherenaudin-monorepo\package.json (directory description file): SyntaxError: C:\Users\thoma\OneDrive\SONEAR_2025\blancherenaudin-monorepo\package.json (directory description file): SyntaxError: C:\Users\thoma\OneDrive\SONEAR_2025\blancherenaudin-monorepo\package.json (directory description file): SyntaxError: C:\Users\thoma\OneDrive\SONEAR_2025\blancherenaudin-monorepo\package.json (directory description file): SyntaxError: C:\Users\thoma\OneDrive\SONEAR_2025\blancherenaudin-monorepo\package.json (directory description file): SyntaxError: C:\Users\thoma\OneDrive\SONEAR_2025\blancherenaudin-monorepo\package.json (directory description file): SyntaxError: C:\Users\thoma\OneDrive\SONEAR_2025\blancherenaudin-monorepo\package.json (directory description file): SyntaxError: C:\Users\thoma\OneDrive\SONEAR_2025\blancherenaudin-monorepo\package.json (directory description file): SyntaxError: C:\Users\thoma\OneDrive\SONEAR_2025\blancherenaudin-monorepo\package.json (directory description file): SyntaxError: C:\Users\thoma\OneDrive\SONEAR_2025\blancherenaudin-monorepo\package.json (directory description file): SyntaxError: C:\Users\thoma\OneDrive\SONEAR_2025\blancherenaudin-monorepo\package.json (directory description file): SyntaxError: C:\Users\thoma\OneDrive\SONEAR_2025\blancherenaudin-monorepo\package.json (directory description file): SyntaxError: C:\Users\thoma\OneDrive\SONEAR_2025\blancherenaudin-monorepo\package.json (directory description file): SyntaxError: C:\Users\thoma\OneDrive\SONEAR_2025\blancherenaudin-monorepo\package.json (directory description file): SyntaxError: C:\Users\thoma\OneDrive\SONEAR_2025\blancherenaudin-monorepo\package.json (directory description file): SyntaxError: C:\Users\thoma\OneDrive\SONEAR_2025\blancherenaudin-monorepo\package.json (directory description file): SyntaxError: C:\Users\thoma\OneDrive\SONEAR_2025\blancherenaudin-monorepo\package.json (directory description file): SyntaxError: C:\Users\thoma\OneDrive\SONEAR_2025\blancherenaudin-monorepo\package.json (directory description file): SyntaxError: C:\Users\thoma\OneDrive\SONEAR_2025\blancherenaudin-monorepo\package.json (directory description file): SyntaxError: C:\Users\thoma\OneDrive\SONEAR_2025\blancherenaudin-monorepo\package.json (directory description file): SyntaxError: C:\Users\thoma\OneDrive\SONEAR_2025\blancherenaudin-monorepo\package.json (directory description file): SyntaxError: C:\Users\thoma\OneDrive\SONEAR_2025\blancherenaudin-monorepo\package.json (directory description file): SyntaxError: C:\Users\thoma\OneDrive\SONEAR_2025\blancherenaudin-monorepo\package.json (directory description file): SyntaxError: C:\Users\thoma\OneDrive\SONEAR_2025\blancherenaudin-monorepo\package.json (directory description file): SyntaxError: C:\Users\thoma\OneDrive\SONEAR_2025\blancherenaudin-monorepo\package.json (directory description file): SyntaxError: C:\Users\thoma\OneDrive\SONEAR_2025\blancherenaudin-monorepo\package.json (directory description file): SyntaxError: C:\Users\thoma\OneDrive\SONEAR_2025\blancherenaudin-monorepo\package.json (directory description file): SyntaxError: C:\Users\thoma\OneDrive\SONEAR_2025\blancherenaudin-monorepo\package.json (directory description file): SyntaxError: C:\Users\thoma\OneDrive\SONEAR_2025\blancherenaudin-monorepo\package.json (directory description file): SyntaxError: C:\Users\thoma\OneDrive\SONEAR_2025\blancherenaudin-monorepo\package.json (directory description file): SyntaxError: C:\Users\thoma\OneDrive\SONEAR_2025\blancherenaudin-monorepo\package.json (directory description file): SyntaxError: C:\Users\thoma\OneDrive\SONEAR_2025\blancherenaudin-monorepo\package.json (directory description file): SyntaxError: C:\Users\thoma\OneDrive\SONEAR_2025\blancherenaudin-monorepo\package.json (directory description file): SyntaxError: C:\Users\thoma\OneDrive\SONEAR_2025\blancherenaudin-monorepo\package.json (directory description file): SyntaxError: C:\Users\thoma\OneDrive\SONEAR_2025\blancherenaudin-monorepo\package.json (directory description file): SyntaxError: C:\Users\thoma\OneDrive\SONEAR_2025\blancherenaudin-monorepo\package.json (directory description file): SyntaxError: C:\Users\thoma\OneDrive\SONEAR_2025\blancherenaudin-monorepo\package.json (directory description file): SyntaxError: C:\Users\thoma\OneDrive\SONEAR_2025\blancherenaudin-monorepo\package.json (directory description file): SyntaxError: C:\Users\thoma\OneDrive\SONEAR_2025\blancherenaudin-monorepo\package.json (directory description file): SyntaxError: C:\Users\thoma\OneDrive\SONEAR_2025\blancherenaudin-monorepo\package.json (directory description file): SyntaxError: C:\Users\thoma\OneDrive\SONEAR_2025\blancherenaudin-monorepo\package.json (directory description file): SyntaxError: C:\Users\thoma\OneDrive\SONEAR_2025\blancherenaudin-monorepo\package.json (directory description file): SyntaxError: C:\Users\thoma\OneDrive\SONEAR_2025\blancherenaudin-monorepo\package.json (directory description file): SyntaxError: C:\Users\thoma\OneDrive\SONEAR_2025\blancherenaudin-monorepo\package.json (directory description file): SyntaxError: C:\Users\thoma\OneDrive\SONEAR_2025\blancherenaudin-monorepo\package.json (directory description file): SyntaxError: C:\Users\thoma\OneDrive\SONEAR_2025\blancherenaudin-monorepo\package.json (directory description file): SyntaxError: C:\Users\thoma\OneDrive\SONEAR_2025\blancherenaudin-monorepo\package.json (directory description file): SyntaxError: C:\Users\thoma\OneDrive\SONEAR_2025\blancherenaudin-monorepo\package.json (directory description file): SyntaxError: C:\Users\thoma\OneDrive\SONEAR_2025\blancherenaudin-monorepo\package.json (directory description file): SyntaxError: C:\Users\thoma\OneDrive\SONEAR_2025\blancherenaudin-monorepo\package.json (directory description file): SyntaxError: C:\Users\thoma\OneDrive\SONEAR_2025\blancherenaudin-monorepo\package.json (directory description file): SyntaxError: C:\Users\thoma\OneDrive\SONEAR_2025\blancherenaudin-monorepo\package.json (directory description file): SyntaxError: C:\Users\thoma\OneDrive\SONEAR_2025\blancherenaudin-monorepo\package.json (directory description file): SyntaxError: C:\Users\thoma\OneDrive\SONEAR_2025\blancherenaudin-monorepo\package.json (directory description file): SyntaxError: C:\Users\thoma\OneDrive\SONEAR_2025\blancherenaudin-monorepo\package.json (directory description file): SyntaxError: C:\Users\thoma\OneDrive\SONEAR_2025\blancherenaudin-monorepo\package.json (directory description file): SyntaxError: C:\Users\thoma\OneDrive\SONEAR_2025\blancherenaudin-monorepo\package.json (directory description file): SyntaxError: C:\Users\thoma\OneDrive\SONEAR_2025\blancherenaudin-monorepo\package.json (directory description file): SyntaxError: C:\Users\thoma\OneDrive\SONEAR_2025\blancherenaudin-monorepo\package.json (directory description file): SyntaxError: C:\Users\thoma\OneDrive\SONEAR_2025\blancherenaudin-monorepo\package.json (directory description file): SyntaxError: C:\Users\thoma\OneDrive\SONEAR_2025\blancherenaudin-monorepo\package.json (directory description file): SyntaxError: C:\Users\thoma\OneDrive\SONEAR_2025\blancherenaudin-monorepo\package.json (directory description file): SyntaxError: C:\Users\thoma\OneDrive\SONEAR_2025\blancherenaudin-monorepo\package.json (directory description file): SyntaxError: C:\Users\thoma\OneDrive\SONEAR_2025\blancherenaudin-monorepo\package.json (directory description file): SyntaxError: C:\Users\thoma\OneDrive\SONEAR_2025\blancherenaudin-monorepo\package.json (directory description file): SyntaxError: C:\Users\thoma\OneDrive\SONEAR_2025\blancherenaudin-monorepo\package.json (directory description file): SyntaxError: C:\Users\thoma\OneDrive\SONEAR_2025\blancherenaudin-monorepo\package.json (directory description file): SyntaxError: C:\Users\thoma\OneDrive\SONEAR_2025\blancherenaudin-monorepo\package.json (directory description file): SyntaxError: C:\Users\thoma\OneDrive\SONEAR_2025\blancherenaudin-monorepo\package.json (directory description file): SyntaxError: C:\Users\thoma\OneDrive\SONEAR_2025\blancherenaudin-monorepo\package.json (directory description file): SyntaxError: C:\Users\thoma\OneDrive\SONEAR_2025\blancherenaudin-monorepo\package.json (directory description file): SyntaxError: C:\Users\thoma\OneDrive\SONEAR_2025\blancherenaudin-monorepo\package.json (directory description file): SyntaxError: C:\Users\thoma\OneDrive\SONEAR_2025\blancherenaudin-monorepo\package.json (directory description file): SyntaxError: C:\Users\thoma\OneDrive\SONEAR_2025\blancherenaudin-monorepo\package.json (directory description file): SyntaxError: C:\Users\thoma\OneDrive\SONEAR_2025\blancherenaudin-monorepo\package.json (directory description file): SyntaxError: C:\Users\thoma\OneDrive\SONEAR_2025\blancherenaudin-monorepo\package.json (directory description file): SyntaxError: C:\Users\thoma\OneDrive\SONEAR_2025\blancherenaudin-monorepo\package.json (directory description file): SyntaxError: C:\Users\thoma\OneDrive\SONEAR_2025\blancherenaudin-monorepo\package.json (directory description file): SyntaxError: C:\Users\thoma\OneDrive\SONEAR_2025\blancherenaudin-monorepo\package.json (directory description file): SyntaxError: C:\Users\thoma\OneDrive\SONEAR_2025\blancherenaudin-monorepo\package.json (directory description file): SyntaxError: C:\Users\thoma\OneDrive\SONEAR_2025\blancherenaudin-monorepo\package.json (directory description file): SyntaxError: C:\Users\thoma\OneDrive\SONEAR_2025\blancherenaudin-monorepo\package.json (directory description file): SyntaxError: C:\Users\thoma\OneDrive\SONEAR_2025\blancherenaudin-monorepo\package.json (directory description file): SyntaxError: C:\Users\thoma\OneDrive\SONEAR_2025\blancherenaudin-monorepo\package.json (directory description file): SyntaxError: C:\Users\thoma\OneDrive\SONEAR_2025\blancherenaudin-monorepo\package.json (directory description file): SyntaxError: C:\Users\thoma\OneDrive\SONEAR_2025\blancherenaudin-monorepo\package.json (directory description file): SyntaxError: C:\Users\thoma\OneDrive\SONEAR_2025\blancherenaudin-monorepo\package.json (directory description file): SyntaxError: C:\Users\thoma\OneDrive\SONEAR_2025\blancherenaudin-monorepo\package.json (directory description file): SyntaxError: C:\Users\thoma\OneDrive\SONEAR_2025\blancherenaudin-monorepo\package.json (directory description file): SyntaxError: C:\Users\thoma\OneDrive\SONEAR_2025\blancherenaudin-monorepo\package.json (directory description file): SyntaxError: C:\Users\thoma\OneDrive\SONEAR_2025\blancherenaudin-monorepo\package.json (directory description file): SyntaxError: C:\Users\thoma\OneDrive\SONEAR_2025\blancherenaudin-monorepo\package.json (directory description file): SyntaxError: C:\Users\thoma\OneDrive\SONEAR_2025\blancherenaudin-monorepo\package.json (directory description file): SyntaxError: C:\Users\thoma\OneDrive\SONEAR_2025\blancherenaudin-monorepo\package.json (directory description file): SyntaxError: C:\Users\thoma\OneDrive\SONEAR_2025\blancherenaudin-monorepo\package.json (directory description file): SyntaxError: C:\Users\thoma\OneDrive\SONEAR_2025\blancherenaudin-monorepo\package.json (directory description file): SyntaxError: C:\Users\thoma\OneDrive\SONEAR_2025\blancherenaudin-monorepo\package.json (directory description file): SyntaxError: C:\Users\thoma\OneDrive\SONEAR_2025\blancherenaudin-monorepo\package.json (directory description file): SyntaxError: C:\Users\thoma\OneDrive\SONEAR_2025\blancherenaudin-monorepo\package.json (directory description file): SyntaxError: C:\Users\thoma\OneDrive\SONEAR_2025\blancherenaudin-monorepo\package.json (directory description file): SyntaxError: C:\Users\thoma\OneDrive\SONEAR_2025\blancherenaudin-monorepo\package.json (directory description file): SyntaxError: C:\Users\thoma\OneDrive\SONEAR_2025\blancherenaudin-monorepo\package.json (directory description file): SyntaxError: C:\Users\thoma\OneDrive\SONEAR_2025\blancherenaudin-monorepo\package.json (directory description file): SyntaxError: C:\Users\thoma\OneDrive\SONEAR_2025\blancherenaudin-monorepo\package.json (directory description file): SyntaxError: C:\Users\thoma\OneDrive\SONEAR_2025\blancherenaudin-monorepo\package.json (directory description file): SyntaxError: C:\Users\thoma\OneDrive\SONEAR_2025\blancherenaudin-monorepo\package.json (directory description file): SyntaxError: C:\Users\thoma\OneDrive\SONEAR_2025\blancherenaudin-monorepo\package.json (directory description file): SyntaxError: C:\Users\thoma\OneDrive\SONEAR_2025\blancherenaudin-monorepo\package.json (directory description file): SyntaxError: C:\Users\thoma\OneDrive\SONEAR_2025\blancherenaudin-monorepo\package.json (directory description file): SyntaxError: C:\Users\thoma\OneDrive\SONEAR_2025\blancherenaudin-monorepo\package.json (directory description file): SyntaxError: C:\Users\thoma\OneDrive\SONEAR_2025\blancherenaudin-monorepo\package.json (directory description file): SyntaxError: C:\Users\thoma\OneDrive\SONEAR_2025\blancherenaudin-monorepo\package.json (directory description file): SyntaxError: C:\Users\thoma\OneDrive\SONEAR_2025\blancherenaudin-monorepo\package.json (directory description file): SyntaxError: C:\Users\thoma\OneDrive\SONEAR_2025\blancherenaudin-monorepo\package.json (directory description file): SyntaxError: C:\Users\thoma\OneDrive\SONEAR_2025\blancherenaudin-monorepo\package.json (directory description file): SyntaxError: C:\Users\thoma\OneDrive\SONEAR_2025\blancherenaudin-monorepo\package.json (directory description file): SyntaxError: C:\Users\thoma\OneDrive\SONEAR_2025\blancherenaudin-monorepo\package.json (directory description file): SyntaxError: C:\Users\thoma\OneDrive\SONEAR_2025\blancherenaudin-monorepo\package.json (directory description file): SyntaxError: C:\Users\thoma\OneDrive\SONEAR_2025\blancherenaudin-monorepo\package.json (directory description file): SyntaxError: C:\Users\thoma\OneDrive\SONEAR_2025\blancherenaudin-monorepo\package.json (directory description file): SyntaxError: C:\Users\thoma\OneDrive\SONEAR_2025\blancherenaudin-monorepo\package.json (directory description file): SyntaxError: C:\Users\thoma\OneDrive\SONEAR_2025\blancherenaudin-monorepo\package.json (directory description file): SyntaxError: C:\Users\thoma\OneDrive\SONEAR_2025\blancherenaudin-monorepo\package.json (directory description file): SyntaxError: C:\Users\thoma\OneDrive\SONEAR_2025\blancherenaudin-monorepo\package.json (directory description file): SyntaxError: C:\Users\thoma\OneDrive\SONEAR_2025\blancherenaudin-monorepo\package.json (directory description file): SyntaxError: C:\Users\thoma\OneDrive\SONEAR_2025\blancherenaudin-monorepo\package.json (directory description file): SyntaxError: C:\Users\thoma\OneDrive\SONEAR_2025\blancherenaudin-monorepo\package.json (directory description file): SyntaxError: C:\Users\thoma\OneDrive\SONEAR_2025\blancherenaudin-monorepo\package.json (directory description file): SyntaxError: C:\Users\thoma\OneDrive\SONEAR_2025\blancherenaudin-monorepo\package.json (directory description file): SyntaxError: C:\Users\thoma\OneDrive\SONEAR_2025\blancherenaudin-monorepo\package.json (directory description file): SyntaxError: C:\Users\thoma\OneDrive\SONEAR_2025\blancherenaudin-monorepo\package.json (directory description file): SyntaxError: C:\Users\thoma\OneDrive\SONEAR_2025\blancherenaudin-monorepo\package.json (directory description file): SyntaxError: C:\Users\thoma\OneDrive\SONEAR_2025\blancherenaudin-monorepo\package.json (directory description file): SyntaxError: C:\Users\thoma\OneDrive\SONEAR_2025\blancherenaudin-monorepo\package.json (directory description file): SyntaxError: C:\Users\thoma\OneDrive\SONEAR_2025\blancherenaudin-monorepo\package.json (directory description file): SyntaxError: C:\Users\thoma\OneDrive\SONEAR_2025\blancherenaudin-monorepo\package.json (directory description file): SyntaxError: C:\Users\thoma\OneDrive\SONEAR_2025\blancherenaudin-monorepo\package.json (directory description file): SyntaxError: C:\Users\thoma\OneDrive\SONEAR_2025\blancherenaudin-monorepo\package.json (directory description file): SyntaxError: C:\Users\thoma\OneDrive\SONEAR_2025\blancherenaudin-monorepo\package.json (directory description file): SyntaxError: C:\Users\thoma\OneDrive\SONEAR_2025\blancherenaudin-monorepo\package.json (directory description file): SyntaxError: C:\Users\thoma\OneDrive\SONEAR_2025\blancherenaudin-monorepo\package.json (directory description file): SyntaxError: C:\Users\thoma\OneDrive\SONEAR_2025\blancherenaudin-monorepo\package.json (directory description file): SyntaxError: C:\Users\thoma\OneDrive\SONEAR_2025\blancherenaudin-monorepo\package.json (directory description file): SyntaxError: C:\Users\thoma\OneDrive\SONEAR_2025\blancherenaudin-monorepo\package.json (directory description file): SyntaxError: C:\Users\thoma\OneDrive\SONEAR_2025\blancherenaudin-monorepo\package.json (directory description file): SyntaxError: C:\Users\thoma\OneDrive\SONEAR_2025\blancherenaudin-monorepo\package.json (directory description file): SyntaxError: C:\Users\thoma\OneDrive\SONEAR_2025\blancherenaudin-monorepo\package.json (directory description file): SyntaxError: C:\Users\thoma\OneDrive\SONEAR_2025\blancherenaudin-monorepo\package.json (directory description file): SyntaxError: C:\Users\thoma\OneDrive\SONEAR_2025\blancherenaudin-monorepo\package.json (directory description file): SyntaxError: C:\Users\thoma\OneDrive\SONEAR_2025\blancherenaudin-monorepo\package.json (directory description file): SyntaxError: C:\Users\thoma\OneDrive\SONEAR_2025\blancherenaudin-monorepo\package.json (directory description file): SyntaxError: C:\Users\thoma\OneDrive\SONEAR_2025\blancherenaudin-monorepo\package.json (directory description file): SyntaxError: C:\Users\thoma\OneDrive\SONEAR_2025\blancherenaudin-monorepo\package.json (directory description file): SyntaxError: C:\Users\thoma\OneDrive\SONEAR_2025\blancherenaudin-monorepo\package.json (directory description file): SyntaxError: C:\Users\thoma\OneDrive\SONEAR_2025\blancherenaudin-monorepo\package.json (directory description file): SyntaxError: C:\Users\thoma\OneDrive\SONEAR_2025\blancherenaudin-monorepo\package.json (directory description file): SyntaxError: C:\Users\thoma\OneDrive\SONEAR_2025\blancherenaudin-monorepo\package.json (directory description file): SyntaxError: C:\Users\thoma\OneDrive\SONEAR_2025\blancherenaudin-monorepo\package.json (directory description file): SyntaxError: C:\Users\thoma\OneDrive\SONEAR_2025\blancherenaudin-monorepo\package.json (directory description file): SyntaxError: C:\Users\thoma\OneDrive\SONEAR_2025\blancherenaudin-monorepo\package.json (directory description file): SyntaxError: C:\Users\thoma\OneDrive\SONEAR_2025\blancherenaudin-monorepo\package.json (directory description file): SyntaxError: C:\Users\thoma\OneDrive\SONEAR_2025\blancherenaudin-monorepo\package.json (directory description file): SyntaxError: C:\Users\thoma\OneDrive\SONEAR_2025\blancherenaudin-monorepo\package.json (directory description file): SyntaxError: C:\Users\thoma\OneDrive\SONEAR_2025\blancherenaudin-monorepo\package.json (directory description file): SyntaxError: C:\Users\thoma\OneDrive\SONEAR_2025\blancherenaudin-monorepo\package.json (directory description file): SyntaxError: C:\Users\thoma\OneDrive\SONEAR_2025\blancherenaudin-monorepo\package.json (directory description file): SyntaxError: C:\Users\thoma\OneDrive\SONEAR_2025\blancherenaudin-monorepo\package.json (directory description file): SyntaxError: C:\Users\thoma\OneDrive\SONEAR_2025\blancherenaudin-monorepo\package.json (directory description file): SyntaxError: C:\Users\thoma\OneDrive\SONEAR_2025\blancherenaudin-monorepo\package.json (directory description file): SyntaxError: C:\Users\thoma\OneDrive\SONEAR_2025\blancherenaudin-monorepo\package.json (directory description file): SyntaxError: C:\Users\thoma\OneDrive\SONEAR_2025\blancherenaudin-monorepo\package.json (directory description file): SyntaxError: C:\Users\thoma\OneDrive\SONEAR_2025\blancherenaudin-monorepo\package.json (directory description file): SyntaxError: C:\Users\thoma\OneDrive\SONEAR_2025\blancherenaudin-monorepo\package.json (directory description file): SyntaxError: C:\Users\thoma\OneDrive\SONEAR_2025\blancherenaudin-monorepo\package.json (directory description file): SyntaxError: C:\Users\thoma\OneDrive\SONEAR_2025\blancherenaudin-monorepo\package.json (directory description file): SyntaxError: C:\Users\thoma\OneDrive\SONEAR_2025\blancherenaudin-monorepo\package.json (directory description file): SyntaxError: C:\Users\thoma\OneDrive\SONEAR_2025\blancherenaudin-monorepo\package.json (directory description file): SyntaxError: C:\Users\thoma\OneDrive\SONEAR_2025\blancherenaudin-monorepo\package.json (directory description file): SyntaxError: C:\Users\thoma\OneDrive\SONEAR_2025\blancherenaudin-monorepo\package.json (directory description file): SyntaxError: C:\Users\thoma\OneDrive\SONEAR_2025\blancherenaudin-monorepo\package.json (directory description file): SyntaxError: C:\Users\thoma\OneDrive\SONEAR_2025\blancherenaudin-monorepo\package.json (directory description file): SyntaxError: C:\Users\thoma\OneDrive\SONEAR_2025\blancherenaudin-monorepo\package.json (directory description file): SyntaxError: C:\Users\thoma\OneDrive\SONEAR_2025\blancherenaudin-monorepo\package.json (directory description file): SyntaxError: C:\Users\thoma\OneDrive\SONEAR_2025\blancherenaudin-monorepo\package.json (directory description file): SyntaxError: C:\Users\thoma\OneDrive\SONEAR_2025\blancherenaudin-monorepo\package.json (directory description file): SyntaxError: C:\Users\thoma\OneDrive\SONEAR_2025\blancherenaudin-monorepo\package.json (directory description file): SyntaxError: C:\Users\thoma\OneDrive\SONEAR_2025\blancherenaudin-monorepo\package.json (directory description file): SyntaxError: C:\Users\thoma\OneDrive\SONEAR_2025\blancherenaudin-monorepo\package.json (directory description file): SyntaxError: C:\Users\thoma\OneDrive\SONEAR_2025\blancherenaudin-monorepo\package.json (directory description file): SyntaxError: C:\Users\thoma\OneDrive\SONEAR_2025\blancherenaudin-monorepo\package.json (directory description file): SyntaxError: C:\Users\thoma\OneDrive\SONEAR_2025\blancherenaudin-monorepo\package.json (directory description file): SyntaxError: C:\Users\thoma\OneDrive\SONEAR_2025\blancherenaudin-monorepo\package.json (directory description file): SyntaxError: C:\Users\thoma\OneDrive\SONEAR_2025\blancherenaudin-monorepo\package.json (directory description file): SyntaxError: C:\Users\thoma\OneDrive\SONEAR_2025\blancherenaudin-monorepo\package.json (directory description file): SyntaxError: C:\Users\thoma\OneDrive\SONEAR_2025\blancherenaudin-monorepo\package.json (directory description file): SyntaxError: C:\Users\thoma\OneDrive\SONEAR_2025\blancherenaudin-monorepo\package.json (directory description file): SyntaxError: C:\Users\thoma\OneDrive\SONEAR_2025\blancherenaudin-monorepo\package.json (directory description file): SyntaxError: C:\Users\thoma\OneDrive\SONEAR_2025\blancherenaudin-monorepo\package.json (directory description file): SyntaxError: C:\Users\thoma\OneDrive\SONEAR_2025\blancherenaudin-monorepo\package.json (directory description file): SyntaxError: C:\Users\thoma\OneDrive\SONEAR_2025\blancherenaudin-monorepo\package.json (directory description file): SyntaxError: C:\Users\thoma\OneDrive\SONEAR_2025\blancherenaudin-monorepo\package.json (directory description file): SyntaxError: C:\Users\thoma\OneDrive\SONEAR_2025\blancherenaudin-monorepo\package.json (directory description file): SyntaxError: C:\Users\thoma\OneDrive\SONEAR_2025\blancherenaudin-monorepo\package.json (directory description file): SyntaxError: C:\Users\thoma\OneDrive\SONEAR_2025\blancherenaudin-monorepo\package.json (directory description file): SyntaxError: C:\Users\thoma\OneDrive\SONEAR_2025\blancherenaudin-monorepo\package.json (directory description file): SyntaxError: C:\Users\thoma\OneDrive\SONEAR_2025\blancherenaudin-monorepo\package.json (directory description file): SyntaxError: C:\Users\thoma\OneDrive\SONEAR_2025\blancherenaudin-monorepo\package.json (directory description file): SyntaxError: C:\Users\thoma\OneDrive\SONEAR_2025\blancherenaudin-monorepo\package.json (directory description file): SyntaxError: C:\Users\thoma\OneDrive\SONEAR_2025\blancherenaudin-monorepo\package.json (directory description file): SyntaxError: C:\Users\thoma\OneDrive\SONEAR_2025\blancherenaudin-monorepo\package.json (directory description file): SyntaxError: C:\Users\thoma\OneDrive\SONEAR_2025\blancherenaudin-monorepo\package.json (directory description file): SyntaxError: C:\Users\thoma\OneDrive\SONEAR_2025\blancherenaudin-monorepo\package.json (directory description file): SyntaxError: C:\Users\thoma\OneDrive\SONEAR_2025\blancherenaudin-monorepo\package.json (directory description file): SyntaxError: C:\Users\thoma\OneDrive\SONEAR_2025\blancherenaudin-monorepo\package.json (directory description file): SyntaxError: C:\Users\thoma\OneDrive\SONEAR_2025\blancherenaudin-monorepo\package.json (directory description file): SyntaxError: C:\Users\thoma\OneDrive\SONEAR_2025\blancherenaudin-monorepo\package.json (directory description file): SyntaxError: C:\Users\thoma\OneDrive\SONEAR_2025\blancherenaudin-monorepo\package.json (directory description file): SyntaxError: C:\Users\thoma\OneDrive\SONEAR_2025\blancherenaudin-monorepo\package.json (directory description file): SyntaxError: C:\Users\thoma\OneDrive\SONEAR_2025\blancherenaudin-monorepo\package.json (directory description file): SyntaxError: C:\Users\thoma\OneDrive\SONEAR_2025\blancherenaudin-monorepo\package.json (directory description file): SyntaxError: C:\Users\thoma\OneDrive\SONEAR_2025\blancherenaudin-monorepo\package.json (directory description file): SyntaxError: C:\Users\thoma\OneDrive\SONEAR_2025\blancherenaudin-monorepo\package.json (directory description file): SyntaxError: C:\Users\thoma\OneDrive\SONEAR_2025\blancherenaudin-monorepo\package.json (directory description file): SyntaxError: C:\Users\thoma\OneDrive\SONEAR_2025\blancherenaudin-monorepo\package.json (directory description file): SyntaxError: C:\Users\thoma\OneDrive\SONEAR_2025\blancherenaudin-monorepo\package.json (directory description file): SyntaxError: C:\Users\thoma\OneDrive\SONEAR_2025\blancherenaudin-monorepo\package.json (directory description file): SyntaxError: C:\Users\thoma\OneDrive\SONEAR_2025\blancherenaudin-monorepo\package.json (directory description file): SyntaxError: C:\Users\thoma\OneDrive\SONEAR_2025\blancherenaudin-monorepo\package.json (directory description file): SyntaxError: C:\Users\thoma\OneDrive\SONEAR_2025\blancherenaudin-monorepo\package.json (directory description file): SyntaxError: C:\Users\thoma\OneDrive\SONEAR_2025\blancherenaudin-monorepo\package.json (directory description file): SyntaxError: C:\Users\thoma\OneDrive\SONEAR_2025\blancherenaudin-monorepo\package.json (directory description file): SyntaxError: C:\Users\thoma\OneDrive\SONEAR_2025\blancherenaudin-monorepo\package.json (directory description file): SyntaxError: C:\Users\thoma\OneDrive\SONEAR_2025\blancherenaudin-monorepo\package.json (directory description file): SyntaxError: C:\Users\thoma\OneDrive\SONEAR_2025\blancherenaudin-monorepo\package.json (directory description file): SyntaxError: C:\Users\thoma\OneDrive\SONEAR_2025\blancherenaudin-monorepo\package.json (directory description file): SyntaxError: C:\Users\thoma\OneDrive\SONEAR_2025\blancherenaudin-monorepo\package.json (directory description file): SyntaxError: C:\Users\thoma\OneDrive\SONEAR_2025\blancherenaudin-monorepo\package.json (directory description file): SyntaxError: C:\Users\thoma\OneDrive\SONEAR_2025\blancherenaudin-monorepo\package.json (directory description file): SyntaxError: C:\Users\thoma\OneDrive\SONEAR_2025\blancherenaudin-monorepo\package.json (directory description file): SyntaxError: C:\Users\thoma\OneDrive\SONEAR_2025\blancherenaudin-monorepo\package.json (directory description file): SyntaxError: C:\Users\thoma\OneDrive\SONEAR_2025\blancherenaudin-monorepo\package.json (directory description file): SyntaxError: C:\Users\thoma\OneDrive\SONEAR_2025\blancherenaudin-monorepo\package.json (directory description file): SyntaxError: C:\Users\thoma\OneDrive\SONEAR_2025\blancherenaudin-monorepo\package.json (directory description file): SyntaxError: C:\Users\thoma\OneDrive\SONEAR_2025\blancherenaudin-monorepo\package.json (directory description file): SyntaxError: C:\Users\thoma\OneDrive\SONEAR_2025\blancherenaudin-monorepo\package.json (directory description file): SyntaxError: C:\Users\thoma\OneDrive\SONEAR_2025\blancherenaudin-monorepo\package.json (directory description file): SyntaxError: C:\Users\thoma\OneDrive\SONEAR_2025\blancherenaudin-monorepo\package.json (directory description file): SyntaxError: C:\Users\thoma\OneDrive\SONEAR_2025\blancherenaudin-monorepo\package.json (directory description file): SyntaxError: C:\Users\thoma\OneDrive\SONEAR_2025\blancherenaudin-monorepo\package.json (directory description file): SyntaxError: C:\Users\thoma\OneDrive\SONEAR_2025\blancherenaudin-monorepo\package.json (directory description file): SyntaxError: C:\Users\thoma\OneDrive\SONEAR_2025\blancherenaudin-monorepo\package.json (directory description file): SyntaxError: C:\Users\thoma\OneDrive\SONEAR_2025\blancherenaudin-monorepo\package.json (directory description file): SyntaxError: C:\Users\thoma\OneDrive\SONEAR_2025\blancherenaudin-monorepo\package.json (directory description file): SyntaxError: C:\Users\thoma\OneDrive\SONEAR_2025\blancherenaudin-monorepo\package.json (directory description file): SyntaxError: C:\Users\thoma\OneDrive\SONEAR_2025\blancherenaudin-monorepo\package.json (directory description file): SyntaxError: C:\Users\thoma\OneDrive\SONEAR_2025\blancherenaudin-monorepo\package.json (directory description file): SyntaxError: C:\Users\thoma\OneDrive\SONEAR_2025\blancherenaudin-monorepo\package.json (directory description file): SyntaxError: C:\Users\thoma\OneDrive\SONEAR_2025\blancherenaudin-monorepo\package.json (directory description file): SyntaxError: C:\Users\thoma\OneDrive\SONEAR_2025\blancherenaudin-monorepo\package.json (directory description file): SyntaxError: C:\Users\thoma\OneDrive\SONEAR_2025\blancherenaudin-monorepo\package.json (directory description file): SyntaxError: C:\Users\thoma\OneDrive\SONEAR_2025\blancherenaudin-monorepo\package.json (directory description file): SyntaxError: C:\Users\thoma\OneDrive\SONEAR_2025\blancherenaudin-monorepo\package.json (directory description file): SyntaxError: C:\Users\thoma\OneDrive\SONEAR_2025\blancherenaudin-monorepo\package.json (directory description file): SyntaxError: C:\Users\thoma\OneDrive\SONEAR_2025\blancherenaudin-monorepo\package.json (directory description file): SyntaxError: C:\Users\thoma\OneDrive\SONEAR_2025\blancherenaudin-monorepo\package.json (directory description file): SyntaxError: C:\Users\thoma\OneDrive\SONEAR_2025\blancherenaudin-monorepo\package.json (directory description file): SyntaxError: C:\Users\thoma\OneDrive\SONEAR_2025\blancherenaudin-monorepo\package.json (directory description file): SyntaxError: C:\Users\thoma\OneDrive\SONEAR_2025\blancherenaudin-monorepo\package.json (directory description file): SyntaxError: C:\Users\thoma\OneDrive\SONEAR_2025\blancherenaudin-monorepo\package.json (directory description file): SyntaxError: C:\Users\thoma\OneDrive\SONEAR_2025\blancherenaudin-monorepo\package.json (directory description file): SyntaxError: C:\Users\thoma\OneDrive\SONEAR_2025\blancherenaudin-monorepo\package.json (directory description file): SyntaxError: C:\Users\thoma\OneDrive\SONEAR_2025\blancherenaudin-monorepo\package.json (directory description file): SyntaxError: C:\Users\thoma\OneDrive\SONEAR_2025\blancherenaudin-monorepo\package.json (directory description file): SyntaxError: C:\Users\thoma\OneDrive\SONEAR_2025\blancherenaudin-monorepo\package.json (directory description file): SyntaxError: C:\Users\thoma\OneDrive\SONEAR_2025\blancherenaudin-monorepo\package.json (directory description file): SyntaxError: C:\Users\thoma\OneDrive\SONEAR_2025\blancherenaudin-monorepo\package.json (directory description file): SyntaxError: C:\Users\thoma\OneDrive\SONEAR_2025\blancherenaudin-monorepo\package.json (directory description file): SyntaxError: C:\Users\thoma\OneDrive\SONEAR_2025\blancherenaudin-monorepo\package.json (directory description file): SyntaxError: C:\Users\thoma\OneDrive\SONEAR_2025\blancherenaudin-monorepo\package.json (directory description file): SyntaxError: C:\Users\thoma\OneDrive\SONEAR_2025\blancherenaudin-monorepo\package.json (directory description file): SyntaxError: C:\Users\thoma\OneDrive\SONEAR_2025\blancherenaudin-monorepo\package.json (directory description file): SyntaxError: C:\Users\thoma\OneDrive\SONEAR_2025\blancherenaudin-monorepo\package.json (directory description file): SyntaxError: C:\Users\thoma\OneDrive\SONEAR_2025\blancherenaudin-monorepo\package.json (directory description file): SyntaxError: C:\Users\thoma\OneDrive\SONEAR_2025\blancherenaudin-monorepo\package.json (directory description file): SyntaxError: C:\Users\thoma\OneDrive\SONEAR_2025\blancherenaudin-monorepo\package.json (directory description file): SyntaxError: C:\Users\thoma\OneDrive\SONEAR_2025\blancherenaudin-monorepo\package.json (directory description file): SyntaxError: C:\Users\thoma\OneDrive\SONEAR_2025\blancherenaudin-monorepo\package.json (directory description file): SyntaxError: C:\Users\thoma\OneDrive\SONEAR_2025\blancherenaudin-monorepo\package.json (directory description file): SyntaxError: C:\Users\thoma\OneDrive\SONEAR_2025\blancherenaudin-monorepo\package.json (directory description file): SyntaxError: C:\Users\thoma\OneDrive\SONEAR_2025\blancherenaudin-monorepo\package.json (directory description file): SyntaxError: C:\Users\thoma\OneDrive\SONEAR_2025\blancherenaudin-monorepo\package.json (directory description file): SyntaxError: C:\Users\thoma\OneDrive\SONEAR_2025\blancherenaudin-monorepo\package.json (directory description file): SyntaxError: C:\Users\thoma\OneDrive\SONEAR_2025\blancherenaudin-monorepo\package.json (directory description file): SyntaxError: C:\Users\thoma\OneDrive\SONEAR_2025\blancherenaudin-monorepo\package.json (directory description file): SyntaxError: C:\Users\thoma\OneDrive\SONEAR_2025\blancherenaudin-monorepo\package.json (directory description file): SyntaxError: C:\Users\thoma\OneDrive\SONEAR_2025\blancherenaudin-monorepo\package.json (directory description file): SyntaxError: C:\Users\thoma\OneDrive\SONEAR_2025\blancherenaudin-monorepo\package.json (directory description file): SyntaxError: C:\Users\thoma\OneDrive\SONEAR_2025\blancherenaudin-monorepo\package.json (directory description file): SyntaxError: C:\Users\thoma\OneDrive\SONEAR_2025\blancherenaudin-monorepo\package.json (directory description file): SyntaxError: C:\Users\thoma\OneDrive\SONEAR_2025\blancherenaudin-monorepo\package.json (directory description file): SyntaxError: C:\Users\thoma\OneDrive\SONEAR_2025\blancherenaudin-monorepo\package.json (directory description file): SyntaxError: C:\Users\thoma\OneDrive\SONEAR_2025\blancherenaudin-monorepo\package.json (directory description file): SyntaxError: C:\Users\thoma\OneDrive\SONEAR_2025\blancherenaudin-monorepo\package.json (directory description file): SyntaxError: C:\Users\thoma\OneDrive\SONEAR_2025\blancherenaudin-monorepo\package.json (directory description file): SyntaxError: C:\Users\thoma\OneDrive\SONEAR_2025\blancherenaudin-monorepo\package.json (directory description file): SyntaxError: C:\Users\thoma\OneDrive\SONEAR_2025\blancherenaudin-monorepo\package.json (directory description file): SyntaxError: C:\Users\thoma\OneDrive\SONEAR_2025\blancherenaudin-monorepo\package.json (directory description file): SyntaxError: C:\Users\thoma\OneDrive\SONEAR_2025\blancherenaudin-monorepo\package.json (directory description file): SyntaxError: C:\Users\thoma\OneDrive\SONEAR_2025\blancherenaudin-monorepo\package.json (directory description file): SyntaxError: C:\Users\thoma\OneDrive\SONEAR_2025\blancherenaudin-monorepo\package.json (directory description file): SyntaxError: C:\Users\thoma\OneDrive\SONEAR_2025\blancherenaudin-monorepo\package.json (directory description file): SyntaxError: C:\Users\thoma\OneDrive\SONEAR_2025\blancherenaudin-monorepo\package.json (directory description file): SyntaxError: C:\Users\thoma\OneDrive\SONEAR_2025\blancherenaudin-monorepo\package.json (directory description file): SyntaxError: C:\Users\thoma\OneDrive\SONEAR_2025\blancherenaudin-monorepo\package.json (directory description file): SyntaxError: C:\Users\thoma\OneDrive\SONEAR_2025\blancherenaudin-monorepo\package.json (directory description file): SyntaxError: C:\Users\thoma\OneDrive\SONEAR_2025\blancherenaudin-monorepo\package.json (directory description file): SyntaxError: C:\Users\thoma\OneDrive\SONEAR_2025\blancherenaudin-monorepo\package.json (directory description file): SyntaxError: C:\Users\thoma\OneDrive\SONEAR_2025\blancherenaudin-monorepo\package.json (directory description file): SyntaxError: C:\Users\thoma\OneDrive\SONEAR_2025\blancherenaudin-monorepo\package.json (directory description file): SyntaxError: C:\Users\thoma\OneDrive\SONEAR_2025\blancherenaudin-monorepo\package.json (directory description file): SyntaxError: C:\Users\thoma\OneDrive\SONEAR_2025\blancherenaudin-monorepo\package.json (directory description file): SyntaxError: C:\Users\thoma\OneDrive\SONEAR_2025\blancherenaudin-monorepo\package.json (directory description file): SyntaxError: C:\Users\thoma\OneDrive\SONEAR_2025\blancherenaudin-monorepo\package.json (directory description file): SyntaxError: C:\Users\thoma\OneDrive\SONEAR_2025\blancherenaudin-monorepo\package.json (directory description file): SyntaxError: C:\Users\thoma\OneDrive\SONEAR_2025\blancherenaudin-monorepo\package.json (directory description file): SyntaxError: C:\Users\thoma\OneDrive\SONEAR_2025\blancherenaudin-monorepo\package.json (directory description file): SyntaxError: C:\Users\thoma\OneDrive\SONEAR_2025\blancherenaudin-monorepo\package.json (directory description file): SyntaxError: C:\Users\thoma\OneDrive\SONEAR_2025\blancherenaudin-monorepo\package.json (directory description file): SyntaxError: C:\Users\thoma\OneDrive\SONEAR_2025\blancherenaudin-monorepo\package.json (directory description file): SyntaxError: C:\Users\thoma\OneDrive\SONEAR_2025\blancherenaudin-monorepo\package.json (directory description file): SyntaxError: C:\Users\thoma\OneDrive\SONEAR_2025\blancherenaudin-monorepo\package.json (directory description file): SyntaxError: C:\Users\thoma\OneDrive\SONEAR_2025\blancherenaudin-monorepo\package.json (directory description file): SyntaxError: C:\Users\thoma\OneDrive\SONEAR_2025\blancherenaudin-monorepo\package.json (directory description file): SyntaxError: C:\Users\thoma\OneDrive\SONEAR_2025\blancherenaudin-monorepo\package.json (directory description file): SyntaxError: C:\Users\thoma\OneDrive\SONEAR_2025\blancherenaudin-monorepo\package.json (directory description file): SyntaxError: C:\Users\thoma\OneDrive\SONEAR_2025\blancherenaudin-monorepo\package.json (directory description file): SyntaxError: C:\Users\thoma\OneDrive\SONEAR_2025\blancherenaudin-monorepo\package.json (directory description file): SyntaxError: C:\Users\thoma\OneDrive\SONEAR_2025\blancherenaudin-monorepo\package.json (directory description file): SyntaxError: C:\Users\thoma\OneDrive\SONEAR_2025\blancherenaudin-monorepo\package.json (directory description file): SyntaxError: C:\Users\thoma\OneDrive\SONEAR_2025\blancherenaudin-monorepo\package.json (directory description file): SyntaxError: C:\Users\thoma\OneDrive\SONEAR_2025\blancherenaudin-monorepo\package.json (directory description file): SyntaxError: C:\Users\thoma\OneDrive\SONEAR_2025\blancherenaudin-monorepo\package.json (directory description file): SyntaxError: C:\Users\thoma\OneDrive\SONEAR_2025\blancherenaudin-monorepo\package.json (directory description file): SyntaxError: C:\Users\thoma\OneDrive\SONEAR_2025\blancherenaudin-monorepo\package.json (directory description file): SyntaxError: C:\Users\thoma\OneDrive\SONEAR_2025\blancherenaudin-monorepo\package.json (directory description file): SyntaxError: C:\Users\thoma\OneDrive\SONEAR_2025\blancherenaudin-monorepo\package.json (directory description file): SyntaxError: C:\Users\thoma\OneDrive\SONEAR_2025\blancherenaudin-monorepo\package.json (directory description file): SyntaxError: C:\Users\thoma\OneDrive\SONEAR_2025\blancherenaudin-monorepo\package.json (directory description file): SyntaxError: C:\Users\thoma\OneDrive\SONEAR_2025\blancherenaudin-monorepo\package.json (directory description file): SyntaxError: C:\Users\thoma\OneDrive\SONEAR_2025\blancherenaudin-monorepo\package.json (directory description file): SyntaxError: C:\Users\thoma\OneDrive\SONEAR_2025\blancherenaudin-monorepo\package.json (directory description file): SyntaxError: C:\Users\thoma\OneDrive\SONEAR_2025\blancherenaudin-monorepo\package.json (directory description file): SyntaxError: C:\Users\thoma\OneDrive\SONEAR_2025\blancherenaudin-monorepo\package.json (directory description file): SyntaxError: C:\Users\thoma\OneDrive\SONEAR_2025\blancherenaudin-monorepo\package.json (directory description file): SyntaxError: C:\Users\thoma\OneDrive\SONEAR_2025\blancherenaudin-monorepo\package.json (directory description file): SyntaxError: C:\Users\thoma\OneDrive\SONEAR_2025\blancherenaudin-monorepo\package.json (directory description file): SyntaxError: C:\Users\thoma\OneDrive\SONEAR_2025\blancherenaudin-monorepo\package.json (directory description file): SyntaxError: C:\Users\thoma\OneDrive\SONEAR_2025\blancherenaudin-monorepo\package.json (directory description file): SyntaxError: C:\Users\thoma\OneDrive\SONEAR_2025\blancherenaudin-monorepo\package.json (directory description file): SyntaxError: C:\Users\thoma\OneDrive\SONEAR_2025\blancherenaudin-monorepo\package.json (directory description file): SyntaxError: C:\Users\thoma\OneDrive\SONEAR_2025\blancherenaudin-monorepo\package.json (directory description file): SyntaxError: C:\Users\thoma\OneDrive\SONEAR_2025\blancherenaudin-monorepo\package.json (directory description file): SyntaxError: C:\Users\thoma\OneDrive\SONEAR_2025\blancherenaudin-monorepo\package.json (directory description file): SyntaxError: C:\Users\thoma\OneDrive\SONEAR_2025\blancherenaudin-monorepo\package.json (directory description file): SyntaxError: C:\Users\thoma\OneDrive\SONEAR_2025\blancherenaudin-monorepo\package.json (directory description file): SyntaxError: C:\Users\thoma\OneDrive\SONEAR_2025\blancherenaudin-monorepo\package.json (directory description file): SyntaxError: C:\Users\thoma\OneDrive\SONEAR_2025\blancherenaudin-monorepo\package.json (directory description file): SyntaxError: C:\Users\thoma\OneDrive\SONEAR_2025\blancherenaudin-monorepo\package.json (directory description file): SyntaxError: C:\Users\thoma\OneDrive\SONEAR_2025\blancherenaudin-monorepo\package.json (directory description file): SyntaxError: C:\Users\thoma\OneDrive\SONEAR_2025\blancherenaudin-monorepo\package.json (directory description file): SyntaxError: C:\Users\thoma\OneDrive\SONEAR_2025\blancherenaudin-monorepo\package.json (directory description file): SyntaxError: C:\Users\thoma\OneDrive\SONEAR_2025\blancherenaudin-monorepo\package.json (directory description file): SyntaxError: C:\Users\thoma\OneDrive\SONEAR_2025\blancherenaudin-monorepo\package.json (directory description file): SyntaxError: C:\Users\thoma\OneDrive\SONEAR_2025\blancherenaudin-monorepo\package.json (directory description file): SyntaxError: C:\Users\thoma\OneDrive\SONEAR_2025\blancherenaudin-monorepo\package.json (directory description file): SyntaxError: C:\Users\thoma\OneDrive\SONEAR_2025\blancherenaudin-monorepo\package.json (directory description file): SyntaxError: C:\Users\thoma\OneDrive\SONEAR_2025\blancherenaudin-monorepo\package.json (directory description file): SyntaxError: C:\Users\thoma\OneDrive\SONEAR_2025\blancherenaudin-monorepo\package.json (directory description file): SyntaxError: C:\Users\thoma\OneDrive\SONEAR_2025\blancherenaudin-monorepo\package.json (directory description file): SyntaxError: C:\Users\thoma\OneDrive\SONEAR_2025\blancherenaudin-monorepo\package.json (directory description file): SyntaxError: C:\Users\thoma\OneDrive\SONEAR_2025\blancherenaudin-monorepo\package.json (directory description file): SyntaxError: C:\Users\thoma\OneDrive\SONEAR_2025\blancherenaudin-monorepo\package.json (directory description file): SyntaxError: C:\Users\thoma\OneDrive\SONEAR_2025\blancherenaudin-monorepo\package.json (directory description file): SyntaxError: C:\Users\thoma\OneDrive\SONEAR_2025\blancherenaudin-monorepo\package.json (directory description file): SyntaxError: C:\Users\thoma\OneDrive\SONEAR_2025\blancherenaudin-monorepo\package.json (directory description file): SyntaxError: C:\Users\thoma\OneDrive\SONEAR_2025\blancherenaudin-monorepo\package.json (directory description file): SyntaxError: C:\Users\thoma\OneDrive\SONEAR_2025\blancherenaudin-monorepo\package.json (directory description file): SyntaxError: C:\Users\thoma\OneDrive\SONEAR_2025\blancherenaudin-monorepo\package.json (directory description file): SyntaxError: C:\Users\thoma\OneDrive\SONEAR_2025\blancherenaudin-monorepo\package.json (directory description file): SyntaxError: C:\Users\thoma\OneDrive\SONEAR_2025\blancherenaudin-monorepo\package.json (directory description file): SyntaxError: C:\Users\thoma\OneDrive\SONEAR_2025\blancherenaudin-monorepo\package.json (directory description file): SyntaxError: C:\Users\thoma\OneDrive\SONEAR_2025\blancherenaudin-monorepo\package.json (directory description file): SyntaxError: C:\Users\thoma\OneDrive\SONEAR_2025\blancherenaudin-monorepo\package.json (directory description file): SyntaxError: C:\Users\thoma\OneDrive\SONEAR_2025\blancherenaudin-monorepo\package.json (directory description file): SyntaxError: C:\Users\thoma\OneDrive\SONEAR_2025\blancherenaudin-monorepo\package.json (directory description file): SyntaxError: C:\Users\thoma\OneDrive\SONEAR_2025\blancherenaudin-monorepo\package.json (directory description file): SyntaxError: C:\Users\thoma\OneDrive\SONEAR_2025\blancherenaudin-monorepo\package.json (directory description file): SyntaxError: C:\Users\thoma\OneDrive\SONEAR_2025\blancherenaudin-monorepo\package.json (directory description file): SyntaxError: C:\Users\thoma\OneDrive\SONEAR_2025\blancherenaudin-monorepo\package.json (directory description file): SyntaxError: C:\Users\thoma\OneDrive\SONEAR_2025\blancherenaudin-monorepo\package.json (directory description file): SyntaxError: C:\Users\thoma\OneDrive\SONEAR_2025\blancherenaudin-monorepo\package.json (directory description file): SyntaxError: C:\Users\thoma\OneDrive\SONEAR_2025\blancherenaudin-monorepo\package.json (directory description file): SyntaxError: C:\Users\thoma\OneDrive\SONEAR_2025\blancherenaudin-monorepo\package.json (directory description file): SyntaxError: C:\Users\thoma\OneDrive\SONEAR_2025\blancherenaudin-monorepo\package.json (directory description file): SyntaxError: C:\Users\thoma\OneDrive\SONEAR_2025\blancherenaudin-monorepo\package.json (directory description file): SyntaxError: C:\Users\thoma\OneDrive\SONEAR_2025\blancherenaudin-monorepo\package.json (directory description file): SyntaxError: C:\Users\thoma\OneDrive\SONEAR_2025\blancherenaudin-monorepo\package.json (directory description file): SyntaxError: C:\Users\thoma\OneDrive\SONEAR_2025\blancherenaudin-monorepo\package.json (directory description file): SyntaxError: C:\Users\thoma\OneDrive\SONEAR_2025\blancherenaudin-monorepo\package.json (directory description file): SyntaxError: C:\Users\thoma\OneDrive\SONEAR_2025\blancherenaudin-monorepo\package.json (directory description file): SyntaxError: C:\Users\thoma\OneDrive\SONEAR_2025\blancherenaudin-monorepo\package.json (directory description file): SyntaxError: C:\Users\thoma\OneDrive\SONEAR_2025\blancherenaudin-monorepo\package.json (directory description file): SyntaxError: C:\Users\thoma\OneDrive\SONEAR_2025\blancherenaudin-monorepo\package.json (directory description file): SyntaxError: C:\Users\thoma\OneDrive\SONEAR_2025\blancherenaudin-monorepo\package.json (directory description file): SyntaxError: C:\Users\thoma\OneDrive\SONEAR_2025\blancherenaudin-monorepo\package.json (directory description file): SyntaxError: C:\Users\thoma\OneDrive\SONEAR_2025\blancherenaudin-monorepo\package.json (directory description file): SyntaxError: C:\Users\thoma\OneDrive\SONEAR_2025\blancherenaudin-monorepo\package.json (directory description file): SyntaxError: C:\Users\thoma\OneDrive\SONEAR_2025\blancherenaudin-monorepo\package.json (directory description file): SyntaxError: C:\Users\thoma\OneDrive\SONEAR_2025\blancherenaudin-monorepo\package.json (directory description file): SyntaxError: C:\Users\thoma\OneDrive\SONEAR_2025\blancherenaudin-monorepo\package.json (directory description file): SyntaxError: C:\Users\thoma\OneDrive\SONEAR_2025\blancherenaudin-monorepo\package.json (directory description file): SyntaxError: C:\Users\thoma\OneDrive\SONEAR_2025\blancherenaudin-monorepo\package.json (directory description file): SyntaxError: C:\Users\thoma\OneDrive\SONEAR_2025\blancherenaudin-monorepo\package.json (directory description file): SyntaxError: C:\Users\thoma\OneDrive\SONEAR_2025\blancherenaudin-monorepo\package.json (directory description file): SyntaxError: C:\Users\thoma\OneDrive\SONEAR_2025\blancherenaudin-monorepo\package.json (directory description file): SyntaxError: C:\Users\thoma\OneDrive\SONEAR_2025\blancherenaudin-monorepo\package.json (directory description file): SyntaxError: C:\Users\thoma\OneDrive\SONEAR_2025\blancherenaudin-monorepo\package.json (directory description file): SyntaxError: C:\Users\thoma\OneDrive\SONEAR_2025\blancherenaudin-monorepo\package.json (directory description file): SyntaxError: C:\Users\thoma\OneDrive\SONEAR_2025\blancherenaudin-monorepo\package.json (directory description file): SyntaxError: C:\Users\thoma\OneDrive\SONEAR_2025\blancherenaudin-monorepo\package.json (directory description file): SyntaxError: C:\Users\thoma\OneDrive\SONEAR_2025\blancherenaudin-monorepo\package.json (directory description file): SyntaxError: C:\Users\thoma\OneDrive\SONEAR_2025\blancherenaudin-monorepo\package.json (directory description file): SyntaxError: C:\Users\thoma\OneDrive\SONEAR_2025\blancherenaudin-monorepo\package.json (directory description file): SyntaxError: C:\Users\thoma\OneDrive\SONEAR_2025\blancherenaudin-monorepo\package.json (directory description file): SyntaxError: C:\Users\thoma\OneDrive\SONEAR_2025\blancherenaudin-monorepo\package.json (directory description file): SyntaxError: C:\Users\thoma\OneDrive\SONEAR_2025\blancherenaudin-monorepo\package.json (directory description file): SyntaxError: C:\Users\thoma\OneDrive\SONEAR_2025\blancherenaudin-monorepo\package.json (directory description file): SyntaxError: C:\Users\thoma\OneDrive\SONEAR_2025\blancherenaudin-monorepo\package.json (directory description file): SyntaxError: C:\Users\thoma\OneDrive\SONEAR_2025\blancherenaudin-monorepo\package.json (directory description file): SyntaxError: C:\Users\thoma\OneDrive\SONEAR_2025\blancherenaudin-monorepo\package.json (directory description file): SyntaxError: C:\Users\thoma\OneDrive\SONEAR_2025\blancherenaudin-monorepo\package.json (directory description file): SyntaxError: C:\Users\thoma\OneDrive\SONEAR_2025\blancherenaudin-monorepo\package.json (directory description file): SyntaxError: C:\Users\thoma\OneDrive\SONEAR_2025\blancherenaudin-monorepo\package.json (directory description file): SyntaxError: C:\Users\thoma\OneDrive\SONEAR_2025\blancherenaudin-monorepo\package.json (directory description file): SyntaxError: C:\Users\thoma\OneDrive\SONEAR_2025\blancherenaudin-monorepo\package.json (directory description file): SyntaxError: C:\Users\thoma\OneDrive\SONEAR_2025\blancherenaudin-monorepo\package.json (directory description file): SyntaxError: C:\Users\thoma\OneDrive\SONEAR_2025\blancherenaudin-monorepo\package.json (directory description file): SyntaxError: C:\Users\thoma\OneDrive\SONEAR_2025\blancherenaudin-monorepo\package.json (directory description file): SyntaxError: C:\Users\thoma\OneDrive\SONEAR_2025\blancherenaudin-monorepo\package.json (directory description file): SyntaxError: C:\Users\thoma\OneDrive\SONEAR_2025\blancherenaudin-monorepo\package.json (directory description file): SyntaxError: C:\Users\thoma\OneDrive\SONEAR_2025\blancherenaudin-monorepo\package.json (directory description file): SyntaxError: C:\Users\thoma\OneDrive\SONEAR_2025\blancherenaudin-monorepo\package.json (directory description file): SyntaxError: C:\Users\thoma\OneDrive\SONEAR_2025\blancherenaudin-monorepo\package.json (directory description file): SyntaxError: C:\Users\thoma\OneDrive\SONEAR_2025\blancherenaudin-monorepo\package.json (directory description file): SyntaxError: C:\Users\thoma\OneDrive\SONEAR_2025\blancherenaudin-monorepo\package.json (directory description file): SyntaxError: C:\Users\thoma\OneDrive\SONEAR_2025\blancherenaudin-monorepo\package.json (directory description file): SyntaxError: C:\Users\thoma\OneDrive\SONEAR_2025\blancherenaudin-monorepo\package.json (directory description file): SyntaxError: C:\Users\thoma\OneDrive\SONEAR_2025\blancherenaudin-monorepo\package.json (directory description file): SyntaxError: C:\Users\thoma\OneDrive\SONEAR_2025\blancherenaudin-monorepo\package.json (directory description file): SyntaxError: C:\Users\thoma\OneDrive\SONEAR_2025\blancherenaudin-monorepo\package.json (directory description file): SyntaxError: C:\Users\thoma\OneDrive\SONEAR_2025\blancherenaudin-monorepo\package.json (directory description file): SyntaxError: C:\Users\thoma\OneDrive\SONEAR_2025\blancherenaudin-monorepo\package.json (directory description file): SyntaxError: C:\Users\thoma\OneDrive\SONEAR_2025\blancherenaudin-monorepo\package.json (directory description file): SyntaxError: C:\Users\thoma\OneDrive\SONEAR_2025\blancherenaudin-monorepo\package.json (directory description file): SyntaxError: C:\Users\thoma\OneDrive\SONEAR_2025\blancherenaudin-monorepo\package.json (directory description file): SyntaxError: C:\Users\thoma\OneDrive\SONEAR_2025\blancherenaudin-monorepo\package.json (directory description file): SyntaxError: C:\Users\thoma\OneDrive\SONEAR_2025\blancherenaudin-monorepo\package.json (directory description file): SyntaxError: C:\Users\thoma\OneDrive\SONEAR_2025\blancherenaudin-monorepo\package.json (directory description file): SyntaxError: C:\Users\thoma\OneDrive\SONEAR_2025\blancherenaudin-monorepo\package.json (directory description file): SyntaxError: C:\Users\thoma\OneDrive\SONEAR_2025\blancherenaudin-monorepo\package.json (directory description file): SyntaxError: C:\Users\thoma\OneDrive\SONEAR_2025\blancherenaudin-monorepo\package.json (directory description file): SyntaxError: C:\Users\thoma\OneDrive\SONEAR_2025\blancherenaudin-monorepo\package.json (directory description file): SyntaxError: C:\Users\thoma\OneDrive\SONEAR_2025\blancherenaudin-monorepo\package.json (directory description file): SyntaxError: C:\Users\thoma\OneDrive\SONEAR_2025\blancherenaudin-monorepo\package.json (directory description file): SyntaxError: C:\Users\thoma\OneDrive\SONEAR_2025\blancherenaudin-monorepo\package.json (directory description file): SyntaxError: C:\Users\thoma\OneDrive\SONEAR_2025\blancherenaudin-monorepo\package.json (directory description file): SyntaxError: C:\Users\thoma\OneDrive\SONEAR_2025\blancherenaudin-monorepo\package.json (directory description file): SyntaxError: C:\Users\thoma\OneDrive\SONEAR_2025\blancherenaudin-monorepo\package.json (directory description file): SyntaxError: C:\Users\thoma\OneDrive\SONEAR_2025\blancherenaudin-monorepo\package.json (directory description file): SyntaxError: C:\Users\thoma\OneDrive\SONEAR_2025\blancherenaudin-monorepo\package.json (directory description file): SyntaxError: C:\Users\thoma\OneDrive\SONEAR_2025\blancherenaudin-monorepo\package.json (directory description file): SyntaxError: C:\Users\thoma\OneDrive\SONEAR_2025\blancherenaudin-monorepo\package.json (directory description file): SyntaxError: C:\Users\thoma\OneDrive\SONEAR_2025\blancherenaudin-monorepo\package.json (directory description file): SyntaxError: C:\Users\thoma\OneDrive\SONEAR_2025\blancherenaudin-monorepo\package.json (directory description file): SyntaxError: C:\Users\thoma\OneDrive\SONEAR_2025\blancherenaudin-monorepo\package.json (directory description file): SyntaxError: C:\Users\thoma\OneDrive\SONEAR_2025\blancherenaudin-monorepo\package.json (directory description file): SyntaxError: C:\Users\thoma\OneDrive\SONEAR_2025\blancherenaudin-monorepo\package.json (directory description file): SyntaxError: C:\Users\thoma\OneDrive\SONEAR_2025\blancherenaudin-monorepo\package.json (directory description file): SyntaxError: C:\Users\thoma\OneDrive\SONEAR_2025\blancherenaudin-monorepo\package.json (directory description file): SyntaxError: C:\Users\thoma\OneDrive\SONEAR_2025\blancherenaudin-monorepo\package.json (directory description file): SyntaxError: C:\Users\thoma\OneDrive\SONEAR_2025\blancherenaudin-monorepo\package.json (directory description file): SyntaxError: C:\Users\thoma\OneDrive\SONEAR_2025\blancherenaudin-monorepo\package.json (directory description file): SyntaxError: C:\Users\thoma\OneDrive\SONEAR_2025\blancherenaudin-monorepo\package.json (directory description file): SyntaxError: C:\Users\thoma\OneDrive\SONEAR_2025\blancherenaudin-monorepo\package.json (directory description file): SyntaxError: C:\Users\thoma\OneDrive\SONEAR_2025\blancherenaudin-monorepo\package.json (directory description file): SyntaxError: C:\Users\thoma\OneDrive\SONEAR_2025\blancherenaudin-monorepo\package.json (directory description file): SyntaxError: C:\Users\thoma\OneDrive\SONEAR_2025\blancherenaudin-monorepo\package.json (directory description file): SyntaxError: C:\Users\thoma\OneDrive\SONEAR_2025\blancherenaudin-monorepo\package.json (directory description file): SyntaxError: C:\Users\thoma\OneDrive\SONEAR_2025\blancherenaudin-monorepo\package.json (directory description file): SyntaxError: C:\Users\thoma\OneDrive\SONEAR_2025\blancherenaudin-monorepo\package.json (directory description file): SyntaxError: C:\Users\thoma\OneDrive\SONEAR_2025\blancherenaudin-monorepo\package.json (directory description file): SyntaxError: C:\Users\thoma\OneDrive\SONEAR_2025\blancherenaudin-monorepo\package.json (directory description file): SyntaxError: C:\Users\thoma\OneDrive\SONEAR_2025\blancherenaudin-monorepo\package.json (directory description file): SyntaxError: C:\Users\thoma\OneDrive\SONEAR_2025\blancherenaudin-monorepo\package.json (directory description file): SyntaxError: C:\Users\thoma\OneDrive\SONEAR_2025\blancherenaudin-monorepo\package.json (directory description file): SyntaxError: C:\Users\thoma\OneDrive\SONEAR_2025\blancherenaudin-monorepo\package.json (directory description file): SyntaxError: C:\Users\thoma\OneDrive\SONEAR_2025\blancherenaudin-monorepo\package.json (directory description file): SyntaxError: C:\Users\thoma\OneDrive\SONEAR_2025\blancherenaudin-monorepo\package.json (directory description file): SyntaxError: C:\Users\thoma\OneDrive\SONEAR_2025\blancherenaudin-monorepo\package.json (directory description file): SyntaxError: C:\Users\thoma\OneDrive\SONEAR_2025\blancherenaudin-monorepo\package.json (directory description file): SyntaxError: C:\Users\thoma\OneDrive\SONEAR_2025\blancherenaudin-monorepo\package.json (directory description file): SyntaxError: C:\Users\thoma\OneDrive\SONEAR_2025\blancherenaudin-monorepo\package.json (directory description file): SyntaxError: C:\Users\thoma\OneDrive\SONEAR_2025\blancherenaudin-monorepo\package.json (directory description file): SyntaxError: C:\Users\thoma\OneDrive\SONEAR_2025\blancherenaudin-monorepo\package.json (directory description file): SyntaxError: C:\Users\thoma\OneDrive\SONEAR_2025\blancherenaudin-monorepo\package.json (directory description file): SyntaxError: C:\Users\thoma\OneDrive\SONEAR_2025\blancherenaudin-monorepo\package.json (directory description file): SyntaxError: C:\Users\thoma\OneDrive\SONEAR_2025\blancherenaudin-monorepo\package.json (directory description file): SyntaxError: C:\Users\thoma\OneDrive\SONEAR_2025\blancherenaudin-monorepo\package.json (directory description file): SyntaxError: C:\Users\thoma\OneDrive\SONEAR_2025\blancherenaudin-monorepo\package.json (directory description file): SyntaxError: C:\Users\thoma\OneDrive\SONEAR_2025\blancherenaudin-monorepo\package.json (directory description file): SyntaxError: C:\Users\thoma\OneDrive\SONEAR_2025\blancherenaudin-monorepo\package.json (directory description file): SyntaxError: C:\Users\thoma\OneDrive\SONEAR_2025\blancherenaudin-monorepo\package.json (directory description file): SyntaxError: C:\Users\thoma\OneDrive\SONEAR_2025\blancherenaudin-monorepo\package.json (directory description file): SyntaxError: C:\Users\thoma\OneDrive\SONEAR_2025\blancherenaudin-monorepo\package.json (directory description file): SyntaxError: C:\Users\thoma\OneDrive\SONEAR_2025\blancherenaudin-monorepo\package.json (directory description file): SyntaxError: C:\Users\thoma\OneDrive\SONEAR_2025\blancherenaudin-monorepo\package.json (directory description file): SyntaxError: C:\Users\thoma\OneDrive\SONEAR_2025\blancherenaudin-monorepo\package.json (directory description file): SyntaxError: C:\Users\thoma\OneDrive\SONEAR_2025\blancherenaudin-monorepo\package.json (directory description file): SyntaxError: C:\Users\thoma\OneDrive\SONEAR_2025\blancherenaudin-monorepo\package.json (directory description file): SyntaxError: C:\Users\thoma\OneDrive\SONEAR_2025\blancherenaudin-monorepo\package.json (directory description file): SyntaxError: C:\Users\thoma\OneDrive\SONEAR_2025\blancherenaudin-monorepo\package.json (directory description file): SyntaxError: C:\Users\thoma\OneDrive\SONEAR_2025\blancherenaudin-monorepo\package.json (directory description file): SyntaxError: C:\Users\thoma\OneDrive\SONEAR_2025\blancherenaudin-monorepo\package.json (directory description file): SyntaxError: C:\Users\thoma\OneDrive\SONEAR_2025\blancherenaudin-monorepo\package.json (directory description file): SyntaxError: C:\Users\thoma\OneDrive\SONEAR_2025\blancherenaudin-monorepo\package.json (directory description file): SyntaxError: C:\Users\thoma\OneDrive\SONEAR_2025\blancherenaudin-monorepo\package.json (directory description file): SyntaxError: C:\Users\thoma\OneDrive\SONEAR_2025\blancherenaudin-monorepo\package.json (directory description file): SyntaxError: C:\Users\thoma\OneDrive\SONEAR_2025\blancherenaudin-monorepo\package.json (directory description file): SyntaxError: C:\Users\thoma\OneDrive\SONEAR_2025\blancherenaudin-monorepo\package.json (directory description file): SyntaxError: C:\Users\thoma\OneDrive\SONEAR_2025\blancherenaudin-monorepo\package.json (directory description file): SyntaxError: C:\Users\thoma\OneDrive\SONEAR_2025\blancherenaudin-monorepo\package.json (directory description file): SyntaxError: C:\Users\thoma\OneDrive\SONEAR_2025\blancherenaudin-monorepo\package.json (directory description file): SyntaxError: C:\Users\thoma\OneDrive\SONEAR_2025\blancherenaudin-monorepo\package.json (directory description file): SyntaxError: C:\Users\thoma\OneDrive\SONEAR_2025\blancherenaudin-monorepo\package.json (directory description file): SyntaxError: C:\Users\thoma\OneDrive\SONEAR_2025\blancherenaudin-monorepo\package.json (directory description file): SyntaxError: C:\Users\thoma\OneDrive\SONEAR_2025\blancherenaudin-monorepo\package.json (directory description file): SyntaxError: C:\Users\thoma\OneDrive\SONEAR_2025\blancherenaudin-monorepo\package.json (directory description file): SyntaxError: C:\Users\thoma\OneDrive\SONEAR_2025\blancherenaudin-monorepo\package.json (directory description file): SyntaxError: C:\Users\thoma\OneDrive\SONEAR_2025\blancherenaudin-monorepo\package.json (directory description file): SyntaxError: C:\Users\thoma\OneDrive\SONEAR_2025\blancherenaudin-monorepo\package.json (directory description file): SyntaxError: C:\Users\thoma\OneDrive\SONEAR_2025\blancherenaudin-monorepo\package.json (directory description file): SyntaxError: C:\Users\thoma\OneDrive\SONEAR_2025\blancherenaudin-monorepo\package.json (directory description file): SyntaxError: C:\Users\thoma\OneDrive\SONEAR_2025\blancherenaudin-monorepo\package.json (directory description file): SyntaxError: C:\Users\thoma\OneDrive\SONEAR_2025\blancherenaudin-monorepo\package.json (directory description file): SyntaxError: C:\Users\thoma\OneDrive\SONEAR_2025\blancherenaudin-monorepo\package.json (directory description file): SyntaxError: C:\Users\thoma\OneDrive\SONEAR_2025\blancherenaudin-monorepo\package.json (directory description file): SyntaxError: C:\Users\thoma\OneDrive\SONEAR_2025\blancherenaudin-monorepo\package.json (directory description file): SyntaxError: C:\Users\thoma\OneDrive\SONEAR_2025\blancherenaudin-monorepo\package.json (directory description file): SyntaxError: C:\Users\thoma\OneDrive\SONEAR_2025\blancherenaudin-monorepo\package.json (directory description file): SyntaxError: C:\Users\thoma\OneDrive\SONEAR_2025\blancherenaudin-monorepo\package.json (directory description file): SyntaxError: C:\Users\thoma\OneDrive\SONEAR_2025\blancherenaudin-monorepo\package.json (directory description file): SyntaxError: C:\Users\thoma\OneDrive\SONEAR_2025\blancherenaudin-monorepo\package.json (directory description file): SyntaxError: C:\Users\thoma\OneDrive\SONEAR_2025\blancherenaudin-monorepo\package.json (directory description file): SyntaxError: C:\Users\thoma\OneDrive\SONEAR_2025\blancherenaudin-monorepo\package.json (directory description file): SyntaxError: C:\Users\thoma\OneDrive\SONEAR_2025\blancherenaudin-monorepo\package.json (directory description file): SyntaxError: C:\Users\thoma\OneDrive\SONEAR_2025\blancherenaudin-monorepo\package.json (directory description file): SyntaxError: C:\Users\thoma\OneDrive\SONEAR_2025\blancherenaudin-monorepo\package.json (directory description file): SyntaxError: C:\Users\thoma\OneDrive\SONEAR_2025\blancherenaudin-monorepo\package.json (directory description file): SyntaxError: C:\Users\thoma\OneDrive\SONEAR_2025\blancherenaudin-monorepo\package.json (directory description file): SyntaxError: C:\Users\thoma\OneDrive\SONEAR_2025\blancherenaudin-monorepo\package.json (directory description file): SyntaxError: C:\Users\thoma\OneDrive\SONEAR_2025\blancherenaudin-monorepo\package.json (directory description file): SyntaxError: C:\Users\thoma\OneDrive\SONEAR_2025\blancherenaudin-monorepo\package.json (directory description file): SyntaxError: C:\Users\thoma\OneDrive\SONEAR_2025\blancherenaudin-monorepo\package.json (directory description file): SyntaxError: C:\Users\thoma\OneDrive\SONEAR_2025\blancherenaudin-monorepo\package.json (directory description file): SyntaxError: C:\Users\thoma\OneDrive\SONEAR_2025\blancherenaudin-monorepo\package.json (directory description file): SyntaxError: C:\Users\thoma\OneDrive\SONEAR_2025\blancherenaudin-monorepo\package.json (directory description file): SyntaxError: C:\Users\thoma\OneDrive\SONEAR_2025\blancherenaudin-monorepo\package.json (directory description file): SyntaxError: C:\Users\thoma\OneDrive\SONEAR_2025\blancherenaudin-monorepo\package.json (directory description file): SyntaxError: C:\Users\thoma\OneDrive\SONEAR_2025\blancherenaudin-monorepo\package.json (directory description file): SyntaxError: C:\Users\thoma\OneDrive\SONEAR_2025\blancherenaudin-monorepo\package.json (directory description file): SyntaxError: C:\Users\thoma\OneDrive\SONEAR_2025\blancherenaudin-monorepo\package.json (directory description file): SyntaxError: C:\Users\thoma\OneDrive\SONEAR_2025\blancherenaudin-monorepo\package.json (directory description file): SyntaxError: C:\Users\thoma\OneDrive\SONEAR_2025\blancherenaudin-monorepo\package.json (directory description file): SyntaxError: C:\Users\thoma\OneDrive\SONEAR_2025\blancherenaudin-monorepo\package.json (directory description file): SyntaxError: C:\Users\thoma\OneDrive\SONEAR_2025\blancherenaudin-monorepo\package.json (directory description file): SyntaxError: C:\Users\thoma\OneDrive\SONEAR_2025\blancherenaudin-monorepo\package.json (directory description file): SyntaxError: C:\Users\thoma\OneDrive\SONEAR_2025\blancherenaudin-monorepo\package.json (directory description file): SyntaxError: C:\Users\thoma\OneDrive\SONEAR_2025\blancherenaudin-monorepo\package.json (directory description file): SyntaxError: C:\Users\thoma\OneDrive\SONEAR_2025\blancherenaudin-monorepo\package.json (directory description file): SyntaxError: C:\Users\thoma\OneDrive\SONEAR_2025\blancherenaudin-monorepo\package.json (directory description file): SyntaxError: C:\Users\thoma\OneDrive\SONEAR_2025\blancherenaudin-monorepo\package.json (directory description file): SyntaxError: C:\Users\thoma\OneDrive\SONEAR_2025\blancherenaudin-monorepo\package.json (directory description file): SyntaxError: C:\Users\thoma\OneDrive\SONEAR_2025\blancherenaudin-monorepo\package.json (directory description file): SyntaxError: C:\Users\thoma\OneDrive\SONEAR_2025\blancherenaudin-monorepo\package.json (directory description file): SyntaxError: C:\Users\thoma\OneDrive\SONEAR_2025\blancherenaudin-monorepo\package.json (directory description file): SyntaxError: C:\Users\thoma\OneDrive\SONEAR_2025\blancherenaudin-monorepo\package.json (directory description file): SyntaxError: C:\Users\thoma\OneDrive\SONEAR_2025\blancherenaudin-monorepo\package.json (directory description file): SyntaxError: C:\Users\thoma\OneDrive\SONEAR_2025\blancherenaudin-monorepo\package.json (directory description file): SyntaxError: C:\Users\thoma\OneDrive\SONEAR_2025\blancherenaudin-monorepo\package.json (directory description file): SyntaxError: C:\Users\thoma\OneDrive\SONEAR_2025\blancherenaudin-monorepo\package.json (directory description file): SyntaxError: C:\Users\thoma\OneDrive\SONEAR_2025\blancherenaudin-monorepo\package.json (directory description file): SyntaxError: C:\Users\thoma\OneDrive\SONEAR_2025\blancherenaudin-monorepo\package.json (directory description file): SyntaxError: C:\Users\thoma\OneDrive\SONEAR_2025\blancherenaudin-monorepo\package.json (directory description file): SyntaxError: C:\Users\thoma\OneDrive\SONEAR_2025\blancherenaudin-monorepo\package.json (directory description file): SyntaxError: C:\Users\thoma\OneDrive\SONEAR_2025\blancherenaudin-monorepo\package.json (directory description file): SyntaxError: C:\Users\thoma\OneDrive\SONEAR_2025\blancherenaudin-monorepo\package.json (directory description file): SyntaxError: C:\Users\thoma\OneDrive\SONEAR_2025\blancherenaudin-monorepo\package.json (directory description file): SyntaxError: C:\Users\thoma\OneDrive\SONEAR_2025\blancherenaudin-monorepo\package.json (directory description file): SyntaxError: C:\Users\thoma\OneDrive\SONEAR_2025\blancherenaudin-monorepo\package.json (directory description file): SyntaxError: C:\Users\thoma\OneDrive\SONEAR_2025\blancherenaudin-monorepo\package.json (directory description file): SyntaxError: C:\Users\thoma\OneDrive\SONEAR_2025\blancherenaudin-monorepo\package.json (directory description file): SyntaxError: C:\Users\thoma\OneDrive\SONEAR_2025\blancherenaudin-monorepo\package.json (directory description file): SyntaxError: C:\Users\thoma\OneDrive\SONEAR_2025\blancherenaudin-monorepo\package.json (directory description file): SyntaxError: C:\Users\thoma\OneDrive\SONEAR_2025\blancherenaudin-monorepo\package.json (directory description file): SyntaxError: C:\Users\thoma\OneDrive\SONEAR_2025\blancherenaudin-monorepo\package.json (directory description file): SyntaxError: C:\Users\thoma\OneDrive\SONEAR_2025\blancherenaudin-monorepo\package.json (directory description file): SyntaxError: C:\Users\thoma\OneDrive\SONEAR_2025\blancherenaudin-monorepo\package.json (directory description file): SyntaxError: C:\Users\thoma\OneDrive\SONEAR_2025\blancherenaudin-monorepo\package.json (directory description file): SyntaxError: C:\Users\thoma\OneDrive\SONEAR_2025\blancherenaudin-monorepo\package.json (directory description file): SyntaxError: C:\Users\thoma\OneDrive\SONEAR_2025\blancherenaudin-monorepo\package.json (directory description file): SyntaxError: C:\Users\thoma\OneDrive\SONEAR_2025\blancherenaudin-monorepo\package.json (directory description file): SyntaxError: C:\Users\thoma\OneDrive\SONEAR_2025\blancherenaudin-monorepo\package.json (directory description file): SyntaxError: C:\Users\thoma\OneDrive\SONEAR_2025\blancherenaudin-monorepo\package.json (directory description file): SyntaxError: C:\Users\thoma\OneDrive\SONEAR_2025\blancherenaudin-monorepo\package.json (directory description file): SyntaxError: C:\Users\thoma\OneDrive\SONEAR_2025\blancherenaudin-monorepo\package.json (directory description file): SyntaxError: C:\Users\thoma\OneDrive\SONEAR_2025\blancherenaudin-monorepo\package.json (directory description file): SyntaxError: C:\Users\thoma\OneDrive\SONEAR_2025\blancherenaudin-monorepo\package.json (directory description file): SyntaxError: C:\Users\thoma\OneDrive\SONEAR_2025\blancherenaudin-monorepo\package.json (directory description file): SyntaxError: C:\Users\thoma\OneDrive\SONEAR_2025\blancherenaudin-monorepo\package.json (directory description file): SyntaxError: C:\Users\thoma\OneDrive\SONEAR_2025\blancherenaudin-monorepo\package.json (directory description file): SyntaxError: C:\Users\thoma\OneDrive\SONEAR_2025\blancherenaudin-monorepo\package.json (directory description file): SyntaxError: C:\Users\thoma\OneDrive\SONEAR_2025\blancherenaudin-monorepo\package.json (directory description file): SyntaxError: C:\Users\thoma\OneDrive\SONEAR_2025\blancherenaudin-monorepo\package.json (directory description file): SyntaxError: C:\Users\thoma\OneDrive\SONEAR_2025\blancherenaudin-monorepo\package.json (directory description file): SyntaxError: C:\Users\thoma\OneDrive\SONEAR_2025\blancherenaudin-monorepo\package.json (directory description file): SyntaxError: C:\Users\thoma\OneDrive\SONEAR_2025\blancherenaudin-monorepo\package.json (directory description file): SyntaxError: C:\Users\thoma\OneDrive\SONEAR_2025\blancherenaudin-monorepo\package.json (directory description file): SyntaxError: C:\Users\thoma\OneDrive\SONEAR_2025\blancherenaudin-monorepo\package.json (directory description file): SyntaxError: C:\Users\thoma\OneDrive\SONEAR_2025\blancherenaudin-monorepo\package.json (directory description file): SyntaxError: C:\Users\thoma\OneDrive\SONEAR_2025\blancherenaudin-monorepo\package.json (directory description file): SyntaxError: C:\Users\thoma\OneDrive\SONEAR_2025\blancherenaudin-monorepo\package.json (directory description file): SyntaxError: C:\Users\thoma\OneDrive\SONEAR_2025\blancherenaudin-monorepo\package.json (directory description file): SyntaxError: C:\Users\thoma\OneDrive\SONEAR_2025\blancherenaudin-monorepo\package.json (directory description file): SyntaxError: C:\Users\thoma\OneDrive\SONEAR_2025\blancherenaudin-monorepo\package.json (directory description file): SyntaxError: C:\Users\thoma\OneDrive\SONEAR_2025\blancherenaudin-monorepo\package.json (directory description file): SyntaxError: C:\Users\thoma\OneDrive\SONEAR_2025\blancherenaudin-monorepo\package.json (directory description file): SyntaxError: C:\Users\thoma\OneDrive\SONEAR_2025\blancherenaudin-monorepo\package.json (directory description file): SyntaxError: C:\Users\thoma\OneDrive\SONEAR_2025\blancherenaudin-monorepo\package.json (directory description file): SyntaxError: C:\Users\thoma\OneDrive\SONEAR_2025\blancherenaudin-monorepo\package.json (directory description file): SyntaxError: C:\Users\thoma\OneDrive\SONEAR_2025\blancherenaudin-monorepo\package.json (directory description file): SyntaxError: C:\Users\thoma\OneDrive\SONEAR_2025\blancherenaudin-monorepo\package.json (directory description file): SyntaxError: C:\Users\thoma\OneDrive\SONEAR_2025\blancherenaudin-monorepo\package.json (directory description file): SyntaxError: C:\Users\thoma\OneDrive\SONEAR_2025\blancherenaudin-monorepo\package.json (directory description file): SyntaxError: C:\Users\thoma\OneDrive\SONEAR_2025\blancherenaudin-monorepo\package.json (directory description file): SyntaxError: C:\Users\thoma\OneDrive\SONEAR_2025\blancherenaudin-monorepo\package.json (directory description file): SyntaxError: C:\Users\thoma\OneDrive\SONEAR_2025\blancherenaudin-monorepo\package.json (directory description file): SyntaxError: C:\Users\thoma\OneDrive\SONEAR_2025\blancherenaudin-monorepo\package.json (directory description file): SyntaxError: C:\Users\thoma\OneDrive\SONEAR_2025\blancherenaudin-monorepo\package.json (directory description file): SyntaxError: C:\Users\thoma\OneDrive\SONEAR_2025\blancherenaudin-monorepo\package.json (directory description file): SyntaxError: C:\Users\thoma\OneDrive\SONEAR_2025\blancherenaudin-monorepo\package.json (directory description file): SyntaxError: C:\Users\thoma\OneDrive\SONEAR_2025\blancherenaudin-monorepo\package.json (directory description file): SyntaxError: C:\Users\thoma\OneDrive\SONEAR_2025\blancherenaudin-monorepo\package.json (directory description file): SyntaxError: C:\Users\thoma\OneDrive\SONEAR_2025\blancherenaudin-monorepo\package.json (directory description file): SyntaxError: C:\Users\thoma\OneDrive\SONEAR_2025\blancherenaudin-monorepo\package.json (directory description file): SyntaxError: C:\Users\thoma\OneDrive\SONEAR_2025\blancherenaudin-monorepo\package.json (directory description file): SyntaxError: C:\Users\thoma\OneDrive\SONEAR_2025\blancherenaudin-monorepo\package.json (directory description file): SyntaxError: C:\Users\thoma\OneDrive\SONEAR_2025\blancherenaudin-monorepo\package.json (directory description file): SyntaxError: C:\Users\thoma\OneDrive\SONEAR_2025\blancherenaudin-monorepo\package.json (directory description file): SyntaxError: C:\Users\thoma\OneDrive\SONEAR_2025\blancherenaudin-monorepo\package.json (directory description file): SyntaxError: C:\Users\thoma\OneDrive\SONEAR_2025\blancherenaudin-monorepo\package.json (directory description file): SyntaxError: C:\Users\thoma\OneDrive\SONEAR_2025\blancherenaudin-monorepo\package.json (directory description file): SyntaxError: C:\Users\thoma\OneDrive\SONEAR_2025\blancherenaudin-monorepo\package.json (directory description file): SyntaxError: C:\Users\thoma\OneDrive\SONEAR_2025\blancherenaudin-monorepo\package.json (directory description file): SyntaxError: C:\Users\thoma\OneDrive\SONEAR_2025\blancherenaudin-monorepo\package.json (directory description file): SyntaxError: C:\Users\thoma\OneDrive\SONEAR_2025\blancherenaudin-monorepo\package.json (directory description file): SyntaxError: C:\Users\thoma\OneDrive\SONEAR_2025\blancherenaudin-monorepo\package.json (directory description file): SyntaxError: C:\Users\thoma\OneDrive\SONEAR_2025\blancherenaudin-monorepo\package.json (directory description file): SyntaxError: C:\Users\thoma\OneDrive\SONEAR_2025\blancherenaudin-monorepo\package.json (directory description file): SyntaxError: C:\Users\thoma\OneDrive\SONEAR_2025\blancherenaudin-monorepo\package.json (directory description file): SyntaxError: C:\Users\thoma\OneDrive\SONEAR_2025\blancherenaudin-monorepo\package.json (directory description file): SyntaxError: C:\Users\thoma\OneDrive\SONEAR_2025\blancherenaudin-monorepo\package.json (directory description file): SyntaxError: C:\Users\thoma\OneDrive\SONEAR_2025\blancherenaudin-monorepo\package.json (directory description file): SyntaxError: C:\Users\thoma\OneDrive\SONEAR_2025\blancherenaudin-monorepo\package.json (directory description file): SyntaxError: C:\Users\thoma\OneDrive\SONEAR_2025\blancherenaudin-monorepo\package.json (directory description file): SyntaxError: C:\Users\thoma\OneDrive\SONEAR_2025\blancherenaudin-monorepo\package.json (directory description file): SyntaxError: C:\Users\thoma\OneDrive\SONEAR_2025\blancherenaudin-monorepo\package.json (directory description file): SyntaxError: C:\Users\thoma\OneDrive\SONEAR_2025\blancherenaudin-monorepo\package.json (directory description file): SyntaxError: C:\Users\thoma\OneDrive\SONEAR_2025\blancherenaudin-monorepo\package.json (directory description file): SyntaxError: C:\Users\thoma\OneDrive\SONEAR_2025\blancherenaudin-monorepo\package.json (directory description file): SyntaxError: C:\Users\thoma\OneDrive\SONEAR_2025\blancherenaudin-monorepo\package.json (directory description file): SyntaxError: C:\Users\thoma\OneDrive\SONEAR_2025\blancherenaudin-monorepo\package.json (directory description file): SyntaxError: C:\Users\thoma\OneDrive\SONEAR_2025\blancherenaudin-monorepo\package.json (directory description file): SyntaxError: C:\Users\thoma\OneDrive\SONEAR_2025\blancherenaudin-monorepo\package.json (directory description file): SyntaxError: C:\Users\thoma\OneDrive\SONEAR_2025\blancherenaudin-monorepo\package.json (directory description file): SyntaxError: C:\Users\thoma\OneDrive\SONEAR_2025\blancherenaudin-monorepo\package.json (directory description file): SyntaxError: C:\Users\thoma\OneDrive\SONEAR_2025\blancherenaudin-monorepo\package.json (directory description file): SyntaxError: C:\Users\thoma\OneDrive\SONEAR_2025\blancherenaudin-monorepo\package.json (directory description file): SyntaxError: C:\Users\thoma\OneDrive\SONEAR_2025\blancherenaudin-monorepo\package.json (directory description file): SyntaxError: C:\Users\thoma\OneDrive\SONEAR_2025\blancherenaudin-monorepo\package.json (directory description file): SyntaxError: C:\Users\thoma\OneDrive\SONEAR_2025\blancherenaudin-monorepo\package.json (directory description file): SyntaxError: C:\Users\thoma\OneDrive\SONEAR_2025\blancherenaudin-monorepo\package.json (directory description file): SyntaxError: C:\Users\thoma\OneDrive\SONEAR_2025\blancherenaudin-monorepo\package.json (directory description file): SyntaxError: C:\Users\thoma\OneDrive\SONEAR_2025\blancherenaudin-monorepo\package.json (directory description file): SyntaxError: C:\Users\thoma\OneDrive\SONEAR_2025\blancherenaudin-monorepo\package.json (directory description file): SyntaxError: C:\Users\thoma\OneDrive\SONEAR_2025\blancherenaudin-monorepo\package.json (directory description file): SyntaxError: C:\Users\thoma\OneDrive\SONEAR_2025\blancherenaudin-monorepo\package.json (directory description file): SyntaxError: C:\Users\thoma\OneDrive\SONEAR_2025\blancherenaudin-monorepo\package.json (directory description file): SyntaxError: C:\Users\thoma\OneDrive\SONEAR_2025\blancherenaudin-monorepo\package.json (directory description file): SyntaxError: C:\Users\thoma\OneDrive\SONEAR_2025\blancherenaudin-monorepo\package.json (directory description file): SyntaxError: C:\Users\thoma\OneDrive\SONEAR_2025\blancherenaudin-monorepo\package.json (directory description file): SyntaxError: C:\Users\thoma\OneDrive\SONEAR_2025\blancherenaudin-monorepo\package.json (directory description file): SyntaxError: C:\Users\thoma\OneDrive\SONEAR_2025\blancherenaudin-monorepo\package.json (directory description file): SyntaxError: C:\Users\thoma\OneDrive\SONEAR_2025\blancherenaudin-monorepo\package.json (directory description file): SyntaxError: C:\Users\thoma\OneDrive\SONEAR_2025\blancherenaudin-monorepo\package.json (directory description file): SyntaxError: C:\Users\thoma\OneDrive\SONEAR_2025\blancherenaudin-monorepo\package.json (directory description file): SyntaxError: C:\Users\thoma\OneDrive\SONEAR_2025\blancherenaudin-monorepo\package.json (directory description file): SyntaxError: C:\Users\thoma\OneDrive\SONEAR_2025\blancherenaudin-monorepo\package.json (directory description file): SyntaxError: C:\Users\thoma\OneDrive\SONEAR_2025\blancherenaudin-monorepo\package.json (directory description file): SyntaxError: C:\Users\thoma\OneDrive\SONEAR_2025\blancherenaudin-monorepo\package.json (directory description file): SyntaxError: C:\Users\thoma\OneDrive\SONEAR_2025\blancherenaudin-monorepo\package.json (directory description file): SyntaxError: C:\Users\thoma\OneDrive\SONEAR_2025\blancherenaudin-monorepo\package.json (directory description file): SyntaxError: C:\Users\thoma\OneDrive\SONEAR_2025\blancherenaudin-monorepo\package.json (directory description file): SyntaxError: C:\Users\thoma\OneDrive\SONEAR_2025\blancherenaudin-monorepo\package.json (directory description file): SyntaxError: C:\Users\thoma\OneDrive\SONEAR_2025\blancherenaudin-monorepo\package.json (directory description file): SyntaxError: C:\Users\thoma\OneDrive\SONEAR_2025\blancherenaudin-monorepo\package.json (directory description file): SyntaxError: C:\Users\thoma\OneDrive\SONEAR_2025\blancherenaudin-monorepo\package.json (directory description file): SyntaxError: C:\Users\thoma\OneDrive\SONEAR_2025\blancherenaudin-monorepo\package.json (directory description file): SyntaxError: C:\Users\thoma\OneDrive\SONEAR_2025\blancherenaudin-monorepo\package.json (directory description file): SyntaxError: C:\Users\thoma\OneDrive\SONEAR_2025\blancherenaudin-monorepo\package.json (directory description file): SyntaxError: C:\Users\thoma\OneDrive\SONEAR_2025\blancherenaudin-monorepo\package.json (directory description file): SyntaxError: C:\Users\thoma\OneDrive\SONEAR_2025\blancherenaudin-monorepo\package.json (directory description file): SyntaxError: C:\Users\thoma\OneDrive\SONEAR_2025\blancherenaudin-monorepo\package.json (directory description file): SyntaxError: C:\Users\thoma\OneDrive\SONEAR_2025\blancherenaudin-monorepo\package.json (directory description file): SyntaxError: C:\Users\thoma\OneDrive\SONEAR_2025\blancherenaudin-monorepo\package.json (directory description file): SyntaxError: C:\Users\thoma\OneDrive\SONEAR_2025\blancherenaudin-monorepo\package.json (directory description file): SyntaxError: C:\Users\thoma\OneDrive\SONEAR_2025\blancherenaudin-monorepo\package.json (directory description file): SyntaxError: C:\Users\thoma\OneDrive\SONEAR_2025\blancherenaudin-monorepo\package.json (directory description file): SyntaxError: C:\Users\thoma\OneDrive\SONEAR_2025\blancherenaudin-monorepo\package.json (directory description file): SyntaxError: C:\Users\thoma\OneDrive\SONEAR_2025\blancherenaudin-monorepo\package.json (directory description file): SyntaxError: C:\Users\thoma\OneDrive\SONEAR_2025\blancherenaudin-monorepo\package.json (directory description file): SyntaxError: C:\Users\thoma\OneDrive\SONEAR_2025\blancherenaudin-monorepo\package.json (directory description file): SyntaxError: C:\Users\thoma\OneDrive\SONEAR_2025\blancherenaudin-monorepo\package.json (directory description file): SyntaxError: C:\Users\thoma\OneDrive\SONEAR_2025\blancherenaudin-monorepo\package.json (directory description file): SyntaxError: C:\Users\thoma\OneDrive\SONEAR_2025\blancherenaudin-monorepo\package.json (directory description file): SyntaxError: C:\Users\thoma\OneDrive\SONEAR_2025\blancherenaudin-monorepo\package.json (directory description file): SyntaxError: C:\Users\thoma\OneDrive\SONEAR_2025\blancherenaudin-monorepo\package.json (directory description file): SyntaxError: C:\Users\thoma\OneDrive\SONEAR_2025\blancherenaudin-monorepo\package.json (directory description file): SyntaxError: C:\Users\thoma\OneDrive\SONEAR_2025\blancherenaudin-monorepo\package.json (directory description file): SyntaxError: C:\Users\thoma\OneDrive\SONEAR_2025\blancherenaudin-monorepo\package.json (directory description file): SyntaxError: C:\Users\thoma\OneDrive\SONEAR_2025\blancherenaudin-monorepo\package.json (directory description file): SyntaxError: C:\Users\thoma\OneDrive\SONEAR_2025\blancherenaudin-monorepo\package.json (directory description file): SyntaxError: C:\Users\thoma\OneDrive\SONEAR_2025\blancherenaudin-monorepo\package.json (directory description file): SyntaxError: C:\Users\thoma\OneDrive\SONEAR_2025\blancherenaudin-monorepo\package.json (directory description file): SyntaxError: C:\Users\thoma\OneDrive\SONEAR_2025\blancherenaudin-monorepo\package.json (directory description file): SyntaxError: C:\Users\thoma\OneDrive\SONEAR_2025\blancherenaudin-monorepo\package.json (directory description file): SyntaxError: C:\Users\thoma\OneDrive\SONEAR_2025\blancherenaudin-monorepo\package.json (directory description file): SyntaxError: C:\Users\thoma\OneDrive\SONEAR_2025\blancherenaudin-monorepo\package.json (directory description file): SyntaxError: C:\Users\thoma\OneDrive\SONEAR_2025\blancherenaudin-monorepo\package.json (directory description file): SyntaxError: C:\Users\thoma\OneDrive\SONEAR_2025\blancherenaudin-monorepo\package.json (directory description file): SyntaxError: C:\Users\thoma\OneDrive\SONEAR_2025\blancherenaudin-monorepo\package.json (directory description file): SyntaxError: C:\Users\thoma\OneDrive\SONEAR_2025\blancherenaudin-monorepo\package.json (directory description file): SyntaxError: C:\Users\thoma\OneDrive\SONEAR_2025\blancherenaudin-monorepo\package.json (directory description file): SyntaxError: C:\Users\thoma\OneDrive\SONEAR_2025\blancherenaudin-monorepo\package.json (directory description file): SyntaxError: C:\Users\thoma\OneDrive\SONEAR_2025\blancherenaudin-monorepo\package.json (directory description file): SyntaxError: C:\Users\thoma\OneDrive\SONEAR_2025\blancherenaudin-monorepo\package.json (directory description file): SyntaxError: C:\Users\thoma\OneDrive\SONEAR_2025\blancherenaudin-monorepo\package.json (directory description file): SyntaxError: C:\Users\thoma\OneDrive\SONEAR_2025\blancherenaudin-monorepo\package.json (directory description file): SyntaxError: C:\Users\thoma\OneDrive\SONEAR_2025\blancherenaudin-monorepo\package.json (directory description file): SyntaxError: C:\Users\thoma\OneDrive\SONEAR_2025\blancherenaudin-monorepo\package.json (directory description file): SyntaxError: C:\Users\thoma\OneDrive\SONEAR_2025\blancherenaudin-monorepo\package.json (directory description file): SyntaxError: C:\Users\thoma\OneDrive\SONEAR_2025\blancherenaudin-monorepo\package.json (directory description file): SyntaxError: C:\Users\thoma\OneDrive\SONEAR_2025\blancherenaudin-monorepo\package.json (directory description file): SyntaxError: C:\Users\thoma\OneDrive\SONEAR_2025\blancherenaudin-monorepo\package.json (directory description file): SyntaxError: C:\Users\thoma\OneDrive\SONEAR_2025\blancherenaudin-monorepo\package.json (directory description file): SyntaxError: C:\Users\thoma\OneDrive\SONEAR_2025\blancherenaudin-monorepo\package.json (directory description file): SyntaxError: C:\Users\thoma\OneDrive\SONEAR_2025\blancherenaudin-monorepo\package.json (directory description file): SyntaxError: C:\Users\thoma\OneDrive\SONEAR_2025\blancherenaudin-monorepo\package.json (directory description file): SyntaxError: C:\Users\thoma\OneDrive\SONEAR_2025\blancherenaudin-monorepo\package.json (directory description file): SyntaxError: C:\Users\thoma\OneDrive\SONEAR_2025\blancherenaudin-monorepo\package.json (directory description file): SyntaxError: C:\Users\thoma\OneDrive\SONEAR_2025\blancherenaudin-monorepo\package.json (directory description file): SyntaxError: C:\Users\thoma\OneDrive\SONEAR_2025\blancherenaudin-monorepo\package.json (directory description file): SyntaxError: C:\Users\thoma\OneDrive\SONEAR_2025\blancherenaudin-monorepo\package.json (directory description file): SyntaxError: C:\Users\thoma\OneDrive\SONEAR_2025\blancherenaudin-monorepo\package.json (directory description file): SyntaxError: C:\Users\thoma\OneDrive\SONEAR_2025\blancherenaudin-monorepo\package.json (directory description file): SyntaxError: C:\Users\thoma\OneDrive\SONEAR_2025\blancherenaudin-monorepo\package.json (directory description file): SyntaxError: C:\Users\thoma\OneDrive\SONEAR_2025\blancherenaudin-monorepo\package.json (directory description file): SyntaxError: C:\Users\thoma\OneDrive\SONEAR_2025\blancherenaudin-monorepo\package.json (directory description file): SyntaxError: C:\Users\thoma\OneDrive\SONEAR_2025\blancherenaudin-monorepo\package.json (directory description file): SyntaxError: C:\Users\thoma\OneDrive\SONEAR_2025\blancherenaudin-monorepo\package.json (directory description file): SyntaxError: C:\Users\thoma\OneDrive\SONEAR_2025\blancherenaudin-monorepo\package.json (directory description file): SyntaxError: C:\Users\thoma\OneDrive\SONEAR_2025\blancherenaudin-monorepo\package.json (directory description file): SyntaxError: C:\Users\thoma\OneDrive\SONEAR_2025\blancherenaudin-monorepo\package.json (directory description file): SyntaxError: C:\Users\thoma\OneDrive\SONEAR_2025\blancherenaudin-monorepo\package.json (directory description file): SyntaxError: C:\Users\thoma\OneDrive\SONEAR_2025\blancherenaudin-monorepo\package.json (directory description file): SyntaxError: C:\Users\thoma\OneDrive\SONEAR_2025\blancherenaudin-monorepo\package.json (directory description file): SyntaxError: C:\Users\thoma\OneDrive\SONEAR_2025\blancherenaudin-monorepo\package.json (directory description file): SyntaxError: C:\Users\thoma\OneDrive\SONEAR_2025\blancherenaudin-monorepo\package.json (directory description file): SyntaxError: C:\Users\thoma\OneDrive\SONEAR_2025\blancherenaudin-monorepo\package.json (directory description file): SyntaxError: C:\Users\thoma\OneDrive\SONEAR_2025\blancherenaudin-monorepo\package.json (directory description file): SyntaxError: C:\Users\thoma\OneDrive\SONEAR_2025\blancherenaudin-monorepo\package.json (directory description file): SyntaxError: C:\Users\thoma\OneDrive\SONEAR_2025\blancherenaudin-monorepo\package.json (directory description file): SyntaxError: C:\Users\thoma\OneDrive\SONEAR_2025\blancherenaudin-monorepo\package.json (directory description file): SyntaxError: C:\Users\thoma\OneDrive\SONEAR_2025\blancherenaudin-monorepo\package.json (directory description file): SyntaxError: C:\Users\thoma\OneDrive\SONEAR_2025\blancherenaudin-monorepo\package.json (directory description file): SyntaxError: C:\Users\thoma\OneDrive\SONEAR_2025\blancherenaudin-monorepo\package.json (directory description file): SyntaxError: C:\Users\thoma\OneDrive\SONEAR_2025\blancherenaudin-monorepo\package.json (directory description file): SyntaxError: C:\Users\thoma\OneDrive\SONEAR_2025\blancherenaudin-monorepo\package.json (directory description file): SyntaxError: C:\Users\thoma\OneDrive\SONEAR_2025\blancherenaudin-monorepo\package.json (directory description file): SyntaxError: C:\Users\thoma\OneDrive\SONEAR_2025\blancherenaudin-monorepo\package.json (directory description file): SyntaxError: C:\Users\thoma\OneDrive\SONEAR_2025\blancherenaudin-monorepo\package.json (directory description file): SyntaxError: C:\Users\thoma\OneDrive\SONEAR_2025\blancherenaudin-monorepo\package.json (directory description file): SyntaxError: C:\Users\thoma\OneDrive\SONEAR_2025\blancherenaudin-monorepo\package.json (directory description file): SyntaxError: C:\Users\thoma\OneDrive\SONEAR_2025\blancherenaudin-monorepo\package.json (directory description file): SyntaxError: C:\Users\thoma\OneDrive\SONEAR_2025\blancherenaudin-monorepo\package.json (directory description file): SyntaxError: C:\Users\thoma\OneDrive\SONEAR_2025\blancherenaudin-monorepo\package.json (directory description file): SyntaxError: C:\Users\thoma\OneDrive\SONEAR_2025\blancherenaudin-monorepo\package.json (directory description file): SyntaxError: C:\Users\thoma\OneDrive\SONEAR_2025\blancherenaudin-monorepo\package.json (directory description file): SyntaxError: C:\Users\thoma\OneDrive\SONEAR_2025\blancherenaudin-monorepo\package.json (directory description file): SyntaxError: C:\Users\thoma\OneDrive\SONEAR_2025\blancherenaudin-monorepo\package.json (directory description file): SyntaxError: C:\Users\thoma\OneDrive\SONEAR_2025\blancherenaudin-monorepo\package.json (directory description file): SyntaxError: C:\Users\thoma\OneDrive\SONEAR_2025\blancherenaudin-monorepo\package.json (directory description file): SyntaxError: C:\Users\thoma\OneDrive\SONEAR_2025\blancherenaudin-monorepo\package.json (directory description file): SyntaxError: C:\Users\thoma\OneDrive\SONEAR_2025\blancherenaudin-monorepo\package.json (directory description file): SyntaxError: C:\Users\thoma\OneDrive\SONEAR_2025\blancherenaudin-monorepo\package.json (directory description file): SyntaxError: C:\Users\thoma\OneDrive\SONEAR_2025\blancherenaudin-monorepo\package.json (directory description file): SyntaxError: C:\Users\thoma\OneDrive\SONEAR_2025\blancherenaudin-monorepo\package.json (directory description file): SyntaxError: C:\Users\thoma\OneDrive\SONEAR_2025\blancherenaudin-monorepo\package.json (directory description file): SyntaxError: C:\Users\thoma\OneDrive\SONEAR_2025\blancherenaudin-monorepo\package.json (directory description file): SyntaxError: C:\Users\thoma\OneDrive\SONEAR_2025\blancherenaudin-monorepo\package.json (directory description file): SyntaxError: C:\Users\thoma\OneDrive\SONEAR_2025\blancherenaudin-monorepo\package.json (directory description file): SyntaxError: C:\Users\thoma\OneDrive\SONEAR_2025\blancherenaudin-monorepo\package.json (directory description file): SyntaxError: C:\Users\thoma\OneDrive\SONEAR_2025\blancherenaudin-monorepo\package.json (directory description file): SyntaxError: C:\Users\thoma\OneDrive\SONEAR_2025\blancherenaudin-monorepo\package.json (directory description file): SyntaxError: C:\Users\thoma\OneDrive\SONEAR_2025\blancherenaudin-monorepo\package.json (directory description file): SyntaxError: C:\Users\thoma\OneDrive\SONEAR_2025\blancherenaudin-monorepo\package.json (directory description file): SyntaxError: C:\Users\thoma\OneDrive\SONEAR_2025\blancherenaudin-monorepo\package.json (directory description file): SyntaxError: C:\Users\thoma\OneDrive\SONEAR_2025\blancherenaudin-monorepo\package.json (directory description file): SyntaxError: C:\Users\thoma\OneDrive\SONEAR_2025\blancherenaudin-monorepo\package.json (directory description file): SyntaxError: C:\Users\thoma\OneDrive\SONEAR_2025\blancherenaudin-monorepo\package.json (directory description file): SyntaxError: C:\Users\thoma\OneDrive\SONEAR_2025\blancherenaudin-monorepo\package.json (directory description file): SyntaxError: C:\Users\thoma\OneDrive\SONEAR_2025\blancherenaudin-monorepo\package.json (directory description file): SyntaxError: C:\Users\thoma\OneDrive\SONEAR_2025\blancherenaudin-monorepo\package.json (directory description file): SyntaxError: C:\Users\thoma\OneDrive\SONEAR_2025\blancherenaudin-monorepo\package.json (directory description file): SyntaxError: C:\Users\thoma\OneDrive\SONEAR_2025\blancherenaudin-monorepo\package.json (directory description file): SyntaxError: C:\Users\thoma\OneDrive\SONEAR_2025\blancherenaudin-monorepo\package.json (directory description file): SyntaxError: C:\Users\thoma\OneDrive\SONEAR_2025\blancherenaudin-monorepo\package.json (directory description file): SyntaxError: C:\Users\thoma\OneDrive\SONEAR_2025\blancherenaudin-monorepo\package.json (directory description file): SyntaxError: C:\Users\thoma\OneDrive\SONEAR_2025\blancherenaudin-monorepo\package.json (directory description file): SyntaxError: C:\Users\thoma\OneDrive\SONEAR_2025\blancherenaudin-monorepo\package.json (directory description file): SyntaxError: C:\Users\thoma\OneDrive\SONEAR_2025\blancherenaudin-monorepo\package.json (directory description file): SyntaxError: C:\Users\thoma\OneDrive\SONEAR_2025\blancherenaudin-monorepo\package.json (directory description file): SyntaxError: C:\Users\thoma\OneDrive\SONEAR_2025\blancherenaudin-monorepo\package.json (directory description file): SyntaxError: C:\Users\thoma\OneDrive\SONEAR_2025\blancherenaudin-monorepo\package.json (directory description file): SyntaxError: C:\Users\thoma\OneDrive\SONEAR_2025\blancherenaudin-monorepo\package.json (directory description file): SyntaxError: C:\Users\thoma\OneDrive\SONEAR_2025\blancherenaudin-monorepo\package.json (directory description file): SyntaxError: C:\Users\thoma\OneDrive\SONEAR_2025\blancherenaudin-monorepo\package.json (directory description file): SyntaxError: C:\Users\thoma\OneDrive\SONEAR_2025\blancherenaudin-monorepo\package.json (directory description file): SyntaxError: C:\Users\thoma\OneDrive\SONEAR_2025\blancherenaudin-monorepo\package.json (directory description file): SyntaxError: C:\Users\thoma\OneDrive\SONEAR_2025\blancherenaudin-monorepo\package.json (directory description file): SyntaxError: C:\Users\thoma\OneDrive\SONEAR_2025\blancherenaudin-monorepo\package.json (directory description file): SyntaxError: C:\Users\thoma\OneDrive\SONEAR_2025\blancherenaudin-monorepo\package.json (directory description file): SyntaxError: C:\Users\thoma\OneDrive\SONEAR_2025\blancherenaudin-monorepo\package.json (directory description file): SyntaxError: C:\Users\thoma\OneDrive\SONEAR_2025\blancherenaudin-monorepo\package.json (directory description file): SyntaxError: C:\Users\thoma\OneDrive\SONEAR_2025\blancherenaudin-monorepo\package.json (directory description file): SyntaxError: C:\Users\thoma\OneDrive\SONEAR_2025\blancherenaudin-monorepo\package.json (directory description file): SyntaxError: C:\Users\thoma\OneDrive\SONEAR_2025\blancherenaudin-monorepo\package.json (directory description file): SyntaxError: C:\Users\thoma\OneDrive\SONEAR_2025\blancherenaudin-monorepo\package.json (directory description file): SyntaxError: C:\Users\thoma\OneDrive\SONEAR_2025\blancherenaudin-monorepo\package.json (directory description file): SyntaxError: C:\Users\thoma\OneDrive\SONEAR_2025\blancherenaudin-monorepo\package.json (directory description file): SyntaxError: C:\Users\thoma\OneDrive\SONEAR_2025\blancherenaudin-monorepo\package.json (directory description file): SyntaxError: C:\Users\thoma\OneDrive\SONEAR_2025\blancherenaudin-monorepo\package.json (directory description file): SyntaxError: C:\Users\thoma\OneDrive\SONEAR_2025\blancherenaudin-monorepo\package.json (directory description file): SyntaxError: C:\Users\thoma\OneDrive\SONEAR_2025\blancherenaudin-monorepo\package.json (directory description file): SyntaxError: C:\Users\thoma\OneDrive\SONEAR_2025\blancherenaudin-monorepo\package.json (directory description file): SyntaxError: C:\Users\thoma\OneDrive\SONEAR_2025\blancherenaudin-monorepo\package.json (directory description file): SyntaxError: C:\Users\thoma\OneDrive\SONEAR_2025\blancherenaudin-monorepo\package.json (directory description file): SyntaxError: C:\Users\thoma\OneDrive\SONEAR_2025\blancherenaudin-monorepo\package.json (directory description file): SyntaxError: C:\Users\thoma\OneDrive\SONEAR_2025\blancherenaudin-monorepo\package.json (directory description file): SyntaxError: C:\Users\thoma\OneDrive\SONEAR_2025\blancherenaudin-monorepo\package.json (directory description file): SyntaxError: C:\Users\thoma\OneDrive\SONEAR_2025\blancherenaudin-monorepo\package.json (directory description file): SyntaxError: C:\Users\thoma\OneDrive\SONEAR_2025\blancherenaudin-monorepo\package.json (directory description file): SyntaxError: C:\Users\thoma\OneDrive\SONEAR_2025\blancherenaudin-monorepo\package.json (directory description file): SyntaxError: C:\Users\thoma\OneDrive\SONEAR_2025\blancherenaudin-monorepo\package.json (directory description file): SyntaxError: C:\Users\thoma\OneDrive\SONEAR_2025\blancherenaudin-monorepo\package.json (directory description file): SyntaxError: C:\Users\thoma\OneDrive\SONEAR_2025\blancherenaudin-monorepo\package.json (directory description file): SyntaxError: C:\Users\thoma\OneDrive\SONEAR_2025\blancherenaudin-monorepo\package.json (directory description file): SyntaxError: C:\Users\thoma\OneDrive\SONEAR_2025\blancherenaudin-monorepo\package.json (directory description file): SyntaxError: C:\Users\thoma\OneDrive\SONEAR_2025\blancherenaudin-monorepo\package.json (directory description file): SyntaxError: C:\Users\thoma\OneDrive\SONEAR_2025\blancherenaudin-monorepo\package.json (directory description file): SyntaxError: C:\Users\thoma\OneDrive\SONEAR_2025\blancherenaudin-monorepo\package.json (directory description file): SyntaxError: C:\Users\thoma\OneDrive\SONEAR_2025\blancherenaudin-monorepo\package.json (directory description file): SyntaxError: C:\Users\thoma\OneDrive\SONEAR_2025\blancherenaudin-monorepo\package.json (directory description file): SyntaxError: C:\Users\thoma\OneDrive\SONEAR_2025\blancherenaudin-monorepo\package.json (directory description file): SyntaxError: C:\Users\thoma\OneDrive\SONEAR_2025\blancherenaudin-monorepo\package.json (directory description file): SyntaxError: C:\Users\thoma\OneDrive\SONEAR_2025\blancherenaudin-monorepo\package.json (directory description file): SyntaxError: C:\Users\thoma\OneDrive\SONEAR_2025\blancherenaudin-monorepo\package.json (directory description file): SyntaxError: C:\Users\thoma\OneDrive\SONEAR_2025\blancherenaudin-monorepo\package.json (directory description file): SyntaxError: C:\Users\thoma\OneDrive\SONEAR_2025\blancherenaudin-monorepo\package.json (directory description file): SyntaxError: C:\Users\thoma\OneDrive\SONEAR_2025\blancherenaudin-monorepo\package.json (directory description file): SyntaxError: C:\Users\thoma\OneDrive\SONEAR_2025\blancherenaudin-monorepo\package.json (directory description file): SyntaxError: C:\Users\thoma\OneDrive\SONEAR_2025\blancherenaudin-monorepo\package.json (directory description file): SyntaxError: C:\Users\thoma\OneDrive\SONEAR_2025\blancherenaudin-monorepo\package.json (directory description file): SyntaxError: C:\Users\thoma\OneDrive\SONEAR_2025\blancherenaudin-monorepo\package.json (directory description file): SyntaxError: C:\Users\thoma\OneDrive\SONEAR_2025\blancherenaudin-monorepo\package.json (directory description file): SyntaxError: C:\Users\thoma\OneDrive\SONEAR_2025\blancherenaudin-monorepo\package.json (directory description file): SyntaxError: C:\Users\thoma\OneDrive\SONEAR_2025\blancherenaudin-monorepo\package.json (directory description file): SyntaxError: C:\Users\thoma\OneDrive\SONEAR_2025\blancherenaudin-monorepo\package.json (directory description file): SyntaxError: C:\Users\thoma\OneDrive\SONEAR_2025\blancherenaudin-monorepo\package.json (directory description file): SyntaxError: C:\Users\thoma\OneDrive\SONEAR_2025\blancherenaudin-monorepo\package.json (directory description file): SyntaxError: C:\Users\thoma\OneDrive\SONEAR_2025\blancherenaudin-monorepo\package.json (directory description file): SyntaxError: C:\Users\thoma\OneDrive\SONEAR_2025\blancherenaudin-monorepo\package.json (directory description file): SyntaxError: C:\Users\thoma\OneDrive\SONEAR_2025\blancherenaudin-monorepo\package.json (directory description file): SyntaxError: C:\Users\thoma\OneDrive\SONEAR_2025\blancherenaudin-monorepo\package.json (directory description file): SyntaxError: C:\Users\thoma\OneDrive\SONEAR_2025\blancherenaudin-monorepo\package.json (directory description file): SyntaxError: C:\Users\thoma\OneDrive\SONEAR_2025\blancherenaudin-monorepo\package.json (directory description file): SyntaxError: C:\Users\thoma\OneDrive\SONEAR_2025\blancherenaudin-monorepo\package.json (directory description file): SyntaxError: C:\Users\thoma\OneDrive\SONEAR_2025\blancherenaudin-monorepo\package.json (directory description file): SyntaxError: C:\Users\thoma\OneDrive\SONEAR_2025\blancherenaudin-monorepo\package.json (directory description file): SyntaxError: C:\Users\thoma\OneDrive\SONEAR_2025\blancherenaudin-monorepo\package.json (directory description file): SyntaxError: C:\Users\thoma\OneDrive\SONEAR_2025\blancherenaudin-monorepo\package.json (directory description file): SyntaxError: C:\Users\thoma\OneDrive\SONEAR_2025\blancherenaudin-monorepo\package.json (directory description file): SyntaxError: C:\Users\thoma\OneDrive\SONEAR_2025\blancherenaudin-monorepo\package.json (directory description file): SyntaxError: C:\Users\thoma\OneDrive\SONEAR_2025\blancherenaudin-monorepo\package.json (directory description file): SyntaxError: C:\Users\thoma\OneDrive\SONEAR_2025\blancherenaudin-monorepo\package.json (directory description file): SyntaxError: C:\Users\thoma\OneDrive\SONEAR_2025\blancherenaudin-monorepo\package.json (directory description file): SyntaxError: C:\Users\thoma\OneDrive\SONEAR_2025\blancherenaudin-monorepo\package.json (directory description file): SyntaxError: C:\Users\thoma\OneDrive\SONEAR_2025\blancherenaudin-monorepo\package.json (directory description file): SyntaxError: C:\Users\thoma\OneDrive\SONEAR_2025\blancherenaudin-monorepo\package.json (directory description file): SyntaxError: C:\Users\thoma\OneDrive\SONEAR_2025\blancherenaudin-monorepo\package.json (directory description file): SyntaxError: C:\Users\thoma\OneDrive\SONEAR_2025\blancherenaudin-monorepo\package.json (directory description file): SyntaxError: C:\Users\thoma\OneDrive\SONEAR_2025\blancherenaudin-monorepo\package.json (directory description file): SyntaxError: C:\Users\thoma\OneDrive\SONEAR_2025\blancherenaudin-monorepo\package.json (directory description file): SyntaxError: C:\Users\thoma\OneDrive\SONEAR_2025\blancherenaudin-monorepo\package.json (directory description file): SyntaxError: C:\Users\thoma\OneDrive\SONEAR_2025\blancherenaudin-monorepo\package.json (directory description file): SyntaxError: C:\Users\thoma\OneDrive\SONEAR_2025\blancherenaudin-monorepo\package.json (directory description file): SyntaxError: C:\Users\thoma\OneDrive\SONEAR_2025\blancherenaudin-monorepo\package.json (directory description file): SyntaxError: C:\Users\thoma\OneDrive\SONEAR_2025\blancherenaudin-monorepo\package.json (directory description file): SyntaxError: C:\Users\thoma\OneDrive\SONEAR_2025\blancherenaudin-monorepo\package.json (directory description file): SyntaxError: C:\Users\thoma\OneDrive\SONEAR_2025\blancherenaudin-monorepo\package.json (directory description file): SyntaxError: C:\Users\thoma\OneDrive\SONEAR_2025\blancherenaudin-monorepo\package.json (directory description file): SyntaxError: C:\Users\thoma\OneDrive\SONEAR_2025\blancherenaudin-monorepo\package.json (directory description file): SyntaxError: C:\Users\thoma\OneDrive\SONEAR_2025\blancherenaudin-monorepo\package.json (directory description file): SyntaxError: C:\Users\thoma\OneDrive\SONEAR_2025\blancherenaudin-monorepo\package.json (directory description file): SyntaxError: C:\Users\thoma\OneDrive\SONEAR_2025\blancherenaudin-monorepo\package.json (directory description file): SyntaxError: C:\Users\thoma\OneDrive\SONEAR_2025\blancherenaudin-monorepo\package.json (directory description file): SyntaxError: C:\Users\thoma\OneDrive\SONEAR_2025\blancherenaudin-monorepo\package.json (directory description file): SyntaxError: C:\Users\thoma\OneDrive\SONEAR_2025\blancherenaudin-monorepo\package.json (directory description file): SyntaxError: C:\Users\thoma\OneDrive\SONEAR_2025\blancherenaudin-monorepo\package.json (directory description file): SyntaxError: C:\Users\thoma\OneDrive\SONEAR_2025\blancherenaudin-monorepo\package.json (directory description file): SyntaxError: C:\Users\thoma\OneDrive\SONEAR_2025\blancherenaudin-monorepo\package.json (directory description file): SyntaxError: C:\Users\thoma\OneDrive\SONEAR_2025\blancherenaudin-monorepo\package.json (directory description file): SyntaxError: C:\Users\thoma\OneDrive\SONEAR_2025\blancherenaudin-monorepo\package.json (directory description file): SyntaxError: C:\Users\thoma\OneDrive\SONEAR_2025\blancherenaudin-monorepo\package.json (directory description file): SyntaxError: C:\Users\thoma\OneDrive\SONEAR_2025\blancherenaudin-monorepo\package.json (directory description file): SyntaxError: C:\Users\thoma\OneDrive\SONEAR_2025\blancherenaudin-monorepo\package.json (directory description file): SyntaxError: C:\Users\thoma\OneDrive\SONEAR_2025\blancherenaudin-monorepo\package.json (directory description file): SyntaxError: C:\Users\thoma\OneDrive\SONEAR_2025\blancherenaudin-monorepo\package.json (directory description file): SyntaxError: C:\Users\thoma\OneDrive\SONEAR_2025\blancherenaudin-monorepo\package.json (directory description file): SyntaxError: C:\Users\thoma\OneDrive\SONEAR_2025\blancherenaudin-monorepo\package.json (directory description file): SyntaxError: C:\Users\thoma\OneDrive\SONEAR_2025\blancherenaudin-monorepo\package.json (directory description file): SyntaxError: C:\Users\thoma\OneDrive\SONEAR_2025\blancherenaudin-monorepo\package.json (directory description file): SyntaxError: C:\Users\thoma\OneDrive\SONEAR_2025\blancherenaudin-monorepo\package.json (directory description file): SyntaxError: C:\Users\thoma\OneDrive\SONEAR_2025\blancherenaudin-monorepo\package.json (directory description file): SyntaxError: C:\Users\thoma\OneDrive\SONEAR_2025\blancherenaudin-monorepo\package.json (directory description file): SyntaxError: C:\Users\thoma\OneDrive\SONEAR_2025\blancherenaudin-monorepo\package.json (directory description file): SyntaxError: C:\Users\thoma\OneDrive\SONEAR_2025\blancherenaudin-monorepo\package.json (directory description file): SyntaxError: C:\Users\thoma\OneDrive\SONEAR_2025\blancherenaudin-monorepo\package.json (directory description file): SyntaxError: C:\Users\thoma\OneDrive\SONEAR_2025\blancherenaudin-monorepo\package.json (directory description file): SyntaxError: C:\Users\thoma\OneDrive\SONEAR_2025\blancherenaudin-monorepo\package.json (directory description file): SyntaxError: C:\Users\thoma\OneDrive\SONEAR_2025\blancherenaudin-monorepo\package.json (directory description file): SyntaxError: C:\Users\thoma\OneDrive\SONEAR_2025\blancherenaudin-monorepo\package.json (directory description file): SyntaxError: C:\Users\thoma\OneDrive\SONEAR_2025\blancherenaudin-monorepo\package.json (directory description file): SyntaxError: C:\Users\thoma\OneDrive\SONEAR_2025\blancherenaudin-monorepo\package.json (directory description file): SyntaxError: C:\Users\thoma\OneDrive\SONEAR_2025\blancherenaudin-monorepo\package.json (directory description file): SyntaxError: C:\Users\thoma\OneDrive\SONEAR_2025\blancherenaudin-monorepo\package.json (directory description file): SyntaxError: C:\Users\thoma\OneDrive\SONEAR_2025\blancherenaudin-monorepo\package.json (directory description file): SyntaxError: C:\Users\thoma\OneDrive\SONEAR_2025\blancherenaudin-monorepo\package.json (directory description file): SyntaxError: C:\Users\thoma\OneDrive\SONEAR_2025\blancherenaudin-monorepo\package.json (directory description file): SyntaxError: C:\Users\thoma\OneDrive\SONEAR_2025\blancherenaudin-monorepo\package.json (directory description file): SyntaxError: C:\Users\thoma\OneDrive\SONEAR_2025\blancherenaudin-monorepo\package.json (directory description file): SyntaxError: C:\Users\thoma\OneDrive\SONEAR_2025\blancherenaudin-monorepo\package.json (directory description file): SyntaxError: C:\Users\thoma\OneDrive\SONEAR_2025\blancherenaudin-monorepo\package.json (directory description file): SyntaxError: C:\Users\thoma\OneDrive\SONEAR_2025\blancherenaudin-monorepo\package.json (directory description file): SyntaxError: C:\Users\thoma\OneDrive\SONEAR_2025\blancherenaudin-monorepo\package.json (directory description file): SyntaxError: C:\Users\thoma\OneDrive\SONEAR_2025\blancherenaudin-monorepo\package.json (directory description file): SyntaxError: C:\Users\thoma\OneDrive\SONEAR_2025\blancherenaudin-monorepo\package.json (directory description file): SyntaxError: C:\Users\thoma\OneDrive\SONEAR_2025\blancherenaudin-monorepo\package.json (directory description file): SyntaxError: C:\Users\thoma\OneDrive\SONEAR_2025\blancherenaudin-monorepo\package.json (directory description file): SyntaxError: C:\Users\thoma\OneDrive\SONEAR_2025\blancherenaudin-monorepo\package.json (directory description file): SyntaxError: C:\Users\thoma\OneDrive\SONEAR_2025\blancherenaudin-monorepo\package.json (directory description file): SyntaxError: C:\Users\thoma\OneDrive\SONEAR_2025\blancherenaudin-monorepo\package.json (directory description file): SyntaxError: C:\Users\thoma\OneDrive\SONEAR_2025\blancherenaudin-monorepo\package.json (directory description file): SyntaxError: C:\Users\thoma\OneDrive\SONEAR_2025\blancherenaudin-monorepo\package.json (directory description file): SyntaxError: C:\Users\thoma\OneDrive\SONEAR_2025\blancherenaudin-monorepo\package.json (directory description file): SyntaxError: C:\Users\thoma\OneDrive\SONEAR_2025\blancherenaudin-monorepo\package.json (directory description file): SyntaxError: C:\Users\thoma\OneDrive\SONEAR_2025\blancherenaudin-monorepo\package.json (directory description file): SyntaxError: C:\Users\thoma\OneDrive\SONEAR_2025\blancherenaudin-monorepo\package.json (directory description file): SyntaxError: C:\Users\thoma\OneDrive\SONEAR_2025\blancherenaudin-monorepo\package.json (directory description file): SyntaxError: C:\Users\thoma\OneDrive\SONEAR_2025\blancherenaudin-monorepo\package.json (directory description file): SyntaxError: C:\Users\thoma\OneDrive\SONEAR_2025\blancherenaudin-monorepo\package.json (directory description file): SyntaxError: C:\Users\thoma\OneDrive\SONEAR_2025\blancherenaudin-monorepo\package.json (directory description file): SyntaxError: C:\Users\thoma\OneDrive\SONEAR_2025\blancherenaudin-monorepo\package.json (directory description file): SyntaxError: C:\Users\thoma\OneDrive\SONEAR_2025\blancherenaudin-monorepo\package.json (directory description file): SyntaxError: C:\Users\thoma\OneDrive\SONEAR_2025\blancherenaudin-monorepo\package.json (directory description file): SyntaxError: C:\Users\thoma\OneDrive\SONEAR_2025\blancherenaudin-monorepo\package.json (directory description file): SyntaxError: C:\Users\thoma\OneDrive\SONEAR_2025\blancherenaudin-monorepo\package.json (directory description file): SyntaxError: C:\Users\thoma\OneDrive\SONEAR_2025\blancherenaudin-monorepo\package.json (directory description file): SyntaxError: C:\Users\thoma\OneDrive\SONEAR_2025\blancherenaudin-monorepo\package.json (directory description file): SyntaxError: C:\Users\thoma\OneDrive\SONEAR_2025\blancherenaudin-monorepo\package.json (directory description file): SyntaxError: C:\Users\thoma\OneDrive\SONEAR_2025\blancherenaudin-monorepo\package.json (directory description file): SyntaxError: C:\Users\thoma\OneDrive\SONEAR_2025\blancherenaudin-monorepo\package.json (directory description file): SyntaxError: C:\Users\thoma\OneDrive\SONEAR_2025\blancherenaudin-monorepo\package.json (directory description file): SyntaxError: C:\Users\thoma\OneDrive\SONEAR_2025\blancherenaudin-monorepo\package.json (directory description file): SyntaxError: C:\Users\thoma\OneDrive\SONEAR_2025\blancherenaudin-monorepo\package.json (directory description file): SyntaxError: C:\Users\thoma\OneDrive\SONEAR_2025\blancherenaudin-monorepo\package.json (directory description file): SyntaxError: C:\Users\thoma\OneDrive\SONEAR_2025\blancherenaudin-monorepo\package.json (directory description file): SyntaxError: C:\Users\thoma\OneDrive\SONEAR_2025\blancherenaudin-monorepo\package.json (directory description file): SyntaxError: C:\Users\thoma\OneDrive\SONEAR_2025\blancherenaudin-monorepo\package.json (directory description file): SyntaxError: C:\Users\thoma\OneDrive\SONEAR_2025\blancherenaudin-monorepo\package.json (directory description file): SyntaxError: C:\Users\thoma\OneDrive\SONEAR_2025\blancherenaudin-monorepo\package.json (directory description file): SyntaxError: C:\Users\thoma\OneDrive\SONEAR_2025\blancherenaudin-monorepo\package.json (directory description file): SyntaxError: C:\Users\thoma\OneDrive\SONEAR_2025\blancherenaudin-monorepo\package.json (directory description file): SyntaxError: C:\Users\thoma\OneDrive\SONEAR_2025\blancherenaudin-monorepo\package.json (directory description file): SyntaxError: C:\Users\thoma\OneDrive\SONEAR_2025\blancherenaudin-monorepo\package.json (directory description file): SyntaxError: C:\Users\thoma\OneDrive\SONEAR_2025\blancherenaudin-monorepo\package.json (directory description file): SyntaxError: C:\Users\thoma\OneDrive\SONEAR_2025\blancherenaudin-monorepo\package.json (directory description file): SyntaxError: C:\Users\thoma\OneDrive\SONEAR_2025\blancherenaudin-monorepo\package.json (directory description file): SyntaxError: C:\Users\thoma\OneDrive\SONEAR_2025\blancherenaudin-monorepo\package.json (directory description file): SyntaxError: C:\Users\thoma\OneDrive\SONEAR_2025\blancherenaudin-monorepo\package.json (directory description file): SyntaxError: C:\Users\thoma\OneDrive\SONEAR_2025\blancherenaudin-monorepo\package.json (directory description file): SyntaxError: C:\Users\thoma\OneDrive\SONEAR_2025\blancherenaudin-monorepo\package.json (directory description file): SyntaxError: C:\Users\thoma\OneDrive\SONEAR_2025\blancherenaudin-monorepo\package.json (directory description file): SyntaxError: C:\Users\thoma\OneDrive\SONEAR_2025\blancherenaudin-monorepo\package.json (directory description file): SyntaxError: C:\Users\thoma\OneDrive\SONEAR_2025\blancherenaudin-monorepo\package.json (directory description file): SyntaxError: C:\Users\thoma\OneDrive\SONEAR_2025\blancherenaudin-monorepo\package.json (directory description file): SyntaxError: C:\Users\thoma\OneDrive\SONEAR_2025\blancherenaudin-monorepo\package.json (directory description file): SyntaxError: C:\Users\thoma\OneDrive\SONEAR_2025\blancherenaudin-monorepo\package.json (directory description file): SyntaxError: C:\Users\thoma\OneDrive\SONEAR_2025\blancherenaudin-monorepo\package.json (directory description file): SyntaxError: C:\Users\thoma\OneDrive\SONEAR_2025\blancherenaudin-monorepo\package.json (directory description file): SyntaxError: C:\Users\thoma\OneDrive\SONEAR_2025\blancherenaudin-monorepo\package.json (directory description file): SyntaxError: C:\Users\thoma\OneDrive\SONEAR_2025\blancherenaudin-monorepo\package.json (directory description file): SyntaxError: C:\Users\thoma\OneDrive\SONEAR_2025\blancherenaudin-monorepo\package.json (directory description file): SyntaxError: C:\Users\thoma\OneDrive\SONEAR_2025\blancherenaudin-monorepo\package.json (directory description file): SyntaxError: C:\Users\thoma\OneDrive\SONEAR_2025\blancherenaudin-monorepo\package.json (directory description file): SyntaxError: C:\Users\thoma\OneDrive\SONEAR_2025\blancherenaudin-monorepo\package.json (directory description file): SyntaxError: C:\Users\thoma\OneDrive\SONEAR_2025\blancherenaudin-monorepo\package.json (directory description file): SyntaxError: C:\Users\thoma\OneDrive\SONEAR_2025\blancherenaudin-monorepo\package.json (directory description file): SyntaxError: C:\Users\thoma\OneDrive\SONEAR_2025\blancherenaudin-monorepo\package.json (directory description file): SyntaxError: C:\Users\thoma\OneDrive\SONEAR_2025\blancherenaudin-monorepo\package.json (directory description file): SyntaxError: C:\Users\thoma\OneDrive\SONEAR_2025\blancherenaudin-monorepo\package.json (directory description file): SyntaxError: C:\Users\thoma\OneDrive\SONEAR_2025\blancherenaudin-monorepo\package.json (directory description file): SyntaxError: C:\Users\thoma\OneDrive\SONEAR_2025\blancherenaudin-monorepo\package.json (directory description file): SyntaxError: C:\Users\thoma\OneDrive\SONEAR_2025\blancherenaudin-monorepo\package.json (directory description file): SyntaxError: C:\Users\thoma\OneDrive\SONEAR_2025\blancherenaudin-monorepo\package.json (directory description file): SyntaxError: C:\Users\thoma\OneDrive\SONEAR_2025\blancherenaudin-monorepo\package.json (directory description file): SyntaxError: C:\Users\thoma\OneDrive\SONEAR_2025\blancherenaudin-monorepo\package.json (directory description file): SyntaxError: C:\Users\thoma\OneDrive\SONEAR_2025\blancherenaudin-monorepo\package.json (directory description file): SyntaxError: C:\Users\thoma\OneDrive\SONEAR_2025\blancherenaudin-monorepo\package.json (directory description file): SyntaxError: C:\Users\thoma\OneDrive\SONEAR_2025\blancherenaudin-monorepo\package.json (directory description file): SyntaxError: C:\Users\thoma\OneDrive\SONEAR_2025\blancherenaudin-monorepo\package.json (directory description file): SyntaxError: C:\Users\thoma\OneDrive\SONEAR_2025\blancherenaudin-monorepo\package.json (directory description file): SyntaxError: C:\Users\thoma\OneDrive\SONEAR_2025\blancherenaudin-monorepo\package.json (directory description file): SyntaxError: C:\Users\thoma\OneDrive\SONEAR_2025\blancherenaudin-monorepo\package.json (directory description file): SyntaxError: C:\Users\thoma\OneDrive\SONEAR_2025\blancherenaudin-monorepo\package.json (directory description file): SyntaxError: C:\Users\thoma\OneDrive\SONEAR_2025\blancherenaudin-monorepo\package.json (directory description file): SyntaxError: C:\Users\thoma\OneDrive\SONEAR_2025\blancherenaudin-monorepo\package.json (directory description file): SyntaxError: C:\Users\thoma\OneDrive\SONEAR_2025\blancherenaudin-monorepo\package.json (directory description file): SyntaxError: C:\Users\thoma\OneDrive\SONEAR_2025\blancherenaudin-monorepo\package.json (directory description file): SyntaxError: C:\Users\thoma\OneDrive\SONEAR_2025\blancherenaudin-monorepo\package.json (directory description file): SyntaxError: C:\Users\thoma\OneDrive\SONEAR_2025\blancherenaudin-monorepo\package.json (directory description file): SyntaxError: C:\Users\thoma\OneDrive\SONEAR_2025\blancherenaudin-monorepo\package.json (directory description file): SyntaxError: C:\Users\thoma\OneDrive\SONEAR_2025\blancherenaudin-monorepo\package.json (directory description file): SyntaxError: C:\Users\thoma\OneDrive\SONEAR_2025\blancherenaudin-monorepo\package.json (directory description file): SyntaxError: C:\Users\thoma\OneDrive\SONEAR_2025\blancherenaudin-monorepo\package.json (directory description file): SyntaxError: C:\Users\thoma\OneDrive\SONEAR_2025\blancherenaudin-monorepo\package.json (directory description file): SyntaxError: C:\Users\thoma\OneDrive\SONEAR_2025\blancherenaudin-monorepo\package.json (directory description file): SyntaxError: C:\Users\thoma\OneDrive\SONEAR_2025\blancherenaudin-monorepo\package.json (directory description file): SyntaxError: C:\Users\thoma\OneDrive\SONEAR_2025\blancherenaudin-monorepo\package.json (directory description file): SyntaxError: C:\Users\thoma\OneDrive\SONEAR_2025\blancherenaudin-monorepo\package.json (directory description file): SyntaxError: C:\Users\thoma\OneDrive\SONEAR_2025\blancherenaudin-monorepo\package.json (directory description file): SyntaxError: C:\Users\thoma\OneDrive\SONEAR_2025\blancherenaudin-monorepo\package.json (directory description file): SyntaxError: C:\Users\thoma\OneDrive\SONEAR_2025\blancherenaudin-monorepo\package.json (directory description file): SyntaxError: C:\Users\thoma\OneDrive\SONEAR_2025\blancherenaudin-monorepo\package.json (directory description file): SyntaxError: C:\Users\thoma\OneDrive\SONEAR_2025\blancherenaudin-monorepo\package.json (directory description file): SyntaxError: C:\Users\thoma\OneDrive\SONEAR_2025\blancherenaudin-monorepo\package.json (directory description file): SyntaxError: C:\Users\thoma\OneDrive\SONEAR_2025\blancherenaudin-monorepo\package.json (directory description file): SyntaxError: C:\Users\thoma\OneDrive\SONEAR_2025\blancherenaudin-monorepo\package.json (directory description file): SyntaxError: C:\Users\thoma\OneDrive\SONEAR_2025\blancherenaudin-monorepo\package.json (directory description file): SyntaxError: C:\Users\thoma\OneDrive\SONEAR_2025\blancherenaudin-monorepo\package.json (directory description file): SyntaxError: C:\Users\thoma\OneDrive\SONEAR_2025\blancherenaudin-monorepo\package.json (directory description file): SyntaxError: C:\Users\thoma\OneDrive\SONEAR_2025\blancherenaudin-monorepo\package.json (directory description file): SyntaxError: C:\Users\thoma\OneDrive\SONEAR_2025\blancherenaudin-monorepo\package.json (directory description file): SyntaxError: C:\Users\thoma\OneDrive\SONEAR_2025\blancherenaudin-monorepo\package.json (directory description file): SyntaxError: C:\Users\thoma\OneDrive\SONEAR_2025\blancherenaudin-monorepo\package.json (directory description file): SyntaxError: C:\Users\thoma\OneDrive\SONEAR_2025\blancherenaudin-monorepo\package.json (directory description file): SyntaxError: C:\Users\thoma\OneDrive\SONEAR_2025\blancherenaudin-monorepo\package.json (directory description file): SyntaxError: C:\Users\thoma\OneDrive\SONEAR_2025\blancherenaudin-monorepo\package.json (directory description file): SyntaxError: C:\Users\thoma\OneDrive\SONEAR_2025\blancherenaudin-monorepo\package.json (directory description file): SyntaxError: C:\Users\thoma\OneDrive\SONEAR_2025\blancherenaudin-monorepo\package.json (directory description file): SyntaxError: C:\Users\thoma\OneDrive\SONEAR_2025\blancherenaudin-monorepo\package.json (directory description file): SyntaxError: C:\Users\thoma\OneDrive\SONEAR_2025\blancherenaudin-monorepo\package.json (directory description file): SyntaxError: C:\Users\thoma\OneDrive\SONEAR_2025\blancherenaudin-monorepo\package.json (directory description file): SyntaxError: C:\Users\thoma\OneDrive\SONEAR_2025\blancherenaudin-monorepo\package.json (directory description file): SyntaxError: C:\Users\thoma\OneDrive\SONEAR_2025\blancherenaudin-monorepo\package.json (directory description file): SyntaxError: C:\Users\thoma\OneDrive\SONEAR_2025\blancherenaudin-monorepo\package.json (directory description file): SyntaxError: C:\Users\thoma\OneDrive\SONEAR_2025\blancherenaudin-monorepo\package.json (directory description file): SyntaxError: C:\Users\thoma\OneDrive\SONEAR_2025\blancherenaudin-monorepo\package.json (directory description file): SyntaxError: C:\Users\thoma\OneDrive\SONEAR_2025\blancherenaudin-monorepo\package.json (directory description file): SyntaxError: C:\Users\thoma\OneDrive\SONEAR_2025\blancherenaudin-monorepo\package.json (directory description file): SyntaxError: C:\Users\thoma\OneDrive\SONEAR_2025\blancherenaudin-monorepo\package.json (directory description file): SyntaxError: C:\Users\thoma\OneDrive\SONEAR_2025\blancherenaudin-monorepo\package.json (directory description file): SyntaxError: C:\Users\thoma\OneDrive\SONEAR_2025\blancherenaudin-monorepo\package.json (directory description file): SyntaxError: C:\Users\thoma\OneDrive\SONEAR_2025\blancherenaudin-monorepo\package.json (directory description file): SyntaxError: C:\Users\thoma\OneDrive\SONEAR_2025\blancherenaudin-monorepo\package.json (directory description file): SyntaxError: C:\Users\thoma\OneDrive\SONEAR_2025\blancherenaudin-monorepo\package.json (directory description file): SyntaxError: C:\Users\thoma\OneDrive\SONEAR_2025\blancherenaudin-monorepo\package.json (directory description file): SyntaxError: C:\Users\thoma\OneDrive\SONEAR_2025\blancherenaudin-monorepo\package.json (directory description file): SyntaxError: C:\Users\thoma\OneDrive\SONEAR_2025\blancherenaudin-monorepo\package.json (directory description file): SyntaxError: C:\Users\thoma\OneDrive\SONEAR_2025\blancherenaudin-monorepo\package.json (directory description file): SyntaxError: C:\Users\thoma\OneDrive\SONEAR_2025\blancherenaudin-monorepo\package.json (directory description file): SyntaxError: C:\Users\thoma\OneDrive\SONEAR_2025\blancherenaudin-monorepo\package.json (directory description file): SyntaxError: C:\Users\thoma\OneDrive\SONEAR_2025\blancherenaudin-monorepo\package.json (directory description file): SyntaxError: C:\Users\thoma\OneDrive\SONEAR_2025\blancherenaudin-monorepo\package.json (directory description file): SyntaxError: C:\Users\thoma\OneDrive\SONEAR_2025\blancherenaudin-monorepo\package.json (directory description file): SyntaxError: C:\Users\thoma\OneDrive\SONEAR_2025\blancherenaudin-monorepo\package.json (directory description file): SyntaxError: C:\Users\thoma\OneDrive\SONEAR_2025\blancherenaudin-monorepo\package.json (directory description file): SyntaxError: C:\Users\thoma\OneDrive\SONEAR_2025\blancherenaudin-monorepo\package.json (directory description file): SyntaxError: C:\Users\thoma\OneDrive\SONEAR_2025\blancherenaudin-monorepo\package.json (directory description file): SyntaxError: C:\Users\thoma\OneDrive\SONEAR_2025\blancherenaudin-monorepo\package.json (directory description file): SyntaxError: C:\Users\thoma\OneDrive\SONEAR_2025\blancherenaudin-monorepo\package.json (directory description file): SyntaxError: C:\Users\thoma\OneDrive\SONEAR_2025\blancherenaudin-monorepo\package.json (directory description file): SyntaxError: C:\Users\thoma\OneDrive\SONEAR_2025\blancherenaudin-monorepo\package.json (directory description file): SyntaxError: C:\Users\thoma\OneDrive\SONEAR_2025\blancherenaudin-monorepo\package.json (directory description file): SyntaxError: C:\Users\thoma\OneDrive\SONEAR_2025\blancherenaudin-monorepo\package.json (directory description file): SyntaxError: C:\Users\thoma\OneDrive\SONEAR_2025\blancherenaudin-monorepo\package.json (directory description file): SyntaxError: C:\Users\thoma\OneDrive\SONEAR_2025\blancherenaudin-monorepo\package.json (directory description file): SyntaxError: C:\Users\thoma\OneDrive\SONEAR_2025\blancherenaudin-monorepo\package.json (directory description file): SyntaxError: C:\Users\thoma\OneDrive\SONEAR_2025\blancherenaudin-monorepo\package.json (directory description file): SyntaxError: C:\Users\thoma\OneDrive\SONEAR_2025\blancherenaudin-monorepo\package.json (directory description file): SyntaxError: C:\Users\thoma\OneDrive\SONEAR_2025\blancherenaudin-monorepo\package.json (directory description file): SyntaxError: C:\Users\thoma\OneDrive\SONEAR_2025\blancherenaudin-monorepo\package.json (directory description file): SyntaxError: C:\Users\thoma\OneDrive\SONEAR_2025\blancherenaudin-monorepo\package.json (directory description file): SyntaxError: C:\Users\thoma\OneDrive\SONEAR_2025\blancherenaudin-monorepo\package.json (directory description file): SyntaxError: C:\Users\thoma\OneDrive\SONEAR_2025\blancherenaudin-monorepo\package.json (directory description file): SyntaxError: C:\Users\thoma\OneDrive\SONEAR_2025\blancherenaudin-monorepo\package.json (directory description file): SyntaxError: C:\Users\thoma\OneDrive\SONEAR_2025\blancherenaudin-monorepo\package.json (directory description file): SyntaxError: C:\Users\thoma\OneDrive\SONEAR_2025\blancherenaudin-monorepo\package.json (directory description file): SyntaxError: C:\Users\thoma\OneDrive\SONEAR_2025\blancherenaudin-monorepo\package.json (directory description file): SyntaxError: C:\Users\thoma\OneDrive\SONEAR_2025\blancherenaudin-monorepo\package.json (directory description file): SyntaxError: C:\Users\thoma\OneDrive\SONEAR_2025\blancherenaudin-monorepo\package.json (directory description file): SyntaxError: Unexpected token '´╗┐', "´╗┐{
storefront:build:     "n"... is not valid JSON
storefront:build: Did you mean './d3-shape'?
storefront:build: Requests that should resolve in the current directory need to start with './'.
storefront:build: Requests that start with a name are treated as module requests and resolve within module directories (node_modules, C:\Users\thoma\OneDrive\SONEAR_2025\blancherenaudin-monorepo\node_modules\.pnpm\next@15.5.6_@babel+core@7.28.4_@playwright+test@1.56.1_react-dom@19.2.0_react@19.2.0\node_modules\next\dist\bin\node_modules, C:\Users\thoma\OneDrive\SONEAR_2025\blancherenaudin-monorepo\node_modules\.pnpm\next@15.5.6_@babel+core@7.28.4_@playwright+test@1.56.1_react-dom@19.2.0_react@19.2.0\node_modules\next\dist\node_modules, C:\Users\thoma\OneDrive\SONEAR_2025\blancherenaudin-monorepo\node_modules\.pnpm\next@15.5.6_@babel+core@7.28.4_@playwright+test@1.56.1_react-dom@19.2.0_react@19.2.0\node_modules\next\node_modules, C:\Users\thoma\OneDrive\SONEAR_2025\blancherenaudin-monorepo\node_modules\.pnpm\next@15.5.6_@babel+core@7.28.4_@playwright+test@1.56.1_react-dom@19.2.0_react@19.2.0\node_modules, C:\Users\thoma\OneDrive\SONEAR_2025\blancherenaudin-monorepo\node_modules\.pnpm\node_modules, C:\Users\thoma\OneDrive\SONEAR_2025\blancherenaudin-monorepo\apps\storefront).
storefront:build: If changing the source code is not an option there is also a resolve options called 'preferRelative' which tries to resolve these kind of requests in the current directory too.
storefront:build: Did you mean './d3-scale'?
storefront:build: Requests that should resolve in the current directory need to start with './'.
storefront:build: Requests that start with a name are treated as module requests and resolve within module directories (node_modules, C:\Users\thoma\OneDrive\SONEAR_2025\blancherenaudin-monorepo\node_modules\.pnpm\next@15.5.6_@babel+core@7.28.4_@playwright+test@1.56.1_react-dom@19.2.0_react@19.2.0\node_modules\next\dist\bin\node_modules, C:\Users\thoma\OneDrive\SONEAR_2025\blancherenaudin-monorepo\node_modules\.pnpm\next@15.5.6_@babel+core@7.28.4_@playwright+test@1.56.1_react-dom@19.2.0_react@19.2.0\node_modules\next\dist\node_modules, C:\Users\thoma\OneDrive\SONEAR_2025\blancherenaudin-monorepo\node_modules\.pnpm\next@15.5.6_@babel+core@7.28.4_@playwright+test@1.56.1_react-dom@19.2.0_react@19.2.0\node_modules\next\node_modules, C:\Users\thoma\OneDrive\SONEAR_2025\blancherenaudin-monorepo\node_modules\.pnpm\next@15.5.6_@babel+core@7.28.4_@playwright+test@1.56.1_react-dom@19.2.0_react@19.2.0\node_modules, C:\Users\thoma\OneDrive\SONEAR_2025\blancherenaudin-monorepo\node_modules\.pnpm\node_modules, C:\Users\thoma\OneDrive\SONEAR_2025\blancherenaudin-monorepo\apps\storefront).
storefront:build: If changing the source code is not an option there is also a resolve options called 'preferRelative' which tries to resolve these kind of requests in the current directory too.
storefront:build: 
storefront:build: https://nextjs.org/docs/messages/module-not-found
storefront:build: 
storefront:build: 
storefront:build: > Build failed because of webpack errors
storefront:build: ÔÇëELIFECYCLEÔÇë Command failed with exit code 1.
storefront:build: ERROR: command finished with error: command (C:\Users\thoma\OneDrive\SONEAR_2025\blancherenaudin-monorepo\apps\storefront) C:\Users\thoma\AppData\Local\pnpm\.tools\pnpm\8.15.0\bin\pnpm.CMD run build exited (1)
storefront#build: command (C:\Users\thoma\OneDrive\SONEAR_2025\blancherenaudin-monorepo\apps\storefront) C:\Users\thoma\AppData\Local\pnpm\.tools\pnpm\8.15.0\bin\pnpm.CMD run build exited (1)

 Tasks:    1 successful, 2 total
Cached:    1 cached, 2 total
  Time:    14.242s 
Failed:    storefront#build

 ERROR  run failed: command  exited (1)
ÔÇëELIFECYCLEÔÇë Command failed with exit code 1.
